 PhysX3CookingDEBUG_x64

 Timestamp is 5b1d8747 (Sun Jun 10 16:17:11 2018)

 Preferred load address is 0000000180000000

 Start         Length     Name                   Class
 0001:00000000 000059a0H .text$di                CODE
 0001:000059a0 0006b490H .text$mn                CODE
 0001:00070e30 00001110H .text$mn$00             CODE
 0001:00071f40 0000112dH .text$x                 CODE
 0002:00000000 00000110H .CRT$XCA                DATA
 0002:00000110 00000320H .CRT$XCU                DATA
 0002:00000430 00000110H .CRT$XCZ                DATA
 0002:00000540 00000110H .CRT$XIA                DATA
 0002:00000650 00000110H .CRT$XIZ                DATA
 0002:00000760 00000110H .CRT$XPA                DATA
 0002:00000870 00000110H .CRT$XPZ                DATA
 0002:00000980 00000110H .CRT$XTA                DATA
 0002:00000a90 00000110H .CRT$XTZ                DATA
 0002:00000ba0 00005918H .rdata                  DATA
 0002:000064b8 00000188H .rdata$r                DATA
 0002:00006640 000001a8H .rdata$zzzdbg           DATA
 0002:000067e8 00000110H .rtc$IAA                DATA
 0002:000068f8 00000250H .rtc$IMZ                DATA
 0002:00006b48 00000110H .rtc$IZZ                DATA
 0002:00006c58 00000110H .rtc$TAA                DATA
 0002:00006d68 00000250H .rtc$TMZ                DATA
 0002:00006fb8 00000110H .rtc$TZZ                DATA
 0002:000070c8 00002c28H .xdata                  DATA
 0002:00009cf0 000001a0H .edata                  DATA
 0003:00000000 00000180H .data                   DATA
 0003:00000180 00000570H .data$r                 DATA
 0003:000006f0 00000d09H .bss                    DATA
 0004:00000000 00003a38H .pdata                  DATA
 0005:00000000 000003b0H .idata$5                DATA
 0005:000003b0 0000003cH .idata$2                DATA
 0005:000003ec 00000014H .idata$3                DATA
 0005:00000400 000003b0H .idata$4                DATA
 0005:000007b0 000006c2H .idata$6                DATA
 0006:00000000 00000040H .didat$2                DATA
 0006:00000040 00000020H .didat$3                DATA
 0006:00000060 000002a0H .didat$4                DATA
 0006:00000300 000002a0H .didat$5                DATA
 0006:000005a0 00000c40H .didat$6                DATA
 0006:000011e0 000002dbH .didat$7                DATA
 0007:00000000 0000013fH .00cfg                  DATA
 0008:00000000 000001c0H .rsrc$01                DATA
 0008:000001c0 000006a9H .rsrc$02                DATA

  Address         Publics by Value              Rva+Base               Lib:Object

 0000:00000000       ___safe_se_handler_count   0000000000000000     <absolute>
 0000:00000000       __guard_fids_count         0000000000000000     <absolute>
 0000:00000000       __enclave_config           0000000000000000     <absolute>
 0000:00000000       __guard_iat_count          0000000000000000     <absolute>
 0000:00000000       __guard_longjmp_count      0000000000000000     <absolute>
 0000:00000000       __guard_longjmp_table      0000000000000000     <absolute>
 0000:00000000       __hybrid_auxiliary_iat     0000000000000000     <absolute>
 0000:00000000       __guard_iat_table          0000000000000000     <absolute>
 0000:00000000       __guard_fids_table         0000000000000000     <absolute>
 0000:00000000       __dynamic_value_reloc_table 0000000000000000     <absolute>
 0000:00000000       ___safe_se_handler_table   0000000000000000     <absolute>
 0000:00000000       __hybrid_code_map_count    0000000000000000     <absolute>
 0000:00000000       __hybrid_code_map          0000000000000000     <absolute>
 0000:00000100       __guard_flags              0000000000000100     <absolute>
 0000:00000000       __ImageBase                0000000180000000     <linker-defined>
 0001:000059a0       PxSetPhysXCookingDelayLoadHook 00000001800069a0 f   WindowsCookingDelayLoadHook.obj
 0001:000059c0       ?delayHook@@YAP6A_JXZIPEAUDelayLoadInfo@@@Z 00000001800069c0 f   WindowsCookingDelayLoadHook.obj
 0001:00005a70       ?foundationDliNotePreLoadLibrary@shdfnd@physx@@YAP6A_JXZPEBDPEBVPxFoundationDelayLoadHook@2@@Z 0000000180006a70 f i WindowsCookingDelayLoadHook.obj
 0001:00005bb0       ?loadLibrary@Cm@physx@@YAPEAUHINSTANCE__@@PEBD@Z 0000000180006bb0 f i WindowsCookingDelayLoadHook.obj
 0001:00005bd0       ?physXCommonDliNotePreLoadLibrary@Cm@physx@@YAP6A_JXZPEBDPEBVPxDelayLoadHook@2@@Z 0000000180006bd0 f i WindowsCookingDelayLoadHook.obj
 0001:00005e40       ?saveHeightField@physx@@YA_NAEBVHeightField@Gu@1@AEAVPxOutputStream@1@_N@Z 0000000180006e40 f   HeightFieldCooking.obj
 0001:00006300       ??APxVec3@physx@@QEBAAEBMI@Z 0000000180007300 f i HeightFieldCooking.obj
 0001:00006390       ??B?$PxFlags@W4Enum@PxHeightFieldFlag@physx@@G@physx@@QEBAGXZ 0000000180007390 f i HeightFieldCooking.obj
 0001:000063b0       ?__empty_global_delete@@YAXPEAX@Z 00000001800073b0 f i HeightFieldCooking.obj
 0001:000063c0       ?__global_delete@@YAXPEAX_K@Z 00000001800073c0 f i HeightFieldCooking.obj
 0001:000063c0       ?__empty_global_delete@@YAXPEAX_K@Z 00000001800073c0 f i HeightFieldCooking.obj
 0001:000063c0       ?__global_array_delete@@YAXPEAX_K@Z 00000001800073c0 f i HeightFieldCooking.obj
 0001:000063d0       ?getData@HeightField@Gu@physx@@QEBAAEBUHeightFieldData@23@XZ 00000001800073d0 f i HeightFieldCooking.obj
 0001:000063f0       ?getMax@CenterExtents@Gu@physx@@QEBAMI@Z 00000001800073f0 f i HeightFieldCooking.obj
 0001:00006450       ?getMin@CenterExtents@Gu@physx@@QEBAMI@Z 0000000180007450 f i HeightFieldCooking.obj
 0001:000064b0       ?buildFromTriangles@RTreeCooker@physx@@SAXAEAURTree@Gu@2@PEBVPxVec3@2@IPEBGPEBIIAEAV?$Array@IVNamedAllocator@shdfnd@physx@@@shdfnd@2@PEAURemapCallback@12@MW4Enum@PxMeshCookingHint@2@@Z 00000001800074b0 f   RTreeCooking.obj
 0001:00008310       ??$PX_UNUSED@I@@YAXAEBI@Z  0000000180009310 f i RTreeCooking.obj
 0001:00008320       ??$PX_UNUSED@M@@YAXAEBM@Z  0000000180009320 f i RTreeCooking.obj
 0001:00008330       ??$PX_UNUSED@PEAURTreeNodeNQ@physx@@@@YAXAEBQEAURTreeNodeNQ@physx@@@Z 0000000180009330 f i RTreeCooking.obj
 0001:00008340       ??$PX_UNUSED@URTreeNodeNQ@physx@@@@YAXAEBURTreeNodeNQ@physx@@@Z 0000000180009340 f i RTreeCooking.obj
 0001:00008350       ??$PxMax@H@physx@@YAHHH@Z  0000000180009350 f i RTreeCooking.obj
 0001:00008390       ??$PxMax@I@physx@@YAIII@Z  0000000180009390 f i RTreeCooking.obj
 0001:000083d0       ??$PxMax@M@physx@@YAMMM@Z  00000001800093d0 f i RTreeCooking.obj
 0001:00008400       ??$PxMin@I@physx@@YAIII@Z  0000000180009400 f i RTreeCooking.obj
 0001:00008440       ??$PxMin@M@physx@@YAMMM@Z  0000000180009440 f i RTreeCooking.obj
 0001:00008470       ??$median3@I$$CBU?$Less@I@shdfnd@physx@@@internal@shdfnd@physx@@YAXPEAIHHAEBU?$Less@I@12@@Z 0000000180009470 f i RTreeCooking.obj
 0001:00008630       ??$median3@I$$CBUSortBoundsPredicate@physx@@@internal@shdfnd@physx@@YAXPEAIHHAEBUSortBoundsPredicate@2@@Z 0000000180009630 f i RTreeCooking.obj
 0001:000087f0       ??$partition@I$$CBU?$Less@I@shdfnd@physx@@@internal@shdfnd@physx@@YAHPEAIHHAEBU?$Less@I@12@@Z 00000001800097f0 f i RTreeCooking.obj
 0001:00008a60       ??$partition@I$$CBUSortBoundsPredicate@physx@@@internal@shdfnd@physx@@YAHPEAIHHAEBUSortBoundsPredicate@2@@Z 0000000180009a60 f i RTreeCooking.obj
 0001:00008cd0       ??$partition@UBoundsLTE@physx@@@quickSelect@physx@@YAIPEIAIIIIAEBUBoundsLTE@1@@Z 0000000180009cd0 f i RTreeCooking.obj
 0001:000090f0       ??$quickSelectFirstK@UBoundsLTE@physx@@@quickSelect@physx@@YAXPEIAIIIIAEBUBoundsLTE@1@@Z 000000018000a0f0 f i RTreeCooking.obj
 0001:000092a0       ??$smallSort@I$$CBU?$Less@I@shdfnd@physx@@@internal@shdfnd@physx@@YAXPEAIHHAEBU?$Less@I@12@@Z 000000018000a2a0 f i RTreeCooking.obj
 0001:000093b0       ??$smallSort@I$$CBUSortBoundsPredicate@physx@@@internal@shdfnd@physx@@YAXPEAIHHAEBUSortBoundsPredicate@2@@Z 000000018000a3b0 f i RTreeCooking.obj
 0001:000094c0       ??$sort@I@shdfnd@physx@@YAXPEAII@Z 000000018000a4c0 f i RTreeCooking.obj
 0001:00009520       ??$sort@IU?$Less@I@shdfnd@physx@@VNamedAllocator@23@@shdfnd@physx@@YAXPEAIIAEBU?$Less@I@01@AEBVNamedAllocator@01@I@Z 000000018000a520 f i RTreeCooking.obj
 0001:000098d0       ??$sort@IUSortBoundsPredicate@physx@@@shdfnd@physx@@YAXPEAIIAEBUSortBoundsPredicate@1@@Z 000000018000a8d0 f i RTreeCooking.obj
 0001:00009930       ??$sort@IUSortBoundsPredicate@physx@@VNamedAllocator@shdfnd@2@@shdfnd@physx@@YAXPEAIIAEBUSortBoundsPredicate@1@AEBVNamedAllocator@01@I@Z 000000018000a930 f i RTreeCooking.obj
 0001:00009ce0       ??$swap@I@shdfnd@physx@@YAXAEAI0@Z 000000018000ace0 f i RTreeCooking.obj
 0001:00009d30       ??0?$AlignedAllocator@$0IA@VNonTrackingAllocator@shdfnd@physx@@@shdfnd@physx@@QEAA@AEBVNonTrackingAllocator@12@@Z 000000018000ad30 f i RTreeCooking.obj
 0001:00009d50       ??0?$Array@IVNamedAllocator@shdfnd@physx@@@shdfnd@physx@@QEAA@IAEBIAEBVNamedAllocator@12@@Z 000000018000ad50 f i RTreeCooking.obj
 0001:00009de0       ??0?$Array@UInterval@physx@@V?$InlineAllocator@$0CA@VNamedAllocator@shdfnd@physx@@@shdfnd@2@@shdfnd@physx@@QEAA@AEBV?$InlineAllocator@$0CA@VNamedAllocator@shdfnd@physx@@@12@@Z 000000018000ade0 f i RTreeCooking.obj
 0001:00009e40       ??0?$Array@UPxBounds3V@physx@@VNamedAllocator@shdfnd@2@@shdfnd@physx@@QEAA@AEBVNamedAllocator@12@@Z 000000018000ae40 f i RTreeCooking.obj
 0001:00009ea0       ??0?$Array@URTreeNodeNQ@physx@@VNamedAllocator@shdfnd@2@@shdfnd@physx@@QEAA@AEBVNamedAllocator@12@@Z 000000018000aea0 f i RTreeCooking.obj
 0001:00009f00       ??0?$Array@URTreeNodeQ@Gu@physx@@VNamedAllocator@shdfnd@3@@shdfnd@physx@@QEAA@AEBVNamedAllocator@12@@Z 000000018000af00 f i RTreeCooking.obj
 0001:00009f60       ??0?$Array@VPxVec3@physx@@VNamedAllocator@shdfnd@2@@shdfnd@physx@@QEAA@AEBVNamedAllocator@12@@Z 000000018000af60 f i RTreeCooking.obj
 0001:00009fc0       ??0?$InlineAllocator@$0CA@VNamedAllocator@shdfnd@physx@@@shdfnd@physx@@QEAA@AEBV012@@Z 000000018000afc0 f i RTreeCooking.obj
 0001:0000a000       ??0?$InlineAllocator@$0CA@VNamedAllocator@shdfnd@physx@@@shdfnd@physx@@QEAA@AEBVNamedAllocator@12@@Z 000000018000b000 f i RTreeCooking.obj
 0001:0000a040       ??0?$InlineArray@UInterval@physx@@$03VNamedAllocator@shdfnd@2@@shdfnd@physx@@QEAA@AEBVNamedAllocator@12@@Z 000000018000b040 f i RTreeCooking.obj
 0001:0000a0c0       ??0?$ScopedPointer@HVTempAllocator@shdfnd@physx@@@shdfnd@physx@@QEAA@XZ 000000018000b0c0 f i RTreeCooking.obj
 0001:0000a0f0       ??0?$Stack@VNamedAllocator@shdfnd@physx@@@internal@shdfnd@physx@@QEAA@PEAHIAEBVNamedAllocator@23@@Z 000000018000b0f0 f i RTreeCooking.obj
 0001:0000a170       ??0BoundsLTE@physx@@QEAA@IPEBVPxVec3@1@@Z 000000018000b170 f i RTreeCooking.obj
 0001:0000a1b0       ??0Interval@physx@@QEAA@II@Z 000000018000b1b0 f i RTreeCooking.obj
 0001:0000a1f0       ??0NonTrackingAllocator@shdfnd@physx@@QEAA@PEBD@Z 000000018000b1f0 f i RTreeCooking.obj
 0001:0000a210       ??0PxBounds3@physx@@QEAA@AEBV01@@Z 000000018000b210 f i RTreeCooking.obj
 0001:0000a270       ??0PxBounds3@physx@@QEAA@AEBVPxVec3@1@0@Z 000000018000b270 f i RTreeCooking.obj
 0001:0000a2d0       ??0PxBounds3V@physx@@QEAA@AEAT__m128@@0@Z 000000018000b2d0 f i RTreeCooking.obj
 0001:0000a320       ??0PxBounds3V@physx@@QEAA@UU@01@@Z 000000018000b320 f i RTreeCooking.obj
 0001:0000a340       ??0PxVec3@physx@@QEAA@AEBV01@@Z 000000018000b340 f i RTreeCooking.obj
 0001:0000a3a0       ??0PxVec3@physx@@QEAA@M@Z  000000018000b3a0 f i RTreeCooking.obj
 0001:0000a3f0       ??0PxVec3@physx@@QEAA@MMM@Z 000000018000b3f0 f i RTreeCooking.obj
 0001:0000a450       ??0PxVec3@physx@@QEAA@XZ   000000018000b450 f i RTreeCooking.obj
 0001:0000a460       ??0PxVec4@physx@@QEAA@AEBVPxVec3@1@M@Z 000000018000b460 f i RTreeCooking.obj
 0001:0000a4e0       ??0PxVec4@physx@@QEAA@M@Z  000000018000b4e0 f i RTreeCooking.obj
 0001:0000a550       ??0PxVec4@physx@@QEAA@MMMM@Z 000000018000b550 f i RTreeCooking.obj
 0001:0000a5d0       ??0RTreeNodeNQ@physx@@QEAA@AEBU01@@Z 000000018000b5d0 f i RTreeCooking.obj
 0001:0000a630       ??0RTreeNodeNQ@physx@@QEAA@XZ 000000018000b630 f i RTreeCooking.obj
 0001:0000a680       ??0SortBoundsPredicate@physx@@QEAA@IPEBUPxBounds3V@1@@Z 000000018000b680 f i RTreeCooking.obj
 0001:0000a6c0       ??0SubSortQuick@physx@@QEAA@PEAIPEBUPxBounds3V@1@IM@Z 000000018000b6c0 f i RTreeCooking.obj
 0001:0000a890       ??0SubSortSAH@physx@@QEAA@PEAIPEBUPxBounds3V@1@IPEBI22222M@Z 000000018000b890 f i RTreeCooking.obj
 0001:0000ab50       ??0TempAllocator@shdfnd@physx@@QEAA@PEBD@Z 000000018000bb50 f i RTreeCooking.obj
 0001:0000ab70       ??1?$Array@IVNamedAllocator@shdfnd@physx@@@shdfnd@physx@@QEAA@XZ 000000018000bb70 f i RTreeCooking.obj
 0001:0000ac00       ??1?$Array@UInterval@physx@@V?$InlineAllocator@$0CA@VNamedAllocator@shdfnd@physx@@@shdfnd@2@@shdfnd@physx@@QEAA@XZ 000000018000bc00 f i RTreeCooking.obj
 0001:0000ac90       ??1?$Array@UPxBounds3V@physx@@VNamedAllocator@shdfnd@2@@shdfnd@physx@@QEAA@XZ 000000018000bc90 f i RTreeCooking.obj
 0001:0000ad20       ??1?$Array@URTreeNodeNQ@physx@@VNamedAllocator@shdfnd@2@@shdfnd@physx@@QEAA@XZ 000000018000bd20 f i RTreeCooking.obj
 0001:0000adb0       ??1?$Array@URTreeNodeQ@Gu@physx@@VNamedAllocator@shdfnd@3@@shdfnd@physx@@QEAA@XZ 000000018000bdb0 f i RTreeCooking.obj
 0001:0000ae40       ??1?$Array@VPxVec3@physx@@VNamedAllocator@shdfnd@2@@shdfnd@physx@@QEAA@XZ 000000018000be40 f i RTreeCooking.obj
 0001:0000aed0       ??1?$InlineAllocator@$0CA@VNamedAllocator@shdfnd@physx@@@shdfnd@physx@@QEAA@XZ 000000018000bed0 f i RTreeCooking.obj
 0001:0000aef0       ??1?$InlineArray@UInterval@physx@@$03VNamedAllocator@shdfnd@2@@shdfnd@physx@@QEAA@XZ 000000018000bef0 f i RTreeCooking.obj
 0001:0000af10       ??1?$ScopedPointer@HVTempAllocator@shdfnd@physx@@@shdfnd@physx@@QEAA@XZ 000000018000bf10 f i RTreeCooking.obj
 0001:0000af50       ??1?$Stack@VNamedAllocator@shdfnd@physx@@@internal@shdfnd@physx@@QEAA@XZ 000000018000bf50 f i RTreeCooking.obj
 0001:0000afa0       ??1SubSortQuick@physx@@QEAA@XZ 000000018000bfa0 f i RTreeCooking.obj
 0001:0000afd0       ??1SubSortSAH@physx@@QEAA@XZ 000000018000bfd0 f i RTreeCooking.obj
 0001:0000b0c0       ??2@YAPEAX_KPEAX@Z         000000018000c0c0 f i RTreeCooking.obj
 0001:0000b0e0       ??4PxVec3@physx@@QEAAAEAV01@AEBV01@@Z 000000018000c0e0 f i RTreeCooking.obj
 0001:0000b140       ??4PxVec4@physx@@QEAAAEAV01@AEBV01@@Z 000000018000c140 f i RTreeCooking.obj
 0001:0000b1c0       ??A?$Array@IVNamedAllocator@shdfnd@physx@@@shdfnd@physx@@QEAAAEAII@Z 000000018000c1c0 f i RTreeCooking.obj
 0001:0000b260       ??A?$Array@UInterval@physx@@V?$InlineAllocator@$0CA@VNamedAllocator@shdfnd@physx@@@shdfnd@2@@shdfnd@physx@@QEAAAEAUInterval@2@I@Z 000000018000c260 f i RTreeCooking.obj
 0001:0000b300       ??A?$Array@URTreeNodeNQ@physx@@VNamedAllocator@shdfnd@2@@shdfnd@physx@@QEAAAEAURTreeNodeNQ@2@I@Z 000000018000c300 f i RTreeCooking.obj
 0001:0000b3a0       ??A?$Array@URTreeNodeQ@Gu@physx@@VNamedAllocator@shdfnd@3@@shdfnd@physx@@QEAAAEAURTreeNodeQ@Gu@2@I@Z 000000018000c3a0 f i RTreeCooking.obj
 0001:0000b440       ??B?$ScopedPointer@HVTempAllocator@shdfnd@physx@@@shdfnd@physx@@QEBAPEAHXZ 000000018000c440 f i RTreeCooking.obj
 0001:0000b460       ??GPxVec4@physx@@QEBA?AV01@AEBV01@@Z 000000018000c460 f i RTreeCooking.obj
 0001:0000b510       ??HPxVec3@physx@@QEBA?AV01@AEBV01@@Z 000000018000c510 f i RTreeCooking.obj
 0001:0000b5b0       ??KPxVec4@physx@@QEBA?AV01@M@Z 000000018000c5b0 f i RTreeCooking.obj
 0001:0000b670       ??R?$Less@I@shdfnd@physx@@QEBA_NAEBI0@Z 000000018000c670 f i RTreeCooking.obj
 0001:0000b6c0       ??RBoundsLTE@physx@@QEBA_NAEBI0@Z 000000018000c6c0 f i RTreeCooking.obj
 0001:0000b780       ??RSortBoundsPredicate@physx@@QEBA_NAEBI0@Z 000000018000c780 f i RTreeCooking.obj
 0001:0000b900       ??_H@YAXPEAX_K1P6APEAX0@Z@Z 000000018000c900 f i RTreeCooking.obj
 0001:0000b9a0       ?FLoad@aos@shdfnd@physx@@YA?AT__m128@@M@Z 000000018000c9a0 f i RTreeCooking.obj
 0001:0000b9d0       ?FMax@aos@shdfnd@physx@@YA?AT__m128@@XZ 000000018000c9d0 f i RTreeCooking.obj
 0001:0000ba00       ?FNegMax@aos@shdfnd@physx@@YA?AT__m128@@XZ 000000018000ca00 f i RTreeCooking.obj
 0001:0000ba30       ?FStore@aos@shdfnd@physx@@YAXT__m128@@PEIAM@Z 000000018000ca30 f i RTreeCooking.obj
 0001:0000bae0       ?PxAbs@physx@@YAHH@Z       000000018000cae0 f i RTreeCooking.obj
 0001:0000bb00       ?PxAbs@physx@@YAMM@Z       000000018000cb00 f i RTreeCooking.obj
 0001:0000bb20       ?PxIsFinite@physx@@YA_NM@Z 000000018000cb20 f i RTreeCooking.obj
 0001:0000bb40       ?PxMemCopy@physx@@YAPEAXPEAXPEBXI@Z 000000018000cb40 f i RTreeCooking.obj
 0001:0000bb80       ?V3Add@aos@shdfnd@physx@@YA?AT__m128@@T4@0@Z 000000018000cb80 f i RTreeCooking.obj
 0001:0000bcd0       ?V3Dot@aos@shdfnd@physx@@YA?AT__m128@@T4@0@Z 000000018000ccd0 f i RTreeCooking.obj
 0001:0000bee0       ?V3Load@aos@shdfnd@physx@@YA?AT__m128@@M@Z 000000018000cee0 f i RTreeCooking.obj
 0001:0000bf30       ?V3LoadU@aos@shdfnd@physx@@YA?AT__m128@@AEBVPxVec3@3@@Z 000000018000cf30 f i RTreeCooking.obj
 0001:0000bf90       ?V3Max@aos@shdfnd@physx@@YA?AT__m128@@T4@0@Z 000000018000cf90 f i RTreeCooking.obj
 0001:0000c0e0       ?V3Min@aos@shdfnd@physx@@YA?AT__m128@@T4@0@Z 000000018000d0e0 f i RTreeCooking.obj
 0001:0000c230       ?V3PermZXY@aos@shdfnd@physx@@YA?AT__m128@@T4@@Z 000000018000d230 f i RTreeCooking.obj
 0001:0000c2f0       ?V3ReadXYZ@aos@shdfnd@physx@@YAAEBVPxVec3@3@AEBT__m128@@@Z 000000018000d2f0 f i RTreeCooking.obj
 0001:0000c300       ?V3Splat@aos@shdfnd@physx@@YA?AT__m128@@T4@@Z 000000018000d300 f i RTreeCooking.obj
 0001:0000c410       ?V3StoreA@aos@shdfnd@physx@@YAXT__m128@@AEAVPxVec3@3@@Z 000000018000d410 f i RTreeCooking.obj
 0001:0000c500       ?V3StoreU@aos@shdfnd@physx@@YAXT__m128@@AEAVPxVec3@3@@Z 000000018000d500 f i RTreeCooking.obj
 0001:0000c580       ?V3Sub@aos@shdfnd@physx@@YA?AT__m128@@T4@0@Z 000000018000d580 f i RTreeCooking.obj
 0001:0000c6d0       ?V3Zero@aos@shdfnd@physx@@YA?AT__m128@@XZ 000000018000d6d0 f i RTreeCooking.obj
 0001:0000c6f0       ?V4ClearW@aos@shdfnd@physx@@YA?AT__m128@@T4@@Z 000000018000d6f0 f i RTreeCooking.obj
 0001:0000c720       ?V4Load@aos@shdfnd@physx@@YA?AT__m128@@M@Z 000000018000d720 f i RTreeCooking.obj
 0001:0000c750       ?V4ReadW@aos@shdfnd@physx@@YAMAEBT__m128@@@Z 000000018000d750 f i RTreeCooking.obj
 0001:0000c770       ?V4ReadX@aos@shdfnd@physx@@YAMAEBT__m128@@@Z 000000018000d770 f i RTreeCooking.obj
 0001:0000c790       ?V4ReadY@aos@shdfnd@physx@@YAMAEBT__m128@@@Z 000000018000d790 f i RTreeCooking.obj
 0001:0000c7b0       ?V4ReadZ@aos@shdfnd@physx@@YAMAEBT__m128@@@Z 000000018000d7b0 f i RTreeCooking.obj
 0001:0000c7d0       ?V4StoreA@aos@shdfnd@physx@@YAXT__m128@@PEAM@Z 000000018000d7d0 f i RTreeCooking.obj
 0001:0000c870       ?Vec3V_From_FloatV@aos@shdfnd@physx@@YA?AT__m128@@T4@@Z 000000018000d870 f i RTreeCooking.obj
 0001:0000c8d0       ?Vec3V_From_Vec4V@aos@shdfnd@physx@@YA?AT__m128@@T4@@Z 000000018000d8d0 f i RTreeCooking.obj
 0001:0000c910       ?Vec4V_From_FloatV@aos@shdfnd@physx@@YA?AT__m128@@T4@@Z 000000018000d910 f i RTreeCooking.obj
 0001:0000c930       ?abs@intrinsics@physx@@YAMM@Z 000000018000d930 f i RTreeCooking.obj
 0001:0000c950       ?allocate@?$AlignedAllocator@$0IA@VNonTrackingAllocator@shdfnd@physx@@@shdfnd@physx@@QEAAPEAX_KPEBDH@Z 000000018000d950 f i RTreeCooking.obj
 0001:0000ca20       ?allocate@?$Array@IVNamedAllocator@shdfnd@physx@@@shdfnd@physx@@IEAAPEAII@Z 000000018000da20 f i RTreeCooking.obj
 0001:0000cad0       ?allocate@?$Array@UInterval@physx@@V?$InlineAllocator@$0CA@VNamedAllocator@shdfnd@physx@@@shdfnd@2@@shdfnd@physx@@IEAAPEAUInterval@3@I@Z 000000018000dad0 f i RTreeCooking.obj
 0001:0000cb80       ?allocate@?$Array@UPxBounds3V@physx@@VNamedAllocator@shdfnd@2@@shdfnd@physx@@IEAAPEAUPxBounds3V@3@I@Z 000000018000db80 f i RTreeCooking.obj
 0001:0000cc30       ?allocate@?$Array@URTreeNodeNQ@physx@@VNamedAllocator@shdfnd@2@@shdfnd@physx@@IEAAPEAURTreeNodeNQ@3@I@Z 000000018000dc30 f i RTreeCooking.obj
 0001:0000cce0       ?allocate@?$Array@URTreeNodeQ@Gu@physx@@VNamedAllocator@shdfnd@3@@shdfnd@physx@@IEAAPEAURTreeNodeQ@Gu@3@I@Z 000000018000dce0 f i RTreeCooking.obj
 0001:0000cd90       ?allocate@?$Array@VPxVec3@physx@@VNamedAllocator@shdfnd@2@@shdfnd@physx@@IEAAPEAVPxVec3@3@I@Z 000000018000dd90 f i RTreeCooking.obj
 0001:0000ce40       ?allocate@?$InlineAllocator@$0CA@VNamedAllocator@shdfnd@physx@@@shdfnd@physx@@QEAAPEAXIPEBDH@Z 000000018000de40 f i RTreeCooking.obj
 0001:0000cec0       ?allocate@NonTrackingAllocator@shdfnd@physx@@QEAAPEAX_KPEBDH@Z 000000018000dec0 f i RTreeCooking.obj
 0001:0000cf50       ?begin@?$Array@IVNamedAllocator@shdfnd@physx@@@shdfnd@physx@@QEAAPEAIXZ 000000018000df50 f i RTreeCooking.obj
 0001:0000cf70       ?begin@?$Array@UPxBounds3V@physx@@VNamedAllocator@shdfnd@2@@shdfnd@physx@@QEAAPEAUPxBounds3V@3@XZ 000000018000df70 f i RTreeCooking.obj
 0001:0000cf90       ?begin@?$Array@VPxVec3@physx@@VNamedAllocator@shdfnd@2@@shdfnd@physx@@QEAAPEAVPxVec3@3@XZ 000000018000df90 f i RTreeCooking.obj
 0001:0000cfb0       ?capacity@?$Array@IVNamedAllocator@shdfnd@physx@@@shdfnd@physx@@QEBAIXZ 000000018000dfb0 f i RTreeCooking.obj
 0001:0000cfd0       ?capacity@?$Array@UInterval@physx@@V?$InlineAllocator@$0CA@VNamedAllocator@shdfnd@physx@@@shdfnd@2@@shdfnd@physx@@QEBAIXZ 000000018000dfd0 f i RTreeCooking.obj
 0001:0000cff0       ?capacity@?$Array@UPxBounds3V@physx@@VNamedAllocator@shdfnd@2@@shdfnd@physx@@QEBAIXZ 000000018000dff0 f i RTreeCooking.obj
 0001:0000d010       ?capacity@?$Array@URTreeNodeNQ@physx@@VNamedAllocator@shdfnd@2@@shdfnd@physx@@QEBAIXZ 000000018000e010 f i RTreeCooking.obj
 0001:0000d030       ?capacity@?$Array@URTreeNodeQ@Gu@physx@@VNamedAllocator@shdfnd@3@@shdfnd@physx@@QEBAIXZ 000000018000e030 f i RTreeCooking.obj
 0001:0000d050       ?capacity@?$Array@VPxVec3@physx@@VNamedAllocator@shdfnd@2@@shdfnd@physx@@QEBAIXZ 000000018000e050 f i RTreeCooking.obj
 0001:0000d070       ?capacityIncrement@?$Array@IVNamedAllocator@shdfnd@physx@@@shdfnd@physx@@IEBAIXZ 000000018000e070 f i RTreeCooking.obj
 0001:0000d0c0       ?capacityIncrement@?$Array@UInterval@physx@@V?$InlineAllocator@$0CA@VNamedAllocator@shdfnd@physx@@@shdfnd@2@@shdfnd@physx@@IEBAIXZ 000000018000e0c0 f i RTreeCooking.obj
 0001:0000d110       ?capacityIncrement@?$Array@UPxBounds3V@physx@@VNamedAllocator@shdfnd@2@@shdfnd@physx@@IEBAIXZ 000000018000e110 f i RTreeCooking.obj
 0001:0000d160       ?capacityIncrement@?$Array@URTreeNodeNQ@physx@@VNamedAllocator@shdfnd@2@@shdfnd@physx@@IEBAIXZ 000000018000e160 f i RTreeCooking.obj
 0001:0000d1b0       ?capacityIncrement@?$Array@URTreeNodeQ@Gu@physx@@VNamedAllocator@shdfnd@3@@shdfnd@physx@@IEBAIXZ 000000018000e1b0 f i RTreeCooking.obj
 0001:0000d200       ?capacityIncrement@?$Array@VPxVec3@physx@@VNamedAllocator@shdfnd@2@@shdfnd@physx@@IEBAIXZ 000000018000e200 f i RTreeCooking.obj
 0001:0000d250       ?computeSA@SubSortSAH@physx@@QEAAMPEBIAEBUInterval@2@@Z 000000018000e250 f i RTreeCooking.obj
 0001:0000d4e0       ?copy@?$Array@IVNamedAllocator@shdfnd@physx@@@shdfnd@physx@@KAXPEAI0PEBI@Z 000000018000e4e0 f i RTreeCooking.obj
 0001:0000d580       ?copy@?$Array@UInterval@physx@@V?$InlineAllocator@$0CA@VNamedAllocator@shdfnd@physx@@@shdfnd@2@@shdfnd@physx@@KAXPEAUInterval@3@0PEBU43@@Z 000000018000e580 f i RTreeCooking.obj
 0001:0000d620       ?copy@?$Array@UPxBounds3V@physx@@VNamedAllocator@shdfnd@2@@shdfnd@physx@@KAXPEAUPxBounds3V@3@0PEBU43@@Z 000000018000e620 f i RTreeCooking.obj
 0001:0000d6c0       ?copy@?$Array@URTreeNodeNQ@physx@@VNamedAllocator@shdfnd@2@@shdfnd@physx@@KAXPEAURTreeNodeNQ@3@0PEBU43@@Z 000000018000e6c0 f i RTreeCooking.obj
 0001:0000d760       ?copy@?$Array@URTreeNodeQ@Gu@physx@@VNamedAllocator@shdfnd@3@@shdfnd@physx@@KAXPEAURTreeNodeQ@Gu@3@0PEBU453@@Z 000000018000e760 f i RTreeCooking.obj
 0001:0000d800       ?copy@?$Array@VPxVec3@physx@@VNamedAllocator@shdfnd@2@@shdfnd@physx@@KAXPEAVPxVec3@3@0PEBV43@@Z 000000018000e800 f i RTreeCooking.obj
 0001:0000d8a0       ?create@?$Array@IVNamedAllocator@shdfnd@physx@@@shdfnd@physx@@KAXPEAI0AEBI@Z 000000018000e8a0 f i RTreeCooking.obj
 0001:0000d910       ?deallocate@?$Array@IVNamedAllocator@shdfnd@physx@@@shdfnd@physx@@IEAAXPEAX@Z 000000018000e910 f i RTreeCooking.obj
 0001:0000d940       ?deallocate@?$Array@UInterval@physx@@V?$InlineAllocator@$0CA@VNamedAllocator@shdfnd@physx@@@shdfnd@2@@shdfnd@physx@@IEAAXPEAX@Z 000000018000e940 f i RTreeCooking.obj
 0001:0000d970       ?deallocate@?$Array@UPxBounds3V@physx@@VNamedAllocator@shdfnd@2@@shdfnd@physx@@IEAAXPEAX@Z 000000018000e970 f i RTreeCooking.obj
 0001:0000d9a0       ?deallocate@?$Array@URTreeNodeNQ@physx@@VNamedAllocator@shdfnd@2@@shdfnd@physx@@IEAAXPEAX@Z 000000018000e9a0 f i RTreeCooking.obj
 0001:0000d9d0       ?deallocate@?$Array@URTreeNodeQ@Gu@physx@@VNamedAllocator@shdfnd@3@@shdfnd@physx@@IEAAXPEAX@Z 000000018000e9d0 f i RTreeCooking.obj
 0001:0000da00       ?deallocate@?$Array@VPxVec3@physx@@VNamedAllocator@shdfnd@2@@shdfnd@physx@@IEAAXPEAX@Z 000000018000ea00 f i RTreeCooking.obj
 0001:0000da30       ?deallocate@?$InlineAllocator@$0CA@VNamedAllocator@shdfnd@physx@@@shdfnd@physx@@QEAAXPEAX@Z 000000018000ea30 f i RTreeCooking.obj
 0001:0000da80       ?deallocate@NonTrackingAllocator@shdfnd@physx@@QEAAXPEAX@Z 000000018000ea80 f i RTreeCooking.obj
 0001:0000dad0       ?destroy@?$Array@IVNamedAllocator@shdfnd@physx@@@shdfnd@physx@@KAXPEAI0@Z 000000018000ead0 f i RTreeCooking.obj
 0001:0000db10       ?destroy@?$Array@UInterval@physx@@V?$InlineAllocator@$0CA@VNamedAllocator@shdfnd@physx@@@shdfnd@2@@shdfnd@physx@@KAXPEAUInterval@3@0@Z 000000018000eb10 f i RTreeCooking.obj
 0001:0000db50       ?destroy@?$Array@UPxBounds3V@physx@@VNamedAllocator@shdfnd@2@@shdfnd@physx@@KAXPEAUPxBounds3V@3@0@Z 000000018000eb50 f i RTreeCooking.obj
 0001:0000db90       ?destroy@?$Array@URTreeNodeNQ@physx@@VNamedAllocator@shdfnd@2@@shdfnd@physx@@KAXPEAURTreeNodeNQ@3@0@Z 000000018000eb90 f i RTreeCooking.obj
 0001:0000dbd0       ?destroy@?$Array@URTreeNodeQ@Gu@physx@@VNamedAllocator@shdfnd@3@@shdfnd@physx@@KAXPEAURTreeNodeQ@Gu@3@0@Z 000000018000ebd0 f i RTreeCooking.obj
 0001:0000dc10       ?destroy@?$Array@VPxVec3@physx@@VNamedAllocator@shdfnd@2@@shdfnd@physx@@KAXPEAVPxVec3@3@0@Z 000000018000ec10 f i RTreeCooking.obj
 0001:0000dc50       ?empty@?$Stack@VNamedAllocator@shdfnd@physx@@@internal@shdfnd@physx@@QEAA_NXZ 000000018000ec50 f i RTreeCooking.obj
 0001:0000dc90       ?empty@PxBounds3@physx@@SA?AV12@XZ 000000018000ec90 f i RTreeCooking.obj
 0001:0000dd00       ?getExtents@PxBounds3V@physx@@QEBA?AT__m128@@XZ 000000018000ed00 f i RTreeCooking.obj
 0001:0000dd70       ?getMaxVec3@PxBounds3V@physx@@QEBA?BVPxVec3@2@XZ 000000018000ed70 f i RTreeCooking.obj
 0001:0000dde0       ?getMinVec3@PxBounds3V@physx@@QEBA?BVPxVec3@2@XZ 000000018000ede0 f i RTreeCooking.obj
 0001:0000de40       ?grow@?$Array@IVNamedAllocator@shdfnd@physx@@@shdfnd@physx@@IEAAXI@Z 000000018000ee40 f i RTreeCooking.obj
 0001:0000dee0       ?grow@?$Array@UPxBounds3V@physx@@VNamedAllocator@shdfnd@2@@shdfnd@physx@@IEAAXI@Z 000000018000eee0 f i RTreeCooking.obj
 0001:0000df80       ?grow@?$Array@URTreeNodeNQ@physx@@VNamedAllocator@shdfnd@2@@shdfnd@physx@@IEAAXI@Z 000000018000ef80 f i RTreeCooking.obj
 0001:0000e020       ?grow@?$Array@URTreeNodeQ@Gu@physx@@VNamedAllocator@shdfnd@3@@shdfnd@physx@@IEAAXI@Z 000000018000f020 f i RTreeCooking.obj
 0001:0000e0c0       ?grow@?$Array@VPxVec3@physx@@VNamedAllocator@shdfnd@2@@shdfnd@physx@@IEAAXI@Z 000000018000f0c0 f i RTreeCooking.obj
 0001:0000e160       ?grow@?$Stack@VNamedAllocator@shdfnd@physx@@@internal@shdfnd@physx@@QEAAXXZ 000000018000f160 f i RTreeCooking.obj
 0001:0000e240       ?growAndPushBack@?$Array@IVNamedAllocator@shdfnd@physx@@@shdfnd@physx@@IEAAAEAIAEBI@Z 000000018000f240 f i RTreeCooking.obj
 0001:0000e420       ?growAndPushBack@?$Array@UInterval@physx@@V?$InlineAllocator@$0CA@VNamedAllocator@shdfnd@physx@@@shdfnd@2@@shdfnd@physx@@IEAAAEAUInterval@3@AEBU43@@Z 000000018000f420 f i RTreeCooking.obj
 0001:0000e610       ?growAndPushBack@?$Array@UPxBounds3V@physx@@VNamedAllocator@shdfnd@2@@shdfnd@physx@@IEAAAEAUPxBounds3V@3@AEBU43@@Z 000000018000f610 f i RTreeCooking.obj
 0001:0000e850       ?growAndPushBack@?$Array@URTreeNodeNQ@physx@@VNamedAllocator@shdfnd@2@@shdfnd@physx@@IEAAAEAURTreeNodeNQ@3@AEBU43@@Z 000000018000f850 f i RTreeCooking.obj
 0001:0000ea40       ?growAndPushBack@?$Array@URTreeNodeQ@Gu@physx@@VNamedAllocator@shdfnd@3@@shdfnd@physx@@IEAAAEAURTreeNodeQ@Gu@3@AEBU453@@Z 000000018000fa40 f i RTreeCooking.obj
 0001:0000ec80       ?growAndPushBack@?$Array@VPxVec3@physx@@VNamedAllocator@shdfnd@2@@shdfnd@physx@@IEAAAEAVPxVec3@3@AEBV43@@Z 000000018000fc80 f i RTreeCooking.obj
 0001:0000ee70       ?include@PxBounds3V@physx@@QEAAXAEBU12@@Z 000000018000fe70 f i RTreeCooking.obj
 0001:0000ef40       ?isAligned16@aos@shdfnd@physx@@YA_NPEAX@Z 000000018000ff40 f i RTreeCooking.obj
 0001:0000ef80       ?isFinite@PxBounds3@physx@@QEBA_NXZ 000000018000ff80 f i RTreeCooking.obj
 0001:0000eff0       ?isFinite@PxVec3@physx@@QEBA_NXZ 000000018000fff0 f i RTreeCooking.obj
 0001:0000f070       ?isFinite@intrinsics@physx@@YA_NM@Z 0000000180010070 f i RTreeCooking.obj
 0001:0000f0c0       ?isInUserMemory@?$Array@IVNamedAllocator@shdfnd@physx@@@shdfnd@physx@@QEBAIXZ 00000001800100c0 f i RTreeCooking.obj
 0001:0000f0e0       ?isInUserMemory@?$Array@UInterval@physx@@V?$InlineAllocator@$0CA@VNamedAllocator@shdfnd@physx@@@shdfnd@2@@shdfnd@physx@@QEBAIXZ 00000001800100e0 f i RTreeCooking.obj
 0001:0000f100       ?isInUserMemory@?$Array@UPxBounds3V@physx@@VNamedAllocator@shdfnd@2@@shdfnd@physx@@QEBAIXZ 0000000180010100 f i RTreeCooking.obj
 0001:0000f120       ?isInUserMemory@?$Array@URTreeNodeNQ@physx@@VNamedAllocator@shdfnd@2@@shdfnd@physx@@QEBAIXZ 0000000180010120 f i RTreeCooking.obj
 0001:0000f140       ?isInUserMemory@?$Array@URTreeNodeQ@Gu@physx@@VNamedAllocator@shdfnd@3@@shdfnd@physx@@QEBAIXZ 0000000180010140 f i RTreeCooking.obj
 0001:0000f160       ?isInUserMemory@?$Array@VPxVec3@physx@@VNamedAllocator@shdfnd@2@@shdfnd@physx@@QEBAIXZ 0000000180010160 f i RTreeCooking.obj
 0001:0000f180       ?isInside@PxBounds3@physx@@QEBA_NAEBV12@@Z 0000000180010180 f i RTreeCooking.obj
 0001:0000f2e0       ?isLeaf@RTreeNodeQ@Gu@physx@@QEBAIXZ 00000001800102e0 f i RTreeCooking.obj
 0001:0000f300       ?isValid@PxBounds3@physx@@QEBA_NXZ 0000000180010300 f i RTreeCooking.obj
 0001:0000f430       ?isValidFloatV@aos@shdfnd@physx@@YA_NT__m128@@@Z 0000000180010430 f i RTreeCooking.obj
 0001:0000f580       ?isValidVec3V@aos@shdfnd@physx@@YA_NT__m128@@@Z 0000000180010580 f i RTreeCooking.obj
 0001:0000f5f0       ?memCopy@intrinsics@physx@@YAPEAXPEAXPEBXI@Z 00000001800105f0 f i RTreeCooking.obj
 0001:0000f630       ?pop@?$Stack@VNamedAllocator@shdfnd@physx@@@internal@shdfnd@physx@@QEAAXAEAH0@Z 0000000180010630 f i RTreeCooking.obj
 0001:0000f740       ?popBack@?$Array@IVNamedAllocator@shdfnd@physx@@@shdfnd@physx@@QEAAIXZ 0000000180010740 f i RTreeCooking.obj
 0001:0000f800       ?push@?$Stack@VNamedAllocator@shdfnd@physx@@@internal@shdfnd@physx@@QEAAXHH@Z 0000000180010800 f i RTreeCooking.obj
 0001:0000f8b0       ?pushBack@?$Array@IVNamedAllocator@shdfnd@physx@@@shdfnd@physx@@QEAAAEAIAEBI@Z 00000001800108b0 f i RTreeCooking.obj
 0001:0000f980       ?pushBack@?$Array@UInterval@physx@@V?$InlineAllocator@$0CA@VNamedAllocator@shdfnd@physx@@@shdfnd@2@@shdfnd@physx@@QEAAAEAUInterval@3@AEBU43@@Z 0000000180010980 f i RTreeCooking.obj
 0001:0000fa50       ?pushBack@?$Array@UPxBounds3V@physx@@VNamedAllocator@shdfnd@2@@shdfnd@physx@@QEAAAEAUPxBounds3V@3@AEBU43@@Z 0000000180010a50 f i RTreeCooking.obj
 0001:0000fb20       ?pushBack@?$Array@URTreeNodeNQ@physx@@VNamedAllocator@shdfnd@2@@shdfnd@physx@@QEAAAEAURTreeNodeNQ@3@AEBU43@@Z 0000000180010b20 f i RTreeCooking.obj
 0001:0000fbf0       ?pushBack@?$Array@URTreeNodeQ@Gu@physx@@VNamedAllocator@shdfnd@3@@shdfnd@physx@@QEAAAEAURTreeNodeQ@Gu@3@AEBU453@@Z 0000000180010bf0 f i RTreeCooking.obj
 0001:0000fcc0       ?pushBack@?$Array@VPxVec3@physx@@VNamedAllocator@shdfnd@2@@shdfnd@physx@@QEAAAEAVPxVec3@3@AEBV43@@Z 0000000180010cc0 f i RTreeCooking.obj
 0001:0000fd90       ?recreate@?$Array@IVNamedAllocator@shdfnd@physx@@@shdfnd@physx@@IEAAXI@Z 0000000180010d90 f i RTreeCooking.obj
 0001:0000fef0       ?recreate@?$Array@UPxBounds3V@physx@@VNamedAllocator@shdfnd@2@@shdfnd@physx@@IEAAXI@Z 0000000180010ef0 f i RTreeCooking.obj
 0001:00010050       ?recreate@?$Array@URTreeNodeNQ@physx@@VNamedAllocator@shdfnd@2@@shdfnd@physx@@IEAAXI@Z 0000000180011050 f i RTreeCooking.obj
 0001:000101b0       ?recreate@?$Array@URTreeNodeQ@Gu@physx@@VNamedAllocator@shdfnd@3@@shdfnd@physx@@IEAAXI@Z 00000001800111b0 f i RTreeCooking.obj
 0001:00010310       ?recreate@?$Array@VPxVec3@physx@@VNamedAllocator@shdfnd@2@@shdfnd@physx@@IEAAXI@Z 0000000180011310 f i RTreeCooking.obj
 0001:00010470       ?replaceWithLast@?$Array@UInterval@physx@@V?$InlineAllocator@$0CA@VNamedAllocator@shdfnd@physx@@@shdfnd@2@@shdfnd@physx@@QEAAXI@Z 0000000180011470 f i RTreeCooking.obj
 0001:00010540       ?reserve@?$Array@IVNamedAllocator@shdfnd@physx@@@shdfnd@physx@@QEAAXI@Z 0000000180011540 f i RTreeCooking.obj
 0001:00010580       ?reserve@?$Array@UPxBounds3V@physx@@VNamedAllocator@shdfnd@2@@shdfnd@physx@@QEAAXI@Z 0000000180011580 f i RTreeCooking.obj
 0001:000105c0       ?reserve@?$Array@URTreeNodeNQ@physx@@VNamedAllocator@shdfnd@2@@shdfnd@physx@@QEAAXI@Z 00000001800115c0 f i RTreeCooking.obj
 0001:00010600       ?reserve@?$Array@URTreeNodeQ@Gu@physx@@VNamedAllocator@shdfnd@3@@shdfnd@physx@@QEAAXI@Z 0000000180011600 f i RTreeCooking.obj
 0001:00010640       ?reserve@?$Array@VPxVec3@physx@@VNamedAllocator@shdfnd@2@@shdfnd@physx@@QEAAXI@Z 0000000180011640 f i RTreeCooking.obj
 0001:00010680       ?resize@?$Array@IVNamedAllocator@shdfnd@physx@@@shdfnd@physx@@QEAAXIAEBI@Z 0000000180011680 f i RTreeCooking.obj
 0001:00010740       ?resizeUninitialized@?$Array@URTreeNodeNQ@physx@@VNamedAllocator@shdfnd@2@@shdfnd@physx@@QEAAXI@Z 0000000180011740 f i RTreeCooking.obj
 0001:00010780       ?selectMax@intrinsics@physx@@YAMMM@Z 0000000180011780 f i RTreeCooking.obj
 0001:000107d0       ?selectMin@intrinsics@physx@@YAMMM@Z 00000001800117d0 f i RTreeCooking.obj
 0001:00010820       ?setEmpty@PxBounds3@physx@@QEAAXXZ 0000000180011820 f i RTreeCooking.obj
 0001:00010890       ?setLeaf@RTreeNodeQ@Gu@physx@@QEAAX_N@Z 0000000180011890 f i RTreeCooking.obj
 0001:000108e0       ?size@?$Array@IVNamedAllocator@shdfnd@physx@@@shdfnd@physx@@QEBAIXZ 00000001800118e0 f i RTreeCooking.obj
 0001:00010900       ?size@?$Array@UInterval@physx@@V?$InlineAllocator@$0CA@VNamedAllocator@shdfnd@physx@@@shdfnd@2@@shdfnd@physx@@QEBAIXZ 0000000180011900 f i RTreeCooking.obj
 0001:00010920       ?size@?$Array@URTreeNodeNQ@physx@@VNamedAllocator@shdfnd@2@@shdfnd@physx@@QEBAIXZ 0000000180011920 f i RTreeCooking.obj
 0001:00010940       ?size@?$Array@URTreeNodeQ@Gu@physx@@VNamedAllocator@shdfnd@3@@shdfnd@physx@@QEBAIXZ 0000000180011940 f i RTreeCooking.obj
 0001:00010960       ?size@?$Array@VPxVec3@physx@@VNamedAllocator@shdfnd@2@@shdfnd@physx@@QEBAIXZ 0000000180011960 f i RTreeCooking.obj
 0001:00010980       ?sort4@SubSortQuick@physx@@QEAAXPEIAIIAEAV?$Array@URTreeNodeNQ@physx@@VNamedAllocator@shdfnd@2@@shdfnd@2@AEAIAEAUPxBounds3V@2@I@Z 0000000180011980 f i RTreeCooking.obj
 0001:00011630       ?sort4@SubSortSAH@physx@@QEAAXPEAIIAEAV?$Array@URTreeNodeNQ@physx@@VNamedAllocator@shdfnd@2@@shdfnd@2@AEAIIPEAURTreeNodeNQ@2@@Z 0000000180012630 f i RTreeCooking.obj
 0001:000127d0       ?split@SubSortSAH@physx@@QEAAIPEAII@Z 00000001800137d0 f i RTreeCooking.obj
 0001:00013a70       fabsf                      0000000180014a70 f i RTreeCooking.obj
 0001:00013aa0       ??0TriangleMeshBuilder@physx@@QEAA@AEAVTriangleMeshData@Gu@1@AEBUPxCookingParams@1@@Z 0000000180014aa0 f   TriangleMeshBuilder.obj
 0001:00013b00       ??1TriangleMeshBuilder@physx@@UEAA@XZ 0000000180014b00 f   TriangleMeshBuilder.obj
 0001:00013b30       ?cleanMesh@TriangleMeshBuilder@physx@@QEAA_N_NPEAW4Enum@PxTriangleMeshCookingResult@2@@Z 0000000180014b30 f   TriangleMeshBuilder.obj
 0001:000143c0       ?remapTopology@TriangleMeshBuilder@physx@@QEAAXPEBI@Z 00000001800153c0 f   TriangleMeshBuilder.obj
 0001:000147e0       ?createSharedEdgeData@TriangleMeshBuilder@physx@@QEAAX_N0@Z 00000001800157e0 f   TriangleMeshBuilder.obj
 0001:000150a0       ?recordTriangleIndices@TriangleMeshBuilder@physx@@QEAAXXZ 00000001800160a0 f   TriangleMeshBuilder.obj
 0001:000152a0       ?createGRBMidPhaseAndData@TriangleMeshBuilder@physx@@QEAAXI@Z 00000001800162a0 f   TriangleMeshBuilder.obj
 0001:00015600       ?createGRBData@TriangleMeshBuilder@physx@@QEAAXXZ 0000000180016600 f   TriangleMeshBuilder.obj
 0001:000157a0       ?loadFromDesc@TriangleMeshBuilder@physx@@QEAA_NAEBVPxTriangleMeshDesc@2@PEAW4Enum@PxTriangleMeshCookingResult@2@_N@Z 00000001800167a0 f   TriangleMeshBuilder.obj
 0001:00015a90       ?save@TriangleMeshBuilder@physx@@QEBA_NAEAVPxOutputStream@2@_NAEBUPxCookingParams@2@@Z 0000000180016a90 f   TriangleMeshBuilder.obj
 0001:000163c0       ?checkMeshIndicesSize@TriangleMeshBuilder@physx@@QEAAXXZ 00000001800173c0 f   TriangleMeshBuilder.obj
 0001:000165c0       ?computeLocalBounds@TriangleMeshBuilder@physx@@IEAAXXZ 00000001800175c0 f   TriangleMeshBuilder.obj
 0001:000166d0       ?importMesh@TriangleMeshBuilder@physx@@IEAA_NAEBVPxTriangleMeshDesc@2@AEBUPxCookingParams@2@PEAW4Enum@PxTriangleMeshCookingResult@2@_N@Z 00000001800176d0 f   TriangleMeshBuilder.obj
 0001:00016d60       ?releaseEdgeList@TriangleMeshBuilder@physx@@IEAAXXZ 0000000180017d60 f   TriangleMeshBuilder.obj
 0001:00016dc0       ?createEdgeList@TriangleMeshBuilder@physx@@IEAAXXZ 0000000180017dc0 f   TriangleMeshBuilder.obj
 0001:00016f50       ??0RTreeTriangleMeshBuilder@physx@@QEAA@AEBUPxCookingParams@1@@Z 0000000180017f50 f   TriangleMeshBuilder.obj
 0001:00016fb0       ??1RTreeTriangleMeshBuilder@physx@@UEAA@XZ 0000000180017fb0 f   TriangleMeshBuilder.obj
 0001:00016ff0       ?createMidPhaseStructure@RTreeTriangleMeshBuilder@physx@@UEAAXXZ 0000000180017ff0 f   TriangleMeshBuilder.obj
 0001:000172a0       ?saveMidPhaseStructure@RTreeTriangleMeshBuilder@physx@@UEBAXAEAVPxOutputStream@2@_N@Z 00000001800182a0 f   TriangleMeshBuilder.obj
 0001:00017590       ??0BV4TriangleMeshBuilder@physx@@QEAA@AEBUPxCookingParams@1@@Z 0000000180018590 f   TriangleMeshBuilder.obj
 0001:000175f0       ??1BV4TriangleMeshBuilder@physx@@UEAA@XZ 00000001800185f0 f   TriangleMeshBuilder.obj
 0001:00017630       ?createMidPhaseStructure@BV4TriangleMeshBuilder@physx@@UEAAXXZ 0000000180018630 f   TriangleMeshBuilder.obj
 0001:00017ae0       ?saveMidPhaseStructure@BV4TriangleMeshBuilder@physx@@UEBAXAEAVPxOutputStream@2@_N@Z 0000000180018ae0 f   TriangleMeshBuilder.obj
 0001:00017d20       ?onMeshIndexFormatChange@BV4TriangleMeshBuilder@physx@@UEAAXXZ 0000000180018d20 f   TriangleMeshBuilder.obj
 0001:00017db0       ?createMidPhaseStructure@BV32TriangleMeshBuilder@physx@@SAXAEBUPxCookingParams@2@AEAVTriangleMeshData@Gu@2@AEAVBV32Tree@52@@Z 0000000180018db0 f   TriangleMeshBuilder.obj
 0001:000180a0       ?saveMidPhaseStructure@BV32TriangleMeshBuilder@physx@@SAXPEAVBV32Tree@Gu@2@AEAVPxOutputStream@2@_N@Z 00000001800190a0 f   TriangleMeshBuilder.obj
 0001:00018b40       ?findSharpVertices@GrbTrimeshCookerHelper@physx@@YAXAEAV?$Array@USortedNeighbor@GrbTrimeshCookerHelper@physx@@VNamedAllocator@shdfnd@3@@shdfnd@2@AEAV?$Array@USharpEdgeRange@GrbTrimeshCookerHelper@physx@@VNamedAllocator@shdfnd@3@@42@PEBUuint3@2@PEBUuint4@2@II@Z 0000000180019b40 f   TriangleMeshBuilder.obj
 0001:00019050       ?buildVertexConnectionNew_p1@GrbTrimeshCookerHelper@physx@@YAIAEAV?$Array@USortedNeighbor@GrbTrimeshCookerHelper@physx@@VNamedAllocator@shdfnd@3@@shdfnd@2@AEAV?$Array@USharpEdgeRange@GrbTrimeshCookerHelper@physx@@VNamedAllocator@shdfnd@3@@42@PEBUuint3@2@PEBUuint4@2@II@Z 000000018001a050 f   TriangleMeshBuilder.obj
 0001:000190f0       ?buildVertexConnectionNew_p2@GrbTrimeshCookerHelper@physx@@YAXPEAI00AEAV?$Array@USortedNeighbor@GrbTrimeshCookerHelper@physx@@VNamedAllocator@shdfnd@3@@shdfnd@2@AEAV?$Array@USharpEdgeRange@GrbTrimeshCookerHelper@physx@@VNamedAllocator@shdfnd@3@@42@I@Z 000000018001a0f0 f   TriangleMeshBuilder.obj
 0001:0001a790       ??$?2V?$ReflectionAllocator@VBV32Tree@Gu@physx@@@shdfnd@physx@@@UserAllocated@shdfnd@physx@@SAPEAX_KV?$ReflectionAllocator@VBV32Tree@Gu@physx@@@12@PEBDH@Z 000000018001b790 f i TriangleMeshBuilder.obj
 0001:0001a7e0       ??$?2V?$ReflectionAllocator@VEdgeListBuilder@Gu@physx@@@shdfnd@physx@@@UserAllocated@shdfnd@physx@@SAPEAX_KV?$ReflectionAllocator@VEdgeListBuilder@Gu@physx@@@12@PEBDH@Z 000000018001b7e0 f i TriangleMeshBuilder.obj
 0001:0001a830       ??$?_UE@@YAPEAX_KV?$ReflectionAllocator@E@shdfnd@physx@@PEBDH@Z 000000018001b830 f i TriangleMeshBuilder.obj
 0001:0001a880       ??$?_UG@@YAPEAX_KV?$ReflectionAllocator@G@shdfnd@physx@@PEBDH@Z 000000018001b880 f i TriangleMeshBuilder.obj
 0001:0001a8d0       ??$?_UI@@YAPEAX_KV?$ReflectionAllocator@I@shdfnd@physx@@PEBDH@Z 000000018001b8d0 f i TriangleMeshBuilder.obj
 0001:0001a920       ??$PX_UNUSED@U?$TriangleT@I@Gu@physx@@@@YAXAEBU?$TriangleT@I@Gu@physx@@@Z 000000018001b920 f i TriangleMeshBuilder.obj
 0001:0001a930       ??$median3@UEdgeTriLookup@physx@@$$CBU?$Less@UEdgeTriLookup@physx@@@shdfnd@2@@internal@shdfnd@physx@@YAXPEAUEdgeTriLookup@2@HHAEBU?$Less@UEdgeTriLookup@physx@@@12@@Z 000000018001b930 f i TriangleMeshBuilder.obj
 0001:0001ab50       ??$median3@USortedNeighbor@GrbTrimeshCookerHelper@physx@@$$CBU?$Less@USortedNeighbor@GrbTrimeshCookerHelper@physx@@@shdfnd@3@@internal@shdfnd@physx@@YAXPEAUSortedNeighbor@GrbTrimeshCookerHelper@2@HHAEBU?$Less@USortedNeighbor@GrbTrimeshCookerHelper@physx@@@12@@Z 000000018001bb50 f i TriangleMeshBuilder.obj
 0001:0001ad70       ??$partition@UEdgeTriLookup@physx@@$$CBU?$Less@UEdgeTriLookup@physx@@@shdfnd@2@@internal@shdfnd@physx@@YAHPEAUEdgeTriLookup@2@HHAEBU?$Less@UEdgeTriLookup@physx@@@12@@Z 000000018001bd70 f i TriangleMeshBuilder.obj
 0001:0001b010       ??$partition@USortedNeighbor@GrbTrimeshCookerHelper@physx@@$$CBU?$Less@USortedNeighbor@GrbTrimeshCookerHelper@physx@@@shdfnd@3@@internal@shdfnd@physx@@YAHPEAUSortedNeighbor@GrbTrimeshCookerHelper@2@HHAEBU?$Less@USortedNeighbor@GrbTrimeshCookerHelper@physx@@@12@@Z 000000018001c010 f i TriangleMeshBuilder.obj
 0001:0001b2b0       ??$smallSort@UEdgeTriLookup@physx@@$$CBU?$Less@UEdgeTriLookup@physx@@@shdfnd@2@@internal@shdfnd@physx@@YAXPEAUEdgeTriLookup@2@HHAEBU?$Less@UEdgeTriLookup@physx@@@12@@Z 000000018001c2b0 f i TriangleMeshBuilder.obj
 0001:0001b3e0       ??$smallSort@USortedNeighbor@GrbTrimeshCookerHelper@physx@@$$CBU?$Less@USortedNeighbor@GrbTrimeshCookerHelper@physx@@@shdfnd@3@@internal@shdfnd@physx@@YAXPEAUSortedNeighbor@GrbTrimeshCookerHelper@2@HHAEBU?$Less@USortedNeighbor@GrbTrimeshCookerHelper@physx@@@12@@Z 000000018001c3e0 f i TriangleMeshBuilder.obj
 0001:0001b510       ??$sort@UEdgeTriLookup@physx@@@shdfnd@physx@@YAXPEAUEdgeTriLookup@1@I@Z 000000018001c510 f i TriangleMeshBuilder.obj
 0001:0001b570       ??$sort@UEdgeTriLookup@physx@@U?$Less@UEdgeTriLookup@physx@@@shdfnd@2@VNamedAllocator@42@@shdfnd@physx@@YAXPEAUEdgeTriLookup@1@IAEBU?$Less@UEdgeTriLookup@physx@@@01@AEBVNamedAllocator@01@I@Z 000000018001c570 f i TriangleMeshBuilder.obj
 0001:0001b930       ??$sort@USortedNeighbor@GrbTrimeshCookerHelper@physx@@@shdfnd@physx@@YAXPEAUSortedNeighbor@GrbTrimeshCookerHelper@1@I@Z 000000018001c930 f i TriangleMeshBuilder.obj
 0001:0001b990       ??$sort@USortedNeighbor@GrbTrimeshCookerHelper@physx@@U?$Less@USortedNeighbor@GrbTrimeshCookerHelper@physx@@@shdfnd@3@VNamedAllocator@53@@shdfnd@physx@@YAXPEAUSortedNeighbor@GrbTrimeshCookerHelper@1@IAEBU?$Less@USortedNeighbor@GrbTrimeshCookerHelper@physx@@@01@AEBVNamedAllocator@01@I@Z 000000018001c990 f i TriangleMeshBuilder.obj
 0001:0001bd50       ??$swap@UEdgeTriLookup@physx@@@shdfnd@physx@@YAXAEAUEdgeTriLookup@1@0@Z 000000018001cd50 f i TriangleMeshBuilder.obj
 0001:0001bdc0       ??$swap@USortedNeighbor@GrbTrimeshCookerHelper@physx@@@shdfnd@physx@@YAXAEAUSortedNeighbor@GrbTrimeshCookerHelper@1@0@Z 000000018001cdc0 f i TriangleMeshBuilder.obj
 0001:0001be30       ??0?$Array@IVNamedAllocator@shdfnd@physx@@@shdfnd@physx@@QEAA@AEBVNamedAllocator@12@@Z 000000018001ce30 f i TriangleMeshBuilder.obj
 0001:0001be90       ??0?$PxFlags@W4Enum@PxMeshFlag@physx@@G@physx@@QEAA@AEBV01@@Z 000000018001ce90 f i TriangleMeshBuilder.obj
 0001:0001bec0       ??0?$PxFlags@W4Enum@PxMeshFlag@physx@@G@physx@@QEAA@W4Enum@PxMeshFlag@1@@Z 000000018001cec0 f i TriangleMeshBuilder.obj
 0001:0001bef0       ??0?$PxFlags@W4Enum@PxMeshFlag@physx@@G@physx@@QEAA@XZ 000000018001cef0 f i TriangleMeshBuilder.obj
 0001:0001bf10       ??0?$PxFlags@W4Enum@PxMeshPreprocessingFlag@physx@@I@physx@@QEAA@AEBV01@@Z 000000018001cf10 f i TriangleMeshBuilder.obj
 0001:0001bf40       ??0?$ReflectionAllocator@E@shdfnd@physx@@QEAA@PEBD@Z 000000018001cf40 f i TriangleMeshBuilder.obj
 0001:0001bf60       ??0?$ReflectionAllocator@G@shdfnd@physx@@QEAA@PEBD@Z 000000018001cf60 f i TriangleMeshBuilder.obj
 0001:0001bf80       ??0?$ReflectionAllocator@I@shdfnd@physx@@QEAA@PEBD@Z 000000018001cf80 f i TriangleMeshBuilder.obj
 0001:0001bfa0       ??0?$ReflectionAllocator@VBV32Tree@Gu@physx@@@shdfnd@physx@@QEAA@PEBD@Z 000000018001cfa0 f i TriangleMeshBuilder.obj
 0001:0001bfc0       ??0?$ReflectionAllocator@VEdgeListBuilder@Gu@physx@@@shdfnd@physx@@QEAA@PEBD@Z 000000018001cfc0 f i TriangleMeshBuilder.obj
 0001:0001bfe0       ??0BV4TriangleData@Gu@physx@@QEAA@XZ 000000018001cfe0 f i TriangleMeshBuilder.obj
 0001:0001c060       ??0EDGELISTCREATE@Gu@physx@@QEAA@XZ 000000018001d060 f i TriangleMeshBuilder.obj
 0001:0001c0e0       ??0PxPlane@physx@@QEAA@AEBVPxVec3@1@0@Z 000000018001d0e0 f i TriangleMeshBuilder.obj
 0001:0001c150       ??0PxSimpleTriangleMesh@physx@@QEAA@AEBV01@@Z 000000018001d150 f i TriangleMeshBuilder.obj
 0001:0001c1d0       ??0PxTriangleMeshDesc@physx@@QEAA@AEBV01@@Z 000000018001d1d0 f i TriangleMeshBuilder.obj
 0001:0001c230       ??0PxVec4@physx@@QEAA@XZ   000000018001d230 f i TriangleMeshBuilder.obj
 0001:0001c240       ??0RTree@Gu@physx@@QEAA@XZ 000000018001d240 f i TriangleMeshBuilder.obj
 0001:0001c300       ??0RTreeCookerRemap@physx@@QEAA@I@Z 000000018001d300 f i TriangleMeshBuilder.obj
 0001:0001c350       ??0RTreeTriangleData@Gu@physx@@QEAA@XZ 000000018001d350 f i TriangleMeshBuilder.obj
 0001:0001c3b0       ??0RemapCallback@RTreeCooker@physx@@QEAA@XZ 000000018001d3b0 f i TriangleMeshBuilder.obj
 0001:0001c3d0       ??0SharpEdgeRange@GrbTrimeshCookerHelper@physx@@QEAA@II@Z 000000018001d3d0 f i TriangleMeshBuilder.obj
 0001:0001c410       ??0SharpEdgeRange@GrbTrimeshCookerHelper@physx@@QEAA@XZ 000000018001d410 f i TriangleMeshBuilder.obj
 0001:0001c440       ??0SortedNeighbor@GrbTrimeshCookerHelper@physx@@QEAA@II_N@Z 000000018001d440 f i TriangleMeshBuilder.obj
 0001:0001c490       ??0TriangleMeshData@Gu@physx@@QEAA@XZ 000000018001d490 f i TriangleMeshBuilder.obj
 0001:0001c5b0       ??1BV4TriangleData@Gu@physx@@UEAA@XZ 000000018001d5b0 f i TriangleMeshBuilder.obj
 0001:0001c620       ??1RTree@Gu@physx@@QEAA@XZ 000000018001d620 f i TriangleMeshBuilder.obj
 0001:0001c640       ??1RTreeCookerRemap@physx@@UEAA@XZ 000000018001d640 f i TriangleMeshBuilder.obj
 0001:0001c660       ??1RTreeTriangleData@Gu@physx@@UEAA@XZ 000000018001d660 f i TriangleMeshBuilder.obj
 0001:0001c6b0       ??1RemapCallback@RTreeCooker@physx@@UEAA@XZ 000000018001d6b0 f i TriangleMeshBuilder.obj
 0001:0001c6d0       ??1TriangleMeshData@Gu@physx@@UEAA@XZ 000000018001d6d0 f i TriangleMeshBuilder.obj
 0001:0001c9b0       ??3UserAllocated@shdfnd@physx@@SAXPEAX@Z 000000018001d9b0 f i TriangleMeshBuilder.obj
 0001:0001c9e0       ??A?$Array@USharpEdgeRange@GrbTrimeshCookerHelper@physx@@VNamedAllocator@shdfnd@3@@shdfnd@physx@@QEAAAEAUSharpEdgeRange@GrbTrimeshCookerHelper@2@I@Z 000000018001d9e0 f i TriangleMeshBuilder.obj
 0001:0001ca80       ??A?$Array@USortedNeighbor@GrbTrimeshCookerHelper@physx@@VNamedAllocator@shdfnd@3@@shdfnd@physx@@QEAAAEAUSortedNeighbor@GrbTrimeshCookerHelper@2@I@Z 000000018001da80 f i TriangleMeshBuilder.obj
 0001:0001cb20       ??APxVec3@physx@@QEAAAEAMI@Z 000000018001db20 f i TriangleMeshBuilder.obj
 0001:0001cbb0       ??B?$PxFlags@W4Enum@PxMeshFlag@physx@@G@physx@@QEBA_NXZ 000000018001dbb0 f i TriangleMeshBuilder.obj
 0001:0001cbf0       ??B?$PxFlags@W4Enum@PxMeshPreprocessingFlag@physx@@I@physx@@QEBA_NXZ 000000018001dbf0 f i TriangleMeshBuilder.obj
 0001:0001cc20       ??DPxVec3@physx@@QEBA?AV01@M@Z 000000018001dc20 f i TriangleMeshBuilder.obj
 0001:0001ccb0       ??GPxVec3@physx@@QEBA?AV01@AEBV01@@Z 000000018001dcb0 f i TriangleMeshBuilder.obj
 0001:0001cd50       ??I?$PxFlags@W4Enum@PxMeshFlag@physx@@G@physx@@QEBA?AV01@W4Enum@PxMeshFlag@1@@Z 000000018001dd50 f i TriangleMeshBuilder.obj
 0001:0001cdc0       ??I?$PxFlags@W4Enum@PxMeshPreprocessingFlag@physx@@I@physx@@QEBA?AV01@W4Enum@PxMeshPreprocessingFlag@1@@Z 000000018001ddc0 f i TriangleMeshBuilder.obj
 0001:0001ce20       ??MEdgeTriLookup@physx@@QEBA_NAEBU01@@Z 000000018001de20 f i TriangleMeshBuilder.obj
 0001:0001ce90       ??MSortedNeighbor@GrbTrimeshCookerHelper@physx@@QEBA_NAEBU012@@Z 000000018001de90 f i TriangleMeshBuilder.obj
 0001:0001cf50       ??NEdgeTriLookup@physx@@QEBA_NAEBU01@@Z 000000018001df50 f i TriangleMeshBuilder.obj
 0001:0001cfc0       ??R?$Less@UEdgeTriLookup@physx@@@shdfnd@physx@@QEBA_NAEBUEdgeTriLookup@2@0@Z 000000018001dfc0 f i TriangleMeshBuilder.obj
 0001:0001cff0       ??R?$Less@USortedNeighbor@GrbTrimeshCookerHelper@physx@@@shdfnd@physx@@QEBA_NAEBUSortedNeighbor@GrbTrimeshCookerHelper@2@0@Z 000000018001dff0 f i TriangleMeshBuilder.obj
 0001:0001d020       ??S?$PxFlags@W4Enum@PxMeshFlag@physx@@G@physx@@QEBA?AV01@XZ 000000018001e020 f i TriangleMeshBuilder.obj
 0001:0001d070       ??Sphysx@@YA?AV?$PxFlags@W4Enum@PxMeshFlag@physx@@G@0@W4Enum@PxMeshFlag@0@@Z 000000018001e070 f i TriangleMeshBuilder.obj
 0001:0001d0b0       ??_4?$PxFlags@W4Enum@PxMeshFlag@physx@@G@physx@@QEAAAEAV01@AEBV01@@Z 000000018001e0b0 f i TriangleMeshBuilder.obj
 0001:0001d0f0       ??_GBV32Tree@Gu@physx@@QEAAPEAXI@Z 000000018001e0f0 f i TriangleMeshBuilder.obj
 0001:0001d160       ??_EBV4TriangleData@Gu@physx@@UEAAPEAXI@Z 000000018001e160 f i TriangleMeshBuilder.obj
 0001:0001d160       ??_GBV4TriangleData@Gu@physx@@UEAAPEAXI@Z 000000018001e160 f i TriangleMeshBuilder.obj
 0001:0001d1d0       ??_EBV4TriangleMeshBuilder@physx@@UEAAPEAXI@Z 000000018001e1d0 f i TriangleMeshBuilder.obj
 0001:0001d1d0       ??_GBV4TriangleMeshBuilder@physx@@UEAAPEAXI@Z 000000018001e1d0 f i TriangleMeshBuilder.obj
 0001:0001d220       ??_GEdgeListBuilder@Gu@physx@@QEAAPEAXI@Z 000000018001e220 f i TriangleMeshBuilder.obj
 0001:0001d290       ??_ERTreeCookerRemap@physx@@UEAAPEAXI@Z 000000018001e290 f i TriangleMeshBuilder.obj
 0001:0001d290       ??_GRTreeCookerRemap@physx@@UEAAPEAXI@Z 000000018001e290 f i TriangleMeshBuilder.obj
 0001:0001d2e0       ??_ERTreeTriangleData@Gu@physx@@UEAAPEAXI@Z 000000018001e2e0 f i TriangleMeshBuilder.obj
 0001:0001d2e0       ??_GRTreeTriangleData@Gu@physx@@UEAAPEAXI@Z 000000018001e2e0 f i TriangleMeshBuilder.obj
 0001:0001d350       ??_ERTreeTriangleMeshBuilder@physx@@UEAAPEAXI@Z 000000018001e350 f i TriangleMeshBuilder.obj
 0001:0001d350       ??_GRTreeTriangleMeshBuilder@physx@@UEAAPEAXI@Z 000000018001e350 f i TriangleMeshBuilder.obj
 0001:0001d3a0       ??_ERemapCallback@RTreeCooker@physx@@UEAAPEAXI@Z 000000018001e3a0 f i TriangleMeshBuilder.obj
 0001:0001d3a0       ??_GRemapCallback@RTreeCooker@physx@@UEAAPEAXI@Z 000000018001e3a0 f i TriangleMeshBuilder.obj
 0001:0001d3f0       ??_GTriangleMeshBuilder@physx@@UEAAPEAXI@Z 000000018001e3f0 f i TriangleMeshBuilder.obj
 0001:0001d3f0       ??_ETriangleMeshBuilder@physx@@UEAAPEAXI@Z 000000018001e3f0 f i TriangleMeshBuilder.obj
 0001:0001d440       ??_GTriangleMeshData@Gu@physx@@UEAAPEAXI@Z 000000018001e440 f i TriangleMeshBuilder.obj
 0001:0001d440       ??_ETriangleMeshData@Gu@physx@@UEAAPEAXI@Z 000000018001e440 f i TriangleMeshBuilder.obj
 0001:0001d4b0       ?HasActiveEdge01@EdgeTriangleAC@Gu@physx@@SAHAEBUEdgeTriangleData@23@@Z 000000018001e4b0 f i TriangleMeshBuilder.obj
 0001:0001d4e0       ?HasActiveEdge12@EdgeTriangleAC@Gu@physx@@SAHAEBUEdgeTriangleData@23@@Z 000000018001e4e0 f i TriangleMeshBuilder.obj
 0001:0001d510       ?HasActiveEdge20@EdgeTriangleAC@Gu@physx@@SAHAEBUEdgeTriangleData@23@@Z 000000018001e510 f i TriangleMeshBuilder.obj
 0001:0001d540       ?LeafSetData@Gu@physx@@YAIII@Z 000000018001e540 f i TriangleMeshBuilder.obj
 0001:0001d650       ?PxRecipSqrt@physx@@YAMM@Z 000000018001e650 f i TriangleMeshBuilder.obj
 0001:0001d670       ?SetData@LeafTriangles@Gu@physx@@QEAAXII@Z 000000018001e670 f i TriangleMeshBuilder.obj
 0001:0001d6b0       ?WriteDwordBuffer@physx@@YAXPEBII_NAEAVPxOutputStream@1@@Z 000000018001e6b0 f i TriangleMeshBuilder.obj
 0001:0001d700       ?allocate@?$Array@USharpEdgeRange@GrbTrimeshCookerHelper@physx@@VNamedAllocator@shdfnd@3@@shdfnd@physx@@IEAAPEAUSharpEdgeRange@GrbTrimeshCookerHelper@3@I@Z 000000018001e700 f i TriangleMeshBuilder.obj
 0001:0001d7b0       ?allocate@?$Array@USortedNeighbor@GrbTrimeshCookerHelper@physx@@VNamedAllocator@shdfnd@3@@shdfnd@physx@@IEAAPEAUSortedNeighbor@GrbTrimeshCookerHelper@3@I@Z 000000018001e7b0 f i TriangleMeshBuilder.obj
 0001:0001d860       ?allocate@?$ReflectionAllocator@E@shdfnd@physx@@QEAAPEAX_KPEBDH@Z 000000018001e860 f i TriangleMeshBuilder.obj
 0001:0001d900       ?allocate@?$ReflectionAllocator@G@shdfnd@physx@@QEAAPEAX_KPEBDH@Z 000000018001e900 f i TriangleMeshBuilder.obj
 0001:0001d9a0       ?allocate@?$ReflectionAllocator@I@shdfnd@physx@@QEAAPEAX_KPEBDH@Z 000000018001e9a0 f i TriangleMeshBuilder.obj
 0001:0001da40       ?allocate@?$ReflectionAllocator@VBV32Tree@Gu@physx@@@shdfnd@physx@@QEAAPEAX_KPEBDH@Z 000000018001ea40 f i TriangleMeshBuilder.obj
 0001:0001dae0       ?allocate@?$ReflectionAllocator@VEdgeListBuilder@Gu@physx@@@shdfnd@physx@@QEAAPEAX_KPEBDH@Z 000000018001eae0 f i TriangleMeshBuilder.obj
 0001:0001db80       ?allocateMaterials@TriangleMeshData@Gu@physx@@QEAAPEAGXZ 000000018001eb80 f i TriangleMeshBuilder.obj
 0001:0001dcf0       ?allocateTriangles@TriangleMeshData@Gu@physx@@QEAAPEAXI_NI@Z 000000018001ecf0 f i TriangleMeshBuilder.obj
 0001:0001dfc0       ?allocateVertices@TriangleMeshData@Gu@physx@@QEAAPEAVPxVec3@3@I@Z 000000018001efc0 f i TriangleMeshBuilder.obj
 0001:0001e0d0       ?begin@?$Array@USortedNeighbor@GrbTrimeshCookerHelper@physx@@VNamedAllocator@shdfnd@3@@shdfnd@physx@@QEAAPEAUSortedNeighbor@GrbTrimeshCookerHelper@3@XZ 000000018001f0d0 f i TriangleMeshBuilder.obj
 0001:0001e0f0       ?capacity@?$Array@USharpEdgeRange@GrbTrimeshCookerHelper@physx@@VNamedAllocator@shdfnd@3@@shdfnd@physx@@QEBAIXZ 000000018001f0f0 f i TriangleMeshBuilder.obj
 0001:0001e110       ?capacity@?$Array@USortedNeighbor@GrbTrimeshCookerHelper@physx@@VNamedAllocator@shdfnd@3@@shdfnd@physx@@QEBAIXZ 000000018001f110 f i TriangleMeshBuilder.obj
 0001:0001e130       ?capacityIncrement@?$Array@USortedNeighbor@GrbTrimeshCookerHelper@physx@@VNamedAllocator@shdfnd@3@@shdfnd@physx@@IEBAIXZ 000000018001f130 f i TriangleMeshBuilder.obj
 0001:0001e180       ?copy@?$Array@USharpEdgeRange@GrbTrimeshCookerHelper@physx@@VNamedAllocator@shdfnd@3@@shdfnd@physx@@KAXPEAUSharpEdgeRange@GrbTrimeshCookerHelper@3@0PEBU453@@Z 000000018001f180 f i TriangleMeshBuilder.obj
 0001:0001e220       ?copy@?$Array@USortedNeighbor@GrbTrimeshCookerHelper@physx@@VNamedAllocator@shdfnd@3@@shdfnd@physx@@KAXPEAUSortedNeighbor@GrbTrimeshCookerHelper@3@0PEBU453@@Z 000000018001f220 f i TriangleMeshBuilder.obj
 0001:0001e2c0       ?create@?$Array@USharpEdgeRange@GrbTrimeshCookerHelper@physx@@VNamedAllocator@shdfnd@3@@shdfnd@physx@@KAXPEAUSharpEdgeRange@GrbTrimeshCookerHelper@3@0AEBU453@@Z 000000018001f2c0 f i TriangleMeshBuilder.obj
 0001:0001e330       ?cross@PxVec3@physx@@QEBA?AV12@AEBV12@@Z 000000018001f330 f i TriangleMeshBuilder.obj
 0001:0001e420       ?deallocate@?$AlignedAllocator@$0IA@VNonTrackingAllocator@shdfnd@physx@@@shdfnd@physx@@QEAAXPEAX@Z 000000018001f420 f i TriangleMeshBuilder.obj
 0001:0001e490       ?deallocate@?$Array@USharpEdgeRange@GrbTrimeshCookerHelper@physx@@VNamedAllocator@shdfnd@3@@shdfnd@physx@@IEAAXPEAX@Z 000000018001f490 f i TriangleMeshBuilder.obj
 0001:0001e4c0       ?deallocate@?$Array@USortedNeighbor@GrbTrimeshCookerHelper@physx@@VNamedAllocator@shdfnd@3@@shdfnd@physx@@IEAAXPEAX@Z 000000018001f4c0 f i TriangleMeshBuilder.obj
 0001:0001e4f0       ?destroy@?$Array@USharpEdgeRange@GrbTrimeshCookerHelper@physx@@VNamedAllocator@shdfnd@3@@shdfnd@physx@@KAXPEAUSharpEdgeRange@GrbTrimeshCookerHelper@3@0@Z 000000018001f4f0 f i TriangleMeshBuilder.obj
 0001:0001e530       ?destroy@?$Array@USortedNeighbor@GrbTrimeshCookerHelper@physx@@VNamedAllocator@shdfnd@3@@shdfnd@physx@@KAXPEAUSortedNeighbor@GrbTrimeshCookerHelper@3@0@Z 000000018001f530 f i TriangleMeshBuilder.obj
 0001:0001e570       ?distance@PxPlane@physx@@QEBAMAEBVPxVec3@2@@Z 000000018001f570 f i TriangleMeshBuilder.obj
 0001:0001e5b0       ?dot@PxVec3@physx@@QEBAMAEBV12@@Z 000000018001f5b0 f i TriangleMeshBuilder.obj
 0001:0001e610       ?findEdgeCCW@?$TriangleT@I@Gu@physx@@QEBAEII@Z 000000018001f610 f i TriangleMeshBuilder.obj
 0001:0001e7c0       ?gatherStrided@Cooking@physx@@SAXPEBXPEAXIII@Z 000000018001f7c0 f i TriangleMeshBuilder.obj
 0001:0001e870       ?getEdgeToTriangles@EdgeList@Gu@physx@@QEBAPEBUEdgeDescData@23@XZ 000000018001f870 f i TriangleMeshBuilder.obj
 0001:0001e890       ?getEdgeTriangle@EdgeList@Gu@physx@@QEBAAEBUEdgeTriangleData@23@I@Z 000000018001f890 f i TriangleMeshBuilder.obj
 0001:0001e8c0       ?getEdges@EdgeList@Gu@physx@@QEBAPEBUEdgeData@23@XZ 000000018001f8c0 f i TriangleMeshBuilder.obj
 0001:0001e8e0       ?getFacesByEdges@EdgeList@Gu@physx@@QEBAPEBIXZ 000000018001f8e0 f i TriangleMeshBuilder.obj
 0001:0001e900       ?getFoundation@shdfnd@physx@@YAAEAVFoundation@12@XZ 000000018001f900 f i TriangleMeshBuilder.obj
 0001:0001e920       ?getMidphaseID@BV4TriangleMeshBuilder@physx@@UEBA?AW4Enum@PxMeshMidPhase@2@XZ 000000018001f920 f i TriangleMeshBuilder.obj
 0001:0001e930       ?getMidphaseID@RTreeTriangleMeshBuilder@physx@@UEBA?AW4Enum@PxMeshMidPhase@2@XZ 000000018001f930 f i TriangleMeshBuilder.obj
 0001:0001e940       ?getName@?$ReflectionAllocator@E@shdfnd@physx@@CAPEBDXZ 000000018001f940 f i TriangleMeshBuilder.obj
 0001:0001e990       ?getName@?$ReflectionAllocator@G@shdfnd@physx@@CAPEBDXZ 000000018001f990 f i TriangleMeshBuilder.obj
 0001:0001e9e0       ?getName@?$ReflectionAllocator@I@shdfnd@physx@@CAPEBDXZ 000000018001f9e0 f i TriangleMeshBuilder.obj
 0001:0001ea30       ?getName@?$ReflectionAllocator@VBV32Tree@Gu@physx@@@shdfnd@physx@@CAPEBDXZ 000000018001fa30 f i TriangleMeshBuilder.obj
 0001:0001ea80       ?getName@?$ReflectionAllocator@VEdgeListBuilder@Gu@physx@@@shdfnd@physx@@CAPEBDXZ 000000018001fa80 f i TriangleMeshBuilder.obj
 0001:0001ead0       ?getNbEdges@EdgeList@Gu@physx@@QEBAIXZ 000000018001fad0 f i TriangleMeshBuilder.obj
 0001:0001eae0       ?getNbFaces@EdgeList@Gu@physx@@QEBAIXZ 000000018001fae0 f i TriangleMeshBuilder.obj
 0001:0001eb00       ?getNormalized@PxVec3@physx@@QEBA?AV12@XZ 000000018001fb00 f i TriangleMeshBuilder.obj
 0001:0001ebb0       ?getRemap@SourceMesh@Gu@physx@@QEBAPEBIXZ 000000018001fbb0 f i TriangleMeshBuilder.obj
 0001:0001ebd0       ?getType@PxMidphaseDesc@physx@@QEBA?AW4Enum@PxMeshMidPhase@2@XZ 000000018001fbd0 f i TriangleMeshBuilder.obj
 0001:0001ebf0       ?grow@?$Array@USharpEdgeRange@GrbTrimeshCookerHelper@physx@@VNamedAllocator@shdfnd@3@@shdfnd@physx@@IEAAXI@Z 000000018001fbf0 f i TriangleMeshBuilder.obj
 0001:0001ec90       ?grow@?$Array@USortedNeighbor@GrbTrimeshCookerHelper@physx@@VNamedAllocator@shdfnd@3@@shdfnd@physx@@IEAAXI@Z 000000018001fc90 f i TriangleMeshBuilder.obj
 0001:0001ed30       ?growAndPushBack@?$Array@USortedNeighbor@GrbTrimeshCookerHelper@physx@@VNamedAllocator@shdfnd@3@@shdfnd@physx@@IEAAAEAUSortedNeighbor@GrbTrimeshCookerHelper@3@AEBU453@@Z 000000018001fd30 f i TriangleMeshBuilder.obj
 0001:0001ef70       ?has16BitIndices@TriangleMeshData@Gu@physx@@QEBA_NXZ 000000018001ff70 f i TriangleMeshBuilder.obj
 0001:0001efb0       ?initRemap@SourceMesh@Gu@physx@@QEAAXXZ 000000018001ffb0 f i TriangleMeshBuilder.obj
 0001:0001efd0       ?isInUserMemory@?$Array@USharpEdgeRange@GrbTrimeshCookerHelper@physx@@VNamedAllocator@shdfnd@3@@shdfnd@physx@@QEBAIXZ 000000018001ffd0 f i TriangleMeshBuilder.obj
 0001:0001eff0       ?isInUserMemory@?$Array@USortedNeighbor@GrbTrimeshCookerHelper@physx@@VNamedAllocator@shdfnd@3@@shdfnd@physx@@QEBAIXZ 000000018001fff0 f i TriangleMeshBuilder.obj
 0001:0001f010       ?isValid@PxBVH33MidphaseDesc@physx@@QEBA_NXZ 0000000180020010 f i TriangleMeshBuilder.obj
 0001:0001f050       ?isValid@PxBVH34MidphaseDesc@physx@@QEBA_NXZ 0000000180020050 f i TriangleMeshBuilder.obj
 0001:0001f080       ?isValid@PxMidphaseDesc@physx@@QEBA_NXZ 0000000180020080 f i TriangleMeshBuilder.obj
 0001:0001f0e0       ?isValid@PxSimpleTriangleMesh@physx@@QEBA_NXZ 00000001800200e0 f i TriangleMeshBuilder.obj
 0001:0001f1f0       ?isValid@PxTriangleMeshDesc@physx@@QEBA_NXZ 00000001800201f0 f i TriangleMeshBuilder.obj
 0001:0001f280       ?magnitudeSquared@PxVec3@physx@@QEBAMXZ 0000000180020280 f i TriangleMeshBuilder.obj
 0001:0001f2e0       ?name@type_info@@QEBAPEBDXZ 00000001800202e0 f i TriangleMeshBuilder.obj
 0001:0001f310       ?onMeshIndexFormatChange@TriangleMeshBuilder@physx@@UEAAXXZ 0000000180020310 f i TriangleMeshBuilder.obj
 0001:0001f320       ?pushBack@?$Array@USortedNeighbor@GrbTrimeshCookerHelper@physx@@VNamedAllocator@shdfnd@3@@shdfnd@physx@@QEAAAEAUSortedNeighbor@GrbTrimeshCookerHelper@3@AEBU453@@Z 0000000180020320 f i TriangleMeshBuilder.obj
 0001:0001f3f0       ?recipSqrt@intrinsics@physx@@YAMM@Z 00000001800203f0 f i TriangleMeshBuilder.obj
 0001:0001f430       ?recreate@?$Array@USharpEdgeRange@GrbTrimeshCookerHelper@physx@@VNamedAllocator@shdfnd@3@@shdfnd@physx@@IEAAXI@Z 0000000180020430 f i TriangleMeshBuilder.obj
 0001:0001f590       ?recreate@?$Array@USortedNeighbor@GrbTrimeshCookerHelper@physx@@VNamedAllocator@shdfnd@3@@shdfnd@physx@@IEAAXI@Z 0000000180020590 f i TriangleMeshBuilder.obj
 0001:0001f6f0       ?release@RTree@Gu@physx@@QEAAXXZ 00000001800206f0 f i TriangleMeshBuilder.obj
 0001:0001f770       ?releaseRemap@SourceMesh@Gu@physx@@QEAAXXZ 0000000180020770 f i TriangleMeshBuilder.obj
 0001:0001f7c0       ?remap@RTreeCookerRemap@physx@@UEAAXPEAIII@Z 00000001800207c0 f i TriangleMeshBuilder.obj
 0001:0001fa30       ?reserve@?$Array@USharpEdgeRange@GrbTrimeshCookerHelper@physx@@VNamedAllocator@shdfnd@3@@shdfnd@physx@@QEAAXI@Z 0000000180020a30 f i TriangleMeshBuilder.obj
 0001:0001fa70       ?reserve@?$Array@USortedNeighbor@GrbTrimeshCookerHelper@physx@@VNamedAllocator@shdfnd@3@@shdfnd@physx@@QEAAXI@Z 0000000180020a70 f i TriangleMeshBuilder.obj
 0001:0001fab0       ?resize@?$Array@USharpEdgeRange@GrbTrimeshCookerHelper@physx@@VNamedAllocator@shdfnd@3@@shdfnd@physx@@QEAAXIAEBUSharpEdgeRange@GrbTrimeshCookerHelper@3@@Z 0000000180020ab0 f i TriangleMeshBuilder.obj
 0001:0001fb70       ?resizeUninitialized@?$Array@USortedNeighbor@GrbTrimeshCookerHelper@physx@@VNamedAllocator@shdfnd@3@@shdfnd@physx@@QEAAXI@Z 0000000180020b70 f i TriangleMeshBuilder.obj
 0001:0001fbb0       ?setNbTriangles@SourceMesh@Gu@physx@@QEAAXI@Z 0000000180020bb0 f i TriangleMeshBuilder.obj
 0001:0001fbd0       ?setNbVertices@SourceMesh@Gu@physx@@QEAAXI@Z 0000000180020bd0 f i TriangleMeshBuilder.obj
 0001:0001fbf0       ?setPointers@SourceMesh@Gu@physx@@QEAAXPEAVIndTri32@23@PEAVIndTri16@23@PEBVPxVec3@3@@Z 0000000180020bf0 f i TriangleMeshBuilder.obj
 0001:0001fc40       ?setTriangleAdjacency@TriangleMeshData@Gu@physx@@QEAAXIII@Z 0000000180020c40 f i TriangleMeshBuilder.obj
 0001:0001fcf0       ?size@?$Array@USortedNeighbor@GrbTrimeshCookerHelper@physx@@VNamedAllocator@shdfnd@3@@shdfnd@physx@@QEBAIXZ 0000000180020cf0 f i TriangleMeshBuilder.obj
 0001:0001fd10       ?to16@shdfnd@physx@@YAGI@Z 0000000180020d10 f i TriangleMeshBuilder.obj
 0001:0001fd90       ?writeChunk@physx@@YAXCCCCAEAVPxOutputStream@1@@Z 0000000180020d90 f i TriangleMeshBuilder.obj
 0001:0001fe40       ?writeIntBuffer@physx@@YAXPEBII_NAEAVPxOutputStream@1@@Z 0000000180020e40 f i TriangleMeshBuilder.obj
 0001:0001fe90       ??0BigConvexDataBuilder@physx@@QEAA@PEBUConvexHullData@Gu@1@PEAVBigConvexData@1@PEBVPxVec3@1@@Z 0000000180020e90 f   BigConvexDataBuilder.obj
 0001:0001fee0       ??1BigConvexDataBuilder@physx@@QEAA@XZ 0000000180020ee0 f   BigConvexDataBuilder.obj
 0001:0001fef0       ?precompute@BigConvexDataBuilder@physx@@QEAA_NI@Z 0000000180020ef0 f   BigConvexDataBuilder.obj
 0001:00020510       ?initialize@BigConvexDataBuilder@physx@@QEAA_NXZ 0000000180021510 f   BigConvexDataBuilder.obj
 0001:00020580       ?save@BigConvexDataBuilder@physx@@QEBA_NAEAVPxOutputStream@2@_N@Z 0000000180021580 f   BigConvexDataBuilder.obj
 0001:000206b0       ?computeValencies@BigConvexDataBuilder@physx@@QEAA_NAEBVConvexHullBuilder@2@@Z 00000001800216b0 f   BigConvexDataBuilder.obj
 0001:00020ef0       ?saveValencies@BigConvexDataBuilder@physx@@QEBA_NAEAVPxOutputStream@2@_N@Z 0000000180021ef0 f   BigConvexDataBuilder.obj
 0001:000215e0       ??B?$PxBitAndDataT@G$0IAAA@@physx@@QEBAGXZ 00000001800225e0 f i BigConvexDataBuilder.obj
 0001:00021600       ??_0PxVec3@physx@@QEAAAEAV01@M@Z 0000000180022600 f i BigConvexDataBuilder.obj
 0001:00021690       ?PxMemZero@physx@@YAPEAXPEAXI@Z 0000000180022690 f i BigConvexDataBuilder.obj
 0001:000216c0       ?PxSqrt@physx@@YAMM@Z      00000001800226c0 f i BigConvexDataBuilder.obj
 0001:000216e0       ?magnitude@PxVec3@physx@@QEBAMXZ 00000001800226e0 f i BigConvexDataBuilder.obj
 0001:00021710       ?memZero@intrinsics@physx@@YAPEAXPEAXI@Z 0000000180022710 f i BigConvexDataBuilder.obj
 0001:00021750       ?normalize@PxVec3@physx@@QEAAMXZ 0000000180022750 f i BigConvexDataBuilder.obj
 0001:000217b0       ?precomputeSample@BigConvexDataBuilder@physx@@IEAAXAEBVPxVec3@2@AEAEM@Z 00000001800227b0 f i BigConvexDataBuilder.obj
 0001:00021a70       ?sqrt@intrinsics@physx@@YAMM@Z 0000000180022a70 f i BigConvexDataBuilder.obj
 0001:00021b20       ??0ConvexHullBuilder@physx@@QEAA@PEAUConvexHullData@Gu@1@_N@Z 0000000180022b20 f   ConvexHullBuilder.obj
 0001:00021bb0       ??1ConvexHullBuilder@physx@@QEAA@XZ 0000000180022bb0 f   ConvexHullBuilder.obj
 0001:00021cf0       ?init@ConvexHullBuilder@physx@@QEAA_NIPEBVPxVec3@2@PEBIIIPEBUPxHullPolygon@2@_NPEAVConvexHullLib@2@@Z 0000000180022cf0 f   ConvexHullBuilder.obj
 0001:000225c0       ?save@ConvexHullBuilder@physx@@QEBA_NAEAVPxOutputStream@2@_N@Z 00000001800235c0 f   ConvexHullBuilder.obj
 0001:000229f0       ?copy@ConvexHullBuilder@physx@@QEAA_NAEAUConvexHullData@Gu@2@AEAI@Z 00000001800239f0 f   ConvexHullBuilder.obj
 0001:00023180       ?createEdgeList@ConvexHullBuilder@physx@@QEAA_N_NI@Z 0000000180024180 f   ConvexHullBuilder.obj
 0001:00023f80       ?checkHullPolygons@ConvexHullBuilder@physx@@QEBA_NXZ 0000000180024f80 f   ConvexHullBuilder.obj
 0001:00024830       ?calculateVertexMapTable@ConvexHullBuilder@physx@@QEAA_NI_N@Z 0000000180025830 f   ConvexHullBuilder.obj
 0001:00024ae0       ?computeGeomCenter@ConvexHullBuilder@physx@@IEBA_NAEAVPxVec3@2@IPEAUHullTriangleData@2@@Z 0000000180025ae0 f   ConvexHullBuilder.obj
 0001:00025900       ??$?_UUEdgeDescData@Gu@physx@@@@YAPEAX_KV?$ReflectionAllocator@UEdgeDescData@Gu@physx@@@shdfnd@physx@@PEBDH@Z 0000000180026900 f i ConvexHullBuilder.obj
 0001:00025950       ??$?_U_N@@YAPEAX_KV?$ReflectionAllocator@_N@shdfnd@physx@@PEBDH@Z 0000000180026950 f i ConvexHullBuilder.obj
 0001:000259a0       ??0?$PxBitAndDataT@G$0IAAA@@physx@@QEAA@G_N@Z 00000001800269a0 f i ConvexHullBuilder.obj
 0001:00025a00       ??0?$ReflectionAllocator@UEdgeDescData@Gu@physx@@@shdfnd@physx@@QEAA@PEBD@Z 0000000180026a00 f i ConvexHullBuilder.obj
 0001:00025a20       ??0?$ReflectionAllocator@_N@shdfnd@physx@@QEAA@PEBD@Z 0000000180026a20 f i ConvexHullBuilder.obj
 0001:00025a40       ??0?$TriangleT@I@Gu@physx@@QEAA@III@Z 0000000180026a40 f i ConvexHullBuilder.obj
 0001:00025ab0       ??0HullPolygonData@Gu@physx@@QEAA@AEBU012@@Z 0000000180026ab0 f i ConvexHullBuilder.obj
 0001:00025b30       ??0PxPlane@physx@@QEAA@AEBV01@@Z 0000000180026b30 f i ConvexHullBuilder.obj
 0001:00025b80       ??0PxPlane@physx@@QEAA@MMMM@Z 0000000180026b80 f i ConvexHullBuilder.obj
 0001:00025bf0       ??4PxPlane@physx@@QEAAAEAV01@$$QEAV01@@Z 0000000180026bf0 f i ConvexHullBuilder.obj
 0001:00025c40       ??YPxVec3@physx@@QEAAAEAV01@AEBV01@@Z 0000000180026c40 f i ConvexHullBuilder.obj
 0001:00025cc0       ?PxMemSet@physx@@YAPEAXPEAXHI@Z 0000000180026cc0 f i ConvexHullBuilder.obj
 0001:00025d00       ?allocate@?$ReflectionAllocator@UEdgeDescData@Gu@physx@@@shdfnd@physx@@QEAAPEAX_KPEBDH@Z 0000000180026d00 f i ConvexHullBuilder.obj
 0001:00025da0       ?allocate@?$ReflectionAllocator@_N@shdfnd@physx@@QEAAPEAX_KPEBDH@Z 0000000180026da0 f i ConvexHullBuilder.obj
 0001:00025e40       ?area@?$TriangleT@I@Gu@physx@@QEBAMPEBVPxVec3@3@@Z 0000000180026e40 f i ConvexHullBuilder.obj
 0001:00025f60       ?center@?$TriangleT@I@Gu@physx@@QEBAXPEBVPxVec3@3@AEAV43@@Z 0000000180026f60 f i ConvexHullBuilder.obj
 0001:00026070       ?computeBufferSize@Gu@physx@@YAIAEBUConvexHullData@12@I@Z 0000000180027070 f i ConvexHullBuilder.obj
 0001:000261d0       ?computeNbPolygons@ConvexHullBuilder@physx@@QEBAIXZ 00000001800271d0 f i ConvexHullBuilder.obj
 0001:00026270       ?flip@physx@@YAXAEAG@Z     0000000180027270 f i ConvexHullBuilder.obj
 0001:000262f0       ?flip@physx@@YAXAEAM@Z     00000001800272f0 f i ConvexHullBuilder.obj
 0001:000263e0       ?flipData@Gu@physx@@YAXAEAUHullPolygonData@12@@Z 00000001800273e0 f i ConvexHullBuilder.obj
 0001:00026460       ?getName@?$ReflectionAllocator@UEdgeDescData@Gu@physx@@@shdfnd@physx@@CAPEBDXZ 0000000180027460 f i ConvexHullBuilder.obj
 0001:000264b0       ?getName@?$ReflectionAllocator@_N@shdfnd@physx@@CAPEBDXZ 00000001800274b0 f i ConvexHullBuilder.obj
 0001:00026500       ?isBitSet@?$PxBitAndDataT@G$0IAAA@@physx@@QEBAGXZ 0000000180027500 f i ConvexHullBuilder.obj
 0001:00026520       ?memSet@intrinsics@physx@@YAPEAXPEAXHI@Z 0000000180027520 f i ConvexHullBuilder.obj
 0001:00026560       ?to8@shdfnd@physx@@YAEI@Z  0000000180027560 f i ConvexHullBuilder.obj
 0001:000265e0       ??1ConvexHullLib@physx@@UEAA@XZ 00000001800275e0 f   ConvexHullLib.obj
 0001:00026660       ?cleanupVertices@ConvexHullLib@physx@@IEAA_NIPEBVPxVec3@2@IAEAIPEAV32@AEAV32@3@Z 0000000180027660 f   ConvexHullLib.obj
 0001:00026d30       ?shiftAndcleanupVertices@ConvexHullLib@physx@@IEAA_NIPEBVPxVec3@2@IAEAIPEAV32@AEAV32@3@Z 0000000180027d30 f   ConvexHullLib.obj
 0001:00026f40       ?swapLargestFace@ConvexHullLib@physx@@IEAAXAEAVPxConvexMeshDesc@2@@Z 0000000180027f40 f   ConvexHullLib.obj
 0001:00027330       ?shiftConvexMeshDesc@ConvexHullLib@physx@@IEAAXAEAVPxConvexMeshDesc@2@@Z 0000000180028330 f   ConvexHullLib.obj
 0001:000280d0       ??0?$PxFlags@W4Enum@PxConvexFlag@physx@@G@physx@@QEAA@AEBV01@@Z 00000001800290d0 f i ConvexHullLib.obj
 0001:00028100       ??0PxBounds3@physx@@QEAA@XZ 0000000180029100 f i ConvexHullLib.obj
 0001:00028140       ??B?$PxFlags@W4Enum@PxConvexFlag@physx@@G@physx@@QEBA_NXZ 0000000180029140 f i ConvexHullLib.obj
 0001:00028180       ??I?$PxFlags@W4Enum@PxConvexFlag@physx@@G@physx@@QEBA?AV01@W4Enum@PxConvexFlag@1@@Z 0000000180029180 f i ConvexHullLib.obj
 0001:000281f0       ??_GConvexHullLib@physx@@UEAAPEAXI@Z 00000001800291f0 f i ConvexHullLib.obj
 0001:000281f0       ??_EConvexHullLib@physx@@UEAAPEAXI@Z 00000001800291f0 f i ConvexHullLib.obj
 0001:00028240       ?getCenter@PxBounds3@physx@@QEBA?AVPxVec3@2@XZ 0000000180029240 f i ConvexHullLib.obj
 0001:00028310       ?getDimensions@PxBounds3@physx@@QEBA?AVPxVec3@2@XZ 0000000180029310 f i ConvexHullLib.obj
 0001:000283c0       ?include@PxBounds3@physx@@QEAAXAEBVPxVec3@2@@Z 00000001800293c0 f i ConvexHullLib.obj
 0001:000284b0       ?maximum@PxVec3@physx@@QEBA?AV12@AEBV12@@Z 00000001800294b0 f i ConvexHullLib.obj
 0001:00028570       ?minimum@PxVec3@physx@@QEBA?AV12@AEBV12@@Z 0000000180029570 f i ConvexHullLib.obj
 0001:00028630       ?multiply@PxVec3@physx@@QEBA?AV12@AEBV12@@Z 0000000180029630 f i ConvexHullLib.obj
 0001:000286d0       ??0ConvexHull@physx@@QEAA@AEBVPxVec3@1@0AEBV?$Array@VPxPlane@physx@@VNamedAllocator@shdfnd@2@@shdfnd@1@@Z 00000001800296d0 f   ConvexHullUtils.obj
 0001:00028f80       ??0ConvexHull@physx@@QEAA@AEBVPxVec3@1@AEBVPxTransform@1@AEBV?$Array@VPxPlane@physx@@VNamedAllocator@shdfnd@2@@shdfnd@1@@Z 0000000180029f80 f   ConvexHullUtils.obj
 0001:000299b0       ?findCandidatePlane@ConvexHull@physx@@QEBAHMM@Z 000000018002a9b0 f   ConvexHullUtils.obj
 0001:00029db0       ?assertIntact@ConvexHull@physx@@QEBA_NM@Z 000000018002adb0 f   ConvexHullUtils.obj
 0001:0002a5b0       ?maxNumVertsPerFace@ConvexHull@physx@@QEBAIXZ 000000018002b5b0 f   ConvexHullUtils.obj
 0001:0002a680       ?convexHullCrop@physx@@YAPEAVConvexHull@1@AEBV21@AEBVPxPlane@1@M@Z 000000018002b680 f   ConvexHullUtils.obj
 0001:0002bd00       ?computeOBBFromConvex@physx@@YA_NAEBVPxConvexMeshDesc@1@AEAVPxVec3@1@AEAVPxTransform@1@@Z 000000018002cd00 f   ConvexHullUtils.obj
 0001:0002c650       ?computeOBBSIMD@local@@YAXIPEBT__m128@@AEAT2@AEBT2@1@Z 000000018002d650 f   ConvexHullUtils.obj
 0001:0002de20       ??$?2V?$ReflectionAllocator@VConvexHull@physx@@@shdfnd@physx@@@UserAllocated@shdfnd@physx@@SAPEAX_KV?$ReflectionAllocator@VConvexHull@physx@@@12@PEBDH@Z 000000018002ee20 f i ConvexHullUtils.obj
 0001:0002de70       ??$PX_UNUSED@W4PxIDENTITY@physx@@@@YAXAEBW4PxIDENTITY@physx@@@Z 000000018002ee70 f i ConvexHullUtils.obj
 0001:0002de80       ??0?$Array@VHalfEdge@ConvexHull@physx@@VNamedAllocator@shdfnd@3@@shdfnd@physx@@QEAA@AEBVNamedAllocator@12@@Z 000000018002ee80 f i ConvexHullUtils.obj
 0001:0002dee0       ??0?$Array@VPxPlane@physx@@VNamedAllocator@shdfnd@2@@shdfnd@physx@@QEAA@AEBVNamedAllocator@12@@Z 000000018002eee0 f i ConvexHullUtils.obj
 0001:0002df40       ??0?$PxFlags@W4Enum@PxConvexFlag@physx@@G@physx@@QEAA@XZ 000000018002ef40 f i ConvexHullUtils.obj
 0001:0002df60       ??0?$ReflectionAllocator@VConvexHull@physx@@@shdfnd@physx@@QEAA@PEBD@Z 000000018002ef60 f i ConvexHullUtils.obj
 0001:0002df80       ??0ConvexHull@physx@@QEAA@AEBV01@@Z 000000018002ef80 f i ConvexHullUtils.obj
 0001:0002e060       ??0ConvexHull@physx@@QEAA@AEBV?$Array@VPxPlane@physx@@VNamedAllocator@shdfnd@2@@shdfnd@1@@Z 000000018002f060 f i ConvexHullUtils.obj
 0001:0002e130       ??0HalfEdge@ConvexHull@physx@@QEAA@FEE@Z 000000018002f130 f i ConvexHullUtils.obj
 0001:0002e190       ??0HalfEdge@ConvexHull@physx@@QEAA@XZ 000000018002f190 f i ConvexHullUtils.obj
 0001:0002e1a0       ??0Mat33V@aos@shdfnd@physx@@QEAA@XZ 000000018002f1a0 f i ConvexHullUtils.obj
 0001:0002e1b0       ??0PxBoundedData@physx@@QEAA@XZ 000000018002f1b0 f i ConvexHullUtils.obj
 0001:0002e1f0       ??0PxConvexMeshDesc@physx@@QEAA@XZ 000000018002f1f0 f i ConvexHullUtils.obj
 0001:0002e280       ??0PxIntegrals@physx@@QEAA@XZ 000000018002f280 f i ConvexHullUtils.obj
 0001:0002e2b0       ??0PxMat33@physx@@QEAA@AEBV01@@Z 000000018002f2b0 f i ConvexHullUtils.obj
 0001:0002e330       ??0PxMat33@physx@@QEAA@AEBVPxQuat@1@@Z 000000018002f330 f i ConvexHullUtils.obj
 0001:0002e670       ??0PxMat33@physx@@QEAA@AEBVPxVec3@1@00@Z 000000018002f670 f i ConvexHullUtils.obj
 0001:0002e6f0       ??0PxMat33@physx@@QEAA@W4PxIDENTITY@1@@Z 000000018002f6f0 f i ConvexHullUtils.obj
 0001:0002e790       ??0PxMat33@physx@@QEAA@XZ  000000018002f790 f i ConvexHullUtils.obj
 0001:0002e7f0       ??0PxPlane@physx@@QEAA@AEBVPxVec3@1@00@Z 000000018002f7f0 f i ConvexHullUtils.obj
 0001:0002e8e0       ??0PxPlane@physx@@QEAA@AEBVPxVec3@1@M@Z 000000018002f8e0 f i ConvexHullUtils.obj
 0001:0002e930       ??0PxPlane@physx@@QEAA@XZ  000000018002f930 f i ConvexHullUtils.obj
 0001:0002e960       ??0PxQuat@physx@@QEAA@MAEBVPxVec3@1@@Z 000000018002f960 f i ConvexHullUtils.obj
 0001:0002eac0       ??0PxQuat@physx@@QEAA@XZ   000000018002fac0 f i ConvexHullUtils.obj
 0001:0002ead0       ??0PxStridedData@physx@@QEAA@XZ 000000018002fad0 f i ConvexHullUtils.obj
 0001:0002eb00       ??4PxPlane@physx@@QEAAAEAV01@AEBV01@@Z 000000018002fb00 f i ConvexHullUtils.obj
 0001:0002eb50       ??8PxPlane@physx@@QEBA_NAEBV01@@Z 000000018002fb50 f i ConvexHullUtils.obj
 0001:0002ebc0       ??8PxVec3@physx@@QEBA_NAEBV01@@Z 000000018002fbc0 f i ConvexHullUtils.obj
 0001:0002ec40       ??A?$Array@VHalfEdge@ConvexHull@physx@@VNamedAllocator@shdfnd@3@@shdfnd@physx@@QEAAAEAVHalfEdge@ConvexHull@2@I@Z 000000018002fc40 f i ConvexHullUtils.obj
 0001:0002ece0       ??A?$Array@VHalfEdge@ConvexHull@physx@@VNamedAllocator@shdfnd@3@@shdfnd@physx@@QEBAAEBVHalfEdge@ConvexHull@2@I@Z 000000018002fce0 f i ConvexHullUtils.obj
 0001:0002ed80       ??A?$Array@VPxPlane@physx@@VNamedAllocator@shdfnd@2@@shdfnd@physx@@QEBAAEBVPxPlane@2@I@Z 000000018002fd80 f i ConvexHullUtils.obj
 0001:0002ee20       ??A?$Array@VPxVec3@physx@@VNamedAllocator@shdfnd@2@@shdfnd@physx@@QEAAAEAVPxVec3@2@I@Z 000000018002fe20 f i ConvexHullUtils.obj
 0001:0002eec0       ??A?$Array@VPxVec3@physx@@VNamedAllocator@shdfnd@2@@shdfnd@physx@@QEBAAEBVPxVec3@2@I@Z 000000018002fec0 f i ConvexHullUtils.obj
 0001:0002ef60       ??APxMat33@physx@@QEAAAEAVPxVec3@1@I@Z 000000018002ff60 f i ConvexHullUtils.obj
 0001:0002ef90       ??GPxVec3@physx@@QEBA?AV01@XZ 000000018002ff90 f i ConvexHullUtils.obj
 0001:0002f020       ??RPxMat33@physx@@QEAAAEAMII@Z 0000000180030020 f i ConvexHullUtils.obj
 0001:0002f060       ??XPxVec3@physx@@QEAAAEAV01@M@Z 0000000180030060 f i ConvexHullUtils.obj
 0001:0002f0e0       ?FAdd@aos@shdfnd@physx@@YA?AT__m128@@T4@0@Z 00000001800300e0 f i ConvexHullUtils.obj
 0001:0002f230       ?FMul@aos@shdfnd@physx@@YA?AT__m128@@T4@0@Z 0000000180030230 f i ConvexHullUtils.obj
 0001:0002f380       ?FScaleAdd@aos@shdfnd@physx@@YA?AT__m128@@T4@00@Z 0000000180030380 f i ConvexHullUtils.obj
 0001:0002f5e0       ?PxCos@physx@@YAMM@Z       00000001800305e0 f i ConvexHullUtils.obj
 0001:0002f600       ?PxSin@physx@@YAMM@Z       0000000180030600 f i ConvexHullUtils.obj
 0001:0002f620       ?QuatGetMat33V@aos@shdfnd@physx@@YAXAEBT__m128@@AEAT4@11@Z 0000000180030620 f i ConvexHullUtils.obj
 0001:0002fac0       ?QuatRotateInv@aos@shdfnd@physx@@YA?AT__m128@@T4@0@Z 0000000180030ac0 f i ConvexHullUtils.obj
 0001:0002fe50       ?QuatVLoadU@aos@shdfnd@physx@@YA?AT__m128@@PEBM@Z 0000000180030e50 f i ConvexHullUtils.obj
 0001:0002fe80       ?V3Cross@aos@shdfnd@physx@@YA?AT__m128@@T4@0@Z 0000000180030e80 f i ConvexHullUtils.obj
 0001:000300f0       ?V3NegScaleSub@aos@shdfnd@physx@@YA?AT__m128@@T4@00@Z 00000001800310f0 f i ConvexHullUtils.obj
 0001:00030350       ?V3Scale@aos@shdfnd@physx@@YA?AT__m128@@T4@0@Z 0000000180031350 f i ConvexHullUtils.obj
 0001:000304a0       ?V3ScaleAdd@aos@shdfnd@physx@@YA?AT__m128@@T4@00@Z 00000001800314a0 f i ConvexHullUtils.obj
 0001:00030700       ?V4Add@aos@shdfnd@physx@@YA?AT__m128@@T4@0@Z 0000000180031700 f i ConvexHullUtils.obj
 0001:00030740       ?V4GetW@aos@shdfnd@physx@@YA?AT__m128@@T4@@Z 0000000180031740 f i ConvexHullUtils.obj
 0001:00030770       ?V4GetX@aos@shdfnd@physx@@YA?AT__m128@@T4@@Z 0000000180031770 f i ConvexHullUtils.obj
 0001:000307a0       ?V4GetY@aos@shdfnd@physx@@YA?AT__m128@@T4@@Z 00000001800317a0 f i ConvexHullUtils.obj
 0001:000307d0       ?V4GetZ@aos@shdfnd@physx@@YA?AT__m128@@T4@@Z 00000001800317d0 f i ConvexHullUtils.obj
 0001:00030800       ?V4LoadU@aos@shdfnd@physx@@YA?AT__m128@@QEBM@Z 0000000180031800 f i ConvexHullUtils.obj
 0001:00030830       ?V4Max@aos@shdfnd@physx@@YA?AT__m128@@T4@0@Z 0000000180031830 f i ConvexHullUtils.obj
 0001:00030870       ?V4Min@aos@shdfnd@physx@@YA?AT__m128@@T4@0@Z 0000000180031870 f i ConvexHullUtils.obj
 0001:000308b0       ?V4Mul@aos@shdfnd@physx@@YA?AT__m128@@T4@0@Z 00000001800318b0 f i ConvexHullUtils.obj
 0001:000308f0       ?V4MulAdd@aos@shdfnd@physx@@YA?AT__m128@@T4@00@Z 00000001800318f0 f i ConvexHullUtils.obj
[...]
 0003:00000b46       ?_ignore@?2??growAndPushBack@?$Array@PEAUQuickHullHalfEdge@local@@VNamedAllocator@shdfnd@physx@@@shdfnd@physx@@IEAAAEAPEAUQuickHullHalfEdge@local@@AEBQEAU56@@Z@4_NA 000000018007fb46     QuickHullConvexHullLib.obj
 0003:00000b47       ?_ignore@?2??recreate@?$Array@PEAUQuickHullHalfEdge@local@@VNamedAllocator@shdfnd@physx@@@shdfnd@physx@@IEAAXI@Z@4_NA 000000018007fb47     QuickHullConvexHullLib.obj
 0003:00000b48       ?_ignore@?2??growAndPushBack@?$Array@PEAUQuickHullFace@local@@VNamedAllocator@shdfnd@physx@@@shdfnd@physx@@IEAAAEAPEAUQuickHullFace@local@@AEBQEAU56@@Z@4_NA 000000018007fb48     QuickHullConvexHullLib.obj
 0003:00000b49       ?_ignore@?2??recreate@?$Array@PEAUQuickHullFace@local@@VNamedAllocator@shdfnd@physx@@@shdfnd@physx@@IEAAXI@Z@4_NA 000000018007fb49     QuickHullConvexHullLib.obj
 0003:00000b4a       ?_ignore@?2??growAndPushBack@?$Array@UExpandPoint@local@@VNamedAllocator@shdfnd@physx@@@shdfnd@physx@@IEAAAEAUExpandPoint@local@@AEBU56@@Z@4_NA 000000018007fb4a     QuickHullConvexHullLib.obj
 0003:00000b4b       ?_ignore@?2??recreate@?$Array@UExpandPoint@local@@VNamedAllocator@shdfnd@physx@@@shdfnd@physx@@IEAAXI@Z@4_NA 000000018007fb4b     QuickHullConvexHullLib.obj
 0003:00000bc3       ?_ignore@?2??FAllGrtr@aos@shdfnd@physx@@YAIT__m128@@0@Z@4_NA 000000018007fbc3     VolumeIntegration.obj
 0003:00000bc4       ?_ignore@?3??FAllGrtr@aos@shdfnd@physx@@YAIT__m128@@0@Z@4_NA 000000018007fbc4     VolumeIntegration.obj
 0003:00000bc5       ?_ignore@?2??V4ScaleInv@aos@shdfnd@physx@@YA?AT__m128@@T5@0@Z@4_NA 000000018007fbc5     VolumeIntegration.obj
 0003:00000c4e       ?_ignore@?P@???$kmeans_cluster@VPxVec3@physx@@M@@YAIPEBVPxVec3@physx@@IIPEAV12@PEAIMM@Z@4_NA 000000018007fc4e     Quantizer.obj
 0003:00000c50       __hmod__PxFoundationDEBUG_x64_dll 000000018007fc50     PxFoundationDEBUG_x64:PxFoundationDEBUG_x64.dll
 0003:00000c58       __hmod__PhysX3CommonDEBUG_x64_dll 000000018007fc58     PhysX3CommonDEBUG_x64:PhysX3CommonDEBUG_x64.dll
 0003:00000c60       ?DloadKernel32@@3PEAUHINSTANCE__@@EA 000000018007fc60     delayimp:delayhlp.obj
 0003:00000c68       ?DloadAcquireSRWLockExclusive@@3P6AXPEA_K@ZEA 000000018007fc68     delayimp:delayhlp.obj
 0003:00000c70       ?DloadReleaseSRWLockExclusive@@3P6AXPEA_K@ZEA 000000018007fc70     delayimp:delayhlp.obj
 0003:00000c78       ?DloadSrwLock@@3_KA        000000018007fc78     delayimp:delayhlp.obj
 0003:00000c80       ?DloadSectionLockCount@@3KA 000000018007fc80     delayimp:delayhlp.obj
 0003:00000c84       ?DloadSectionOldProtection@@3KA 000000018007fc84     delayimp:delayhlp.obj
 0003:00000c88       ?DloadSectionCommitPermanent@@3KA 000000018007fc88     delayimp:delayhlp.obj
 0003:00000ca0       ?__type_info_root_node@@3U__type_info_node@@A 000000018007fca0     MSVCRTD:tncleanup.obj
 0003:00000cd0       ?_OptionsStorage@?1??__local_stdio_printf_options@@9@4_KA 000000018007fcd0     MSVCRTD:default_local_stdio_options.obj
 0003:00000ce0       ?_OptionsStorage@?1??__local_stdio_scanf_options@@9@4_KA 000000018007fce0     MSVCRTD:default_local_stdio_options.obj
 0003:00000d24       __scrt_current_native_startup_state 000000018007fd24     MSVCRTD:utility.obj
 0003:00000d28       __scrt_native_startup_lock 000000018007fd28     MSVCRTD:utility.obj
 0003:00000d40       __scrt_debugger_hook_flag  000000018007fd40     MSVCRTD:utility_desktop.obj
 0003:00000d44       __favor                    000000018007fd44     MSVCRTD:_cpu_disp_.obj
 0003:000013e8       __dyn_tls_init_callback    00000001800803e8     <common>
 0005:00000000       __imp_LoadLibraryA         0000000180085000     kernel32:KERNEL32.dll
 0005:00000008       __imp_GetCurrentProcess    0000000180085008     kernel32:KERNEL32.dll
 0005:00000010       __imp_GetProcessHeap       0000000180085010     kernel32:KERNEL32.dll
 0005:00000018       __imp_HeapFree             0000000180085018     kernel32:KERNEL32.dll
 0005:00000020       __imp_HeapAlloc            0000000180085020     kernel32:KERNEL32.dll
 0005:00000028       __imp_WideCharToMultiByte  0000000180085028     kernel32:KERNEL32.dll
 0005:00000030       __imp_MultiByteToWideChar  0000000180085030     kernel32:KERNEL32.dll
 0005:00000038       __imp_IsProcessorFeaturePresent 0000000180085038     kernel32:KERNEL32.dll
 0005:00000040       __imp_GetStartupInfoW      0000000180085040     kernel32:KERNEL32.dll
 0005:00000048       __imp_SetUnhandledExceptionFilter 0000000180085048     kernel32:KERNEL32.dll
 0005:00000050       __imp_UnhandledExceptionFilter 0000000180085050     kernel32:KERNEL32.dll
 0005:00000058       __imp_IsDebuggerPresent    0000000180085058     kernel32:KERNEL32.dll
 0005:00000060       __imp_RtlVirtualUnwind     0000000180085060     kernel32:KERNEL32.dll
 0005:00000068       __imp_RtlLookupFunctionEntry 0000000180085068     kernel32:KERNEL32.dll
 0005:00000070       __imp_RtlCaptureContext    0000000180085070     kernel32:KERNEL32.dll
 0005:00000078       __imp_DisableThreadLibraryCalls 0000000180085078     kernel32:KERNEL32.dll
 0005:00000080       __imp_GetSystemTimeAsFileTime 0000000180085080     kernel32:KERNEL32.dll
 0005:00000088       __imp_GetCurrentThreadId   0000000180085088     kernel32:KERNEL32.dll
 0005:00000090       __imp_GetCurrentProcessId  0000000180085090     kernel32:KERNEL32.dll
 0005:00000098       __imp_QueryPerformanceCounter 0000000180085098     kernel32:KERNEL32.dll
 0005:000000a0       __imp_InitializeSListHead  00000001800850a0     kernel32:KERNEL32.dll
 0005:000000a8       __imp_LoadLibraryExA       00000001800850a8     kernel32:KERNEL32.dll
 0005:000000b0       __imp_GetProcAddress       00000001800850b0     kernel32:KERNEL32.dll
 0005:000000b8       __imp_GetModuleHandleW     00000001800850b8     kernel32:KERNEL32.dll
 0005:000000c0       __imp_FreeLibrary          00000001800850c0     kernel32:KERNEL32.dll
 0005:000000c8       __imp_VirtualQuery         00000001800850c8     kernel32:KERNEL32.dll
 0005:000000d0       __imp_VirtualProtect       00000001800850d0     kernel32:KERNEL32.dll
 0005:000000d8       __imp_GetSystemInfo        00000001800850d8     kernel32:KERNEL32.dll
 0005:000000e0       __imp_GetLastError         00000001800850e0     kernel32:KERNEL32.dll
 0005:000000e8       __imp_RaiseException       00000001800850e8     kernel32:KERNEL32.dll
 0005:000000f0       __imp_TerminateProcess     00000001800850f0     kernel32:KERNEL32.dll
 0005:000000f8       \177KERNEL32_NULL_THUNK_DATA 00000001800850f8     kernel32:KERNEL32.dll
 0005:00000180       __imp__purecall            0000000180085180     vcruntimed:VCRUNTIME140D.dll
 0005:00000188       __imp___std_type_info_name 0000000180085188     vcruntimed:VCRUNTIME140D.dll
 0005:00000190       __imp_memset               0000000180085190     vcruntimed:VCRUNTIME140D.dll
 0005:00000198       __imp___std_type_info_destroy_list 0000000180085198     vcruntimed:VCRUNTIME140D.dll
 0005:000001a0       __imp___C_specific_handler 00000001800851a0     vcruntimed:VCRUNTIME140D.dll
 0005:000001a8       __imp___vcrt_GetModuleFileNameW 00000001800851a8     vcruntimed:VCRUNTIME140D.dll
 0005:000001b0       __imp___vcrt_GetModuleHandleW 00000001800851b0     vcruntimed:VCRUNTIME140D.dll
 0005:000001b8       __imp___vcrt_LoadLibraryExW 00000001800851b8     vcruntimed:VCRUNTIME140D.dll
 0005:000001c0       __imp_memcpy               00000001800851c0     vcruntimed:VCRUNTIME140D.dll
 0005:000001c8       __imp_strstr               00000001800851c8     vcruntimed:VCRUNTIME140D.dll
 0005:000001d0       \177VCRUNTIME140D_NULL_THUNK_DATA 00000001800851d0     vcruntimed:VCRUNTIME140D.dll
 0005:00000238       __imp__wsplitpath_s        0000000180085238     ucrtd:ucrtbased.dll
 0005:00000240       __imp__initialize_narrow_environment 0000000180085240     ucrtd:ucrtbased.dll
 0005:00000248       __imp__configure_narrow_argv 0000000180085248     ucrtd:ucrtbased.dll
 0005:00000250       __imp__seh_filter_dll      0000000180085250     ucrtd:ucrtbased.dll
 0005:00000258       __imp__free_dbg            0000000180085258     ucrtd:ucrtbased.dll
 0005:00000260       __imp__initterm_e          0000000180085260     ucrtd:ucrtbased.dll
 0005:00000268       __imp__initterm            0000000180085268     ucrtd:ucrtbased.dll
 0005:00000270       __imp__CrtDbgReportW       0000000180085270     ucrtd:ucrtbased.dll
 0005:00000278       __imp__wmakepath_s         0000000180085278     ucrtd:ucrtbased.dll
 0005:00000280       __imp_floorf               0000000180085280     ucrtd:ucrtbased.dll
 0005:00000288       __imp_atan2f               0000000180085288     ucrtd:ucrtbased.dll
 0005:00000290       __imp_sinf                 0000000180085290     ucrtd:ucrtbased.dll
 0005:00000298       __imp_cosf                 0000000180085298     ucrtd:ucrtbased.dll
 0005:000002a0       __imp_sqrtf                00000001800852a0     ucrtd:ucrtbased.dll
 0005:000002a8       __imp_powf                 00000001800852a8     ucrtd:ucrtbased.dll
 0005:000002b0       __imp__fpclass             00000001800852b0     ucrtd:ucrtbased.dll
 0005:000002b8       __imp_fabs                 00000001800852b8     ucrtd:ucrtbased.dll
 0005:000002c0       __imp_abs                  00000001800852c0     ucrtd:ucrtbased.dll
 0005:000002c8       __imp_wcscpy_s             00000001800852c8     ucrtd:ucrtbased.dll
 0005:000002d0       __imp___stdio_common_vsprintf_s 00000001800852d0     ucrtd:ucrtbased.dll
 0005:000002d8       __imp_strcat_s             00000001800852d8     ucrtd:ucrtbased.dll
 0005:000002e0       __imp__initialize_onexit_table 00000001800852e0     ucrtd:ucrtbased.dll
 0005:000002e8       __imp_terminate            00000001800852e8     ucrtd:ucrtbased.dll
 0005:000002f0       __imp__cexit               00000001800852f0     ucrtd:ucrtbased.dll
 0005:000002f8       __imp__crt_at_quick_exit   00000001800852f8     ucrtd:ucrtbased.dll
 0005:00000300       __imp__crt_atexit          0000000180085300     ucrtd:ucrtbased.dll
 0005:00000308       __imp__execute_onexit_table 0000000180085308     ucrtd:ucrtbased.dll
 0005:00000310       __imp__CrtDbgReport        0000000180085310     ucrtd:ucrtbased.dll
 0005:00000318       __imp__register_onexit_function 0000000180085318     ucrtd:ucrtbased.dll
 0005:00000320       __imp_strcpy_s             0000000180085320     ucrtd:ucrtbased.dll
 0005:00000328       \177ucrtbased_NULL_THUNK_DATA 0000000180085328     ucrtd:ucrtbased.dll
 0005:000003b0       __IMPORT_DESCRIPTOR_KERNEL32 00000001800853b0     kernel32:KERNEL32.dll
 0005:000003c4       __IMPORT_DESCRIPTOR_VCRUNTIME140D 00000001800853c4     vcruntimed:VCRUNTIME140D.dll
 0005:000003d8       __IMPORT_DESCRIPTOR_ucrtbased 00000001800853d8     ucrtd:ucrtbased.dll
 0005:000003ec       __NULL_IMPORT_DESCRIPTOR   00000001800853ec     kernel32:KERNEL32.dll
 0006:00000000       __DELAY_IMPORT_DESCRIPTOR_PxFoundationDEBUG_x64_dll 0000000180086000     PxFoundationDEBUG_x64:PxFoundationDEBUG_x64.dll
 0006:00000020       __DELAY_IMPORT_DESCRIPTOR_PhysX3CommonDEBUG_x64_dll 0000000180086020     PhysX3CommonDEBUG_x64:PhysX3CommonDEBUG_x64.dll
 0006:00000040       __NULL_DELAY_IMPORT_DESCRIPTOR 0000000180086040     PxFoundationDEBUG_x64:PxFoundationDEBUG_x64.dll
 0006:00000178       \177PhysX3CommonDEBUG_x64_NULL_THUNK_DATA_DLN 0000000180086178     PhysX3CommonDEBUG_x64:PhysX3CommonDEBUG_x64.dll
 0006:00000290       \177PxFoundationDEBUG_x64_NULL_THUNK_DATA_DLN 0000000180086290     PxFoundationDEBUG_x64:PxFoundationDEBUG_x64.dll
 0006:00000300       __imp_??1BV4Tree@Gu@physx@@QEAA@XZ 0000000180086300     PhysX3CommonDEBUG_x64:PhysX3CommonDEBUG_x64.dll
 0006:00000308       __imp_?releaseMemory@HeightField@Gu@physx@@QEAAXXZ 0000000180086308     PhysX3CommonDEBUG_x64:PhysX3CommonDEBUG_x64.dll
 0006:00000310       __imp_?loadFromDesc@HeightField@Gu@physx@@QEAA_NAEBVPxHeightFieldDesc@3@@Z 0000000180086310     PhysX3CommonDEBUG_x64:PhysX3CommonDEBUG_x64.dll
 0006:00000318       __imp_??0HeightField@Gu@physx@@QEAA@PEAVGuMeshFactory@2@@Z 0000000180086318     PhysX3CommonDEBUG_x64:PhysX3CommonDEBUG_x64.dll
 0006:00000320       __imp_?ReadHeader@Gu@physx@@YA_NEEEEAEAIAEA_NAEAVPxInputStream@2@@Z 0000000180086320     PhysX3CommonDEBUG_x64:PhysX3CommonDEBUG_x64.dll
 0006:00000328       __imp_?readDword@physx@@YAI_NAEAVPxInputStream@1@@Z 0000000180086328     PhysX3CommonDEBUG_x64:PhysX3CommonDEBUG_x64.dll
 0006:00000330       __imp_??1BigConvexData@physx@@QEAA@XZ 0000000180086330     PhysX3CommonDEBUG_x64:PhysX3CommonDEBUG_x64.dll
 0006:00000338       __imp_??0BigConvexData@physx@@QEAA@XZ 0000000180086338     PhysX3CommonDEBUG_x64:PhysX3CommonDEBUG_x64.dll
 0006:00000340       __imp_?computeOBBPoints@Gu@physx@@YAXPEIAVPxVec3@2@AEBV32@1111@Z 0000000180086340     PhysX3CommonDEBUG_x64:PhysX3CommonDEBUG_x64.dll
 0006:00000348       __imp_?Sort@RadixSortBuffered@Cm@physx@@QEAAAEAV123@PEBIIW4RadixHint@23@@Z 0000000180086348     PhysX3CommonDEBUG_x64:PhysX3CommonDEBUG_x64.dll
 0006:00000350       __imp_??1RadixSortBuffered@Cm@physx@@UEAA@XZ 0000000180086350     PhysX3CommonDEBUG_x64:PhysX3CommonDEBUG_x64.dll
 0006:00000358       __imp_??0RadixSortBuffered@Cm@physx@@QEAA@XZ 0000000180086358     PhysX3CommonDEBUG_x64:PhysX3CommonDEBUG_x64.dll
 0006:00000360       __imp_?GetRanks@RadixSort@Cm@physx@@QEBAPEBIXZ 0000000180086360     PhysX3CommonDEBUG_x64:PhysX3CommonDEBUG_x64.dll
 0006:00000368       __imp_?CreateOffsets@BigConvexData@physx@@IEAAXXZ 0000000180086368     PhysX3CommonDEBUG_x64:PhysX3CommonDEBUG_x64.dll
 0006:00000370       __imp_?StoreIndices@Gu@physx@@YAXGIPEBGAEAVPxOutputStream@2@_N@Z 0000000180086370     PhysX3CommonDEBUG_x64:PhysX3CommonDEBUG_x64.dll
 0006:00000378       __imp_?WriteHeader@Gu@physx@@YA_NEEEEI_NAEAVPxOutputStream@2@@Z 0000000180086378     PhysX3CommonDEBUG_x64:PhysX3CommonDEBUG_x64.dll
 0006:00000380       __imp_?computeMaxIndex@physx@@YAGPEBGI@Z 0000000180086380     PhysX3CommonDEBUG_x64:PhysX3CommonDEBUG_x64.dll
 0006:00000388       __imp_?BuildBV32Ex@Gu@physx@@YA_NAEAVBV32Tree@12@AEAVSourceMesh@12@MI@Z 0000000180086388     PhysX3CommonDEBUG_x64:PhysX3CommonDEBUG_x64.dll
 0006:00000390       __imp_?writeWord@physx@@YAXG_NAEAVPxOutputStream@1@@Z 0000000180086390     PhysX3CommonDEBUG_x64:PhysX3CommonDEBUG_x64.dll
 0006:00000398       __imp_?BuildBV4Ex@Gu@physx@@YA_NAEAVBV4Tree@12@AEAVSourceMesh@12@MI@Z 0000000180086398     PhysX3CommonDEBUG_x64:PhysX3CommonDEBUG_x64.dll
 0006:000003a0       __imp_?writeDword@physx@@YAXI_NAEAVPxOutputStream@1@@Z 00000001800863a0     PhysX3CommonDEBUG_x64:PhysX3CommonDEBUG_x64.dll
 0006:000003a8       __imp_?writeFloat@physx@@YAXM_NAEAVPxOutputStream@1@@Z 00000001800863a8     PhysX3CommonDEBUG_x64:PhysX3CommonDEBUG_x64.dll
 0006:000003b0       __imp_?writeHeader@physx@@YA_NCCCCI_NAEAVPxOutputStream@1@@Z 00000001800863b0     PhysX3CommonDEBUG_x64:PhysX3CommonDEBUG_x64.dll
 0006:000003b8       __imp_?validate@RTree@Gu@physx@@QEAAXPEAUCallbackRefit@123@@Z 00000001800863b8     PhysX3CommonDEBUG_x64:PhysX3CommonDEBUG_x64.dll
 0006:000003c0       __imp_??0SourceMesh@Gu@physx@@QEAA@XZ 00000001800863c0     PhysX3CommonDEBUG_x64:PhysX3CommonDEBUG_x64.dll
 0006:000003c8       __imp_??1SourceMesh@Gu@physx@@QEAA@XZ 00000001800863c8     PhysX3CommonDEBUG_x64:PhysX3CommonDEBUG_x64.dll
 0006:000003d0       __imp_??0BV4Tree@Gu@physx@@QEAA@XZ 00000001800863d0     PhysX3CommonDEBUG_x64:PhysX3CommonDEBUG_x64.dll
 0006:000003d8       __imp_??1HeightField@Gu@physx@@UEAA@XZ 00000001800863d8     PhysX3CommonDEBUG_x64:PhysX3CommonDEBUG_x64.dll
 0006:000003e0       __imp_??0BV32Tree@Gu@physx@@QEAA@XZ 00000001800863e0     PhysX3CommonDEBUG_x64:PhysX3CommonDEBUG_x64.dll
 0006:000003e8       __imp_??1BV32Tree@Gu@physx@@QEAA@XZ 00000001800863e8     PhysX3CommonDEBUG_x64:PhysX3CommonDEBUG_x64.dll
 0006:000003f0       __imp_?writeFloatBuffer@physx@@YAXPEBMI_NAEAVPxOutputStream@1@@Z 00000001800863f0     PhysX3CommonDEBUG_x64:PhysX3CommonDEBUG_x64.dll
 0006:000003f8       __imp_?writeWordBuffer@physx@@YAXPEBGI_NAEAVPxOutputStream@1@@Z 00000001800863f8     PhysX3CommonDEBUG_x64:PhysX3CommonDEBUG_x64.dll
 0006:00000400       __imp_?computeMaxIndex@physx@@YAIPEBII@Z 0000000180086400     PhysX3CommonDEBUG_x64:PhysX3CommonDEBUG_x64.dll
 0006:00000408       __imp_?storeIndices@physx@@YAXIIPEBIAEAVPxOutputStream@1@_N@Z 0000000180086408     PhysX3CommonDEBUG_x64:PhysX3CommonDEBUG_x64.dll
 0006:00000410       __imp_?computeBoundsAroundVertices@Gu@physx@@YAXAEAVPxBounds3@2@IPEIBVPxVec3@2@@Z 0000000180086410     PhysX3CommonDEBUG_x64:PhysX3CommonDEBUG_x64.dll
 0006:00000418       \177PhysX3CommonDEBUG_x64_NULL_THUNK_DATA_DLA 0000000180086418     PhysX3CommonDEBUG_x64:PhysX3CommonDEBUG_x64.dll
 0006:000004a8       __imp_??1FPUGuard@shdfnd@physx@@QEAA@XZ 00000001800864a8     PxFoundationDEBUG_x64:PxFoundationDEBUG_x64.dll
 0006:000004b0       __imp_??0FPUGuard@shdfnd@physx@@QEAA@XZ 00000001800864b0     PxFoundationDEBUG_x64:PxFoundationDEBUG_x64.dll
 0006:000004b8       __imp_?decRefCount@Foundation@shdfnd@physx@@SAXXZ 00000001800864b8     PxFoundationDEBUG_x64:PxFoundationDEBUG_x64.dll
 0006:000004c0       __imp_?incRefCount@Foundation@shdfnd@physx@@SAXXZ 00000001800864c0     PxFoundationDEBUG_x64:PxFoundationDEBUG_x64.dll
 0006:000004c8       __imp_?PxDiagonalize@physx@@YA?AVPxVec3@1@AEBVPxMat33@1@AEAVPxQuat@1@@Z 00000001800864c8     PxFoundationDEBUG_x64:PxFoundationDEBUG_x64.dll
 0006:000004d0       __imp_?error@Foundation@shdfnd@physx@@QEAAXW4Enum@PxErrorCode@3@PEBDH1ZZ 00000001800864d0     PxFoundationDEBUG_x64:PxFoundationDEBUG_x64.dll
 0006:000004d8       __imp_?getInstance@Foundation@shdfnd@physx@@SAAEAV123@XZ 00000001800864d8     PxFoundationDEBUG_x64:PxFoundationDEBUG_x64.dll
 0006:000004e0       __imp_PxGetFoundation      00000001800864e0     PxFoundationDEBUG_x64:PxFoundationDEBUG_x64.dll
 0006:000004e8       __imp_?deallocate@TempAllocator@shdfnd@physx@@QEAAXPEAX@Z 00000001800864e8     PxFoundationDEBUG_x64:PxFoundationDEBUG_x64.dll
 0006:000004f0       __imp_?allocate@TempAllocator@shdfnd@physx@@QEAAPEAX_KPEBDH@Z 00000001800864f0     PxFoundationDEBUG_x64:PxFoundationDEBUG_x64.dll
 0006:000004f8       __imp_?deallocate@NamedAllocator@shdfnd@physx@@QEAAXPEAX@Z 00000001800864f8     PxFoundationDEBUG_x64:PxFoundationDEBUG_x64.dll
 0006:00000500       __imp_?allocate@NamedAllocator@shdfnd@physx@@QEAAPEAX_KPEBDH@Z 0000000180086500     PxFoundationDEBUG_x64:PxFoundationDEBUG_x64.dll
 0006:00000508       __imp_??1NamedAllocator@shdfnd@physx@@QEAA@XZ 0000000180086508     PxFoundationDEBUG_x64:PxFoundationDEBUG_x64.dll
 0006:00000510       __imp_??0NamedAllocator@shdfnd@physx@@QEAA@AEBV012@@Z 0000000180086510     PxFoundationDEBUG_x64:PxFoundationDEBUG_x64.dll
 0006:00000518       __imp_??0NamedAllocator@shdfnd@physx@@QEAA@PEBD@Z 0000000180086518     PxFoundationDEBUG_x64:PxFoundationDEBUG_x64.dll
 0006:00000520       __imp_?getAllocator@shdfnd@physx@@YAAEAVPxAllocatorCallback@2@XZ 0000000180086520     PxFoundationDEBUG_x64:PxFoundationDEBUG_x64.dll
 0006:00000528       __imp_?PxGetAssertHandler@physx@@YAAEAVPxAssertHandler@1@XZ 0000000180086528     PxFoundationDEBUG_x64:PxFoundationDEBUG_x64.dll
 0006:00000530       \177PxFoundationDEBUG_x64_NULL_THUNK_DATA_DLA 0000000180086530     PxFoundationDEBUG_x64:PxFoundationDEBUG_x64.dll
 0006:000011e8       \177PxFoundationDEBUG_x64_NULL_THUNK_DATA_DLB 00000001800871e8     PxFoundationDEBUG_x64:PxFoundationDEBUG_x64.dll
 0006:00001278       \177PhysX3CommonDEBUG_x64_NULL_THUNK_DATA_DLB 0000000180087278     PhysX3CommonDEBUG_x64:PhysX3CommonDEBUG_x64.dll
 0007:00000000       __guard_check_icall_fptr   0000000180088000     MSVCRTD:guard_support.obj
 0007:00000010       __guard_dispatch_icall_fptr 0000000180088010     MSVCRTD:guard_support.obj
 0007:00000020       __guard_ss_verify_failure_fptr 0000000180088020     MSVCRTD:guard_support.obj
 0007:00000030       __guard_ss_verify_sp_fptr  0000000180088030     MSVCRTD:guard_support.obj
