 PhysX3CharacterKinematicDEBUG_x64

 Timestamp is 5b1d8747 (Sun Jun 10 16:17:11 2018)

 Preferred load address is 0000000180000000

 Start         Length     Name                   Class
 0001:00000000 00004e20H .text$di                CODE
 0001:00004e20 00043af0H .text$mn                CODE
 0001:00048910 00001110H .text$mn$00             CODE
 0001:00049a20 0000112dH .text$x                 CODE
 0002:00000000 00000110H .CRT$XCA                DATA
 0002:00000110 00000140H .CRT$XCU                DATA
 0002:00000250 00000110H .CRT$XCZ                DATA
 0002:00000360 00000110H .CRT$XIA                DATA
 0002:00000470 00000110H .CRT$XIZ                DATA
 0002:00000580 00000110H .CRT$XPA                DATA
 0002:00000690 00000110H .CRT$XPZ                DATA
 0002:000007a0 00000110H .CRT$XTA                DATA
 0002:000008b0 00000110H .CRT$XTZ                DATA
 0002:000009c0 00004130H .rdata                  DATA
 0002:00004af0 00000188H .rdata$r                DATA
 0002:00004c78 000001b0H .rdata$zzzdbg           DATA
 0002:00004e28 00000110H .rtc$IAA                DATA
 0002:00004f38 000001d0H .rtc$IMZ                DATA
 0002:00005108 00000110H .rtc$IZZ                DATA
 0002:00005218 00000110H .rtc$TAA                DATA
 0002:00005328 000001d0H .rtc$TMZ                DATA
 0002:000054f8 00000110H .rtc$TZZ                DATA
 0002:00005608 000027a8H .xdata                  DATA
 0002:00007db0 00000b11H .edata                  DATA
 0003:00000000 000001e0H .data                   DATA
 0003:000001e0 000002a0H .data$r                 DATA
 0003:00000480 000008d9H .bss                    DATA
 0004:00000000 00003450H .pdata                  DATA
 0005:00000000 00000580H .idata$5                DATA
 0005:00000580 00000064H .idata$2                DATA
 0005:000005e4 00000014H .idata$3                DATA
 0005:000005f8 00000580H .idata$4                DATA
 0005:00000b78 0000134eH .idata$6                DATA
 0006:00000000 0000013fH .00cfg                  DATA
 0007:00000000 000001c0H .rsrc$01                DATA
 0007:000001c0 00000700H .rsrc$02                DATA

  Address         Publics by Value              Rva+Base               Lib:Object

 0000:00000000       __hybrid_auxiliary_iat     0000000000000000     <absolute>
 0000:00000000       __hybrid_code_map_count    0000000000000000     <absolute>
 0000:00000000       __hybrid_code_map          0000000000000000     <absolute>
 0000:00000000       ___safe_se_handler_table   0000000000000000     <absolute>
 0000:00000000       ___safe_se_handler_count   0000000000000000     <absolute>
 0000:00000000       __guard_fids_table         0000000000000000     <absolute>
 0000:00000000       __guard_iat_table          0000000000000000     <absolute>
 0000:00000000       __guard_fids_count         0000000000000000     <absolute>
 0000:00000000       __dynamic_value_reloc_table 0000000000000000     <absolute>
 0000:00000000       __guard_iat_count          0000000000000000     <absolute>
 0000:00000000       __guard_longjmp_table      0000000000000000     <absolute>
 0000:00000000       __guard_longjmp_count      0000000000000000     <absolute>
 0000:00000000       __enclave_config           0000000000000000     <absolute>
 0000:00000100       __guard_flags              0000000000000100     <absolute>
 0000:00000000       __ImageBase                0000000180000000     <linker-defined>
 0001:00004e20       ??0BoxController@Cct@physx@@QEAA@AEBVPxControllerDesc@2@AEAVPxPhysics@2@PEAVPxScene@2@@Z 0000000180005e20 f   CctBoxController.obj
 0001:00004f80       ??1BoxController@Cct@physx@@UEAA@XZ 0000000180005f80 f   CctBoxController.obj
 0001:00004fd0       ?getWorldBox@BoxController@Cct@physx@@UEBA_NAEAUPxExtendedBounds3@3@@Z 0000000180005fd0 f   CctBoxController.obj
 0001:00005040       ?setFootPosition@BoxController@Cct@physx@@UEAA_NAEBUPxExtendedVec3@3@@Z 0000000180006040 f   CctBoxController.obj
 0001:000050d0       ?getFootPosition@BoxController@Cct@physx@@UEBA?AUPxExtendedVec3@3@XZ 00000001800060d0 f   CctBoxController.obj
 0001:00005160       ?invalidateCache@BoxController@Cct@physx@@UEAAXXZ 0000000180006160 f   CctBoxController.obj
 0001:000051e0       ?resize@BoxController@Cct@physx@@UEAAXM@Z 00000001800061e0 f   CctBoxController.obj
 0001:000052b0       ?getHalfHeight@BoxController@Cct@physx@@UEBAMXZ 00000001800062b0 f   CctBoxController.obj
 0001:000052d0       ?getHalfSideExtent@BoxController@Cct@physx@@UEBAMXZ 00000001800062d0 f   CctBoxController.obj
 0001:000052f0       ?getHalfForwardExtent@BoxController@Cct@physx@@UEBAMXZ 00000001800062f0 f   CctBoxController.obj
 0001:00005310       ?setHalfHeight@BoxController@Cct@physx@@UEAA_NM@Z 0000000180006310 f   CctBoxController.obj
 0001:00005360       ?setHalfSideExtent@BoxController@Cct@physx@@UEAA_NM@Z 0000000180006360 f   CctBoxController.obj
 0001:000053b0       ?setHalfForwardExtent@BoxController@Cct@physx@@UEAA_NM@Z 00000001800063b0 f   CctBoxController.obj
 0001:00005400       ?updateKinematicProxy@BoxController@Cct@physx@@QEAA_NXZ 0000000180006400 f   CctBoxController.obj
 0001:00005520       ?getOBB@BoxController@Cct@physx@@QEBAXAEAVPxExtendedBox@3@@Z 0000000180006520 f   CctBoxController.obj
 0001:00005820       ??0Allocator@shdfnd@physx@@QEAA@PEBD@Z 0000000180006820 f i CctBoxController.obj
 0001:00005840       ??0NonTrackingAllocator@shdfnd@physx@@QEAA@PEBD@Z 0000000180006840 f i CctBoxController.obj
 0001:00005860       ??0PxBoxController@physx@@IEAA@XZ 0000000180006860 f i CctBoxController.obj
 0001:000058a0       ??0PxBoxGeometry@physx@@QEAA@XZ 00000001800068a0 f i CctBoxController.obj
 0001:000058f0       ??0PxController@physx@@IEAA@XZ 00000001800068f0 f i CctBoxController.obj
 0001:00005910       ??0PxControllerManager@physx@@IEAA@XZ 0000000180006910 f i CctBoxController.obj
 0001:00005930       ??0PxControllerManager@physx@@QEAA@AEBV01@@Z 0000000180006930 f i CctBoxController.obj
 0001:00005960       ??0PxExtendedBounds3@physx@@QEAA@XZ 0000000180006960 f i CctBoxController.obj
 0001:000059a0       ??0PxExtendedVec3@physx@@QEAA@NNN@Z 00000001800069a0 f i CctBoxController.obj
 0001:00005a00       ??0PxExtendedVec3@physx@@QEAA@XZ 0000000180006a00 f i CctBoxController.obj
 0001:00005a10       ??0PxFoundation@physx@@QEAA@AEBV01@@Z 0000000180006a10 f i CctBoxController.obj
 0001:00005a40       ??0PxFoundation@physx@@QEAA@XZ 0000000180006a40 f i CctBoxController.obj
 0001:00005a60       ??0PxGeometry@physx@@IEAA@W4Enum@PxGeometryType@1@@Z 0000000180006a60 f i CctBoxController.obj
 0001:00005a80       ??0PxVec3@physx@@QEAA@AEBV01@@Z 0000000180006a80 f i CctBoxController.obj
 0001:00005ae0       ??0PxVec3@physx@@QEAA@MMM@Z 0000000180006ae0 f i CctBoxController.obj
 0001:00005b40       ??1PxBoxController@physx@@MEAA@XZ 0000000180006b40 f i CctBoxController.obj
 0001:00005b70       ??1PxController@physx@@MEAA@XZ 0000000180006b70 f i CctBoxController.obj
 0001:00005b90       ??1PxControllerManager@physx@@MEAA@XZ 0000000180006b90 f i CctBoxController.obj
 0001:00005bb0       ??1PxFoundation@physx@@MEAA@XZ 0000000180006bb0 f i CctBoxController.obj
 0001:00005bd0       ??3UserAllocated@shdfnd@physx@@SAXPEAX@Z 0000000180006bd0 f i CctBoxController.obj
 0001:00005c00       ??4Allocator@shdfnd@physx@@QEAAAEAV012@$$QEAV012@@Z 0000000180006c00 f i CctBoxController.obj
 0001:00005c20       ??4Allocator@shdfnd@physx@@QEAAAEAV012@AEBV012@@Z 0000000180006c20 f i CctBoxController.obj
 0001:00005c40       ??4MutexImpl@shdfnd@physx@@QEAAAEAV012@AEBV012@@Z 0000000180006c40 f i CctBoxController.obj
 0001:00005c60       ??4PxControllerManager@physx@@QEAAAEAV01@AEBV01@@Z 0000000180006c60 f i CctBoxController.obj
 0001:00005c80       ??4PxFoundation@physx@@QEAAAEAV01@AEBV01@@Z 0000000180006c80 f i CctBoxController.obj
 0001:00005ca0       ??4PxQuat@physx@@QEAAAEAV01@AEBV01@@Z 0000000180006ca0 f i CctBoxController.obj
 0001:00005d20       ??4PxVec3@physx@@QEAAAEAV01@AEBV01@@Z 0000000180006d20 f i CctBoxController.obj
 0001:00005d80       ??DPxVec3@physx@@QEBA?AV01@M@Z 0000000180006d80 f i CctBoxController.obj
 0001:00005e10       ??GPxExtendedVec3@physx@@QEBA?AVPxVec3@1@AEBU01@@Z 0000000180006e10 f i CctBoxController.obj
 0001:00005ec0       ??HPxExtendedVec3@physx@@QEBA?AU01@AEBU01@@Z 0000000180006ec0 f i CctBoxController.obj
 0001:00005f60       ??XPxExtendedVec3@physx@@QEAAAEAU01@AEBM@Z 0000000180006f60 f i CctBoxController.obj
 0001:00006000       ??XPxVec3@physx@@QEAAAEAV01@M@Z 0000000180007000 f i CctBoxController.obj
 0001:00006080       ??YPxExtendedVec3@physx@@QEAAAEAU01@AEBVPxVec3@1@@Z 0000000180007080 f i CctBoxController.obj
 0001:00006120       ??ZPxExtendedVec3@physx@@QEAAAEAU01@AEBVPxVec3@1@@Z 0000000180007120 f i CctBoxController.obj
 0001:000061bc       ??_EBoxController@Cct@physx@@W7EAAPEAXI@Z 00000001800071bc f i CctBoxController.obj
 0001:000061d0       ??_EPxControllerManager@physx@@MEAAPEAXI@Z 00000001800071d0 f i CctBoxController.obj
 0001:000062a0       ??_EPxFoundation@physx@@MEAAPEAXI@Z 00000001800072a0 f i CctBoxController.obj
 0001:00006370       ??_FAllocator@shdfnd@physx@@QEAAXXZ 0000000180007370 f i CctBoxController.obj
 0001:00006390       ??_FNamedAllocator@shdfnd@physx@@QEAAXXZ 0000000180007390 f i CctBoxController.obj
 0001:000063b0       ??_GBoxController@Cct@physx@@UEAAPEAXI@Z 00000001800073b0 f i CctBoxController.obj
 0001:000063b0       ??_EBoxController@Cct@physx@@UEAAPEAXI@Z 00000001800073b0 f i CctBoxController.obj
 0001:00006420       ??_GPxBoxController@physx@@MEAAPEAXI@Z 0000000180007420 f i CctBoxController.obj
 0001:00006420       ??_EPxBoxController@physx@@MEAAPEAXI@Z 0000000180007420 f i CctBoxController.obj
 0001:00006470       ??_EPxController@physx@@MEAAPEAXI@Z 0000000180007470 f i CctBoxController.obj
 0001:00006470       ??_GPxController@physx@@MEAAPEAXI@Z 0000000180007470 f i CctBoxController.obj
 0001:000064c0       ??_GPxControllerManager@physx@@MEAAPEAXI@Z 00000001800074c0 f i CctBoxController.obj
 0001:00006510       ??_GPxFoundation@physx@@MEAAPEAXI@Z 0000000180007510 f i CctBoxController.obj
 0001:00006560       ??_H@YAXPEAX_K1P6APEAX0@Z@Z 0000000180007560 f i CctBoxController.obj
 0001:00006600       ??_I@YAXPEAX_K1P6AX0@Z@Z   0000000180007600 f i CctBoxController.obj
 0001:000066c0       ?__empty_global_delete@@YAXPEAX@Z 00000001800076c0 f i CctBoxController.obj
 0001:000066d0       ?__global_delete@@YAXPEAX_K@Z 00000001800076d0 f i CctBoxController.obj
 0001:000066d0       ?__empty_global_delete@@YAXPEAX_K@Z 00000001800076d0 f i CctBoxController.obj
 0001:000066e0       ?deallocate@NonTrackingAllocator@shdfnd@physx@@QEAAXPEAX@Z 00000001800076e0 f i CctBoxController.obj
 0001:00006730       ?getActor@BoxController@Cct@physx@@UEBAPEAVPxRigidDynamic@3@XZ 0000000180007730 f i CctBoxController.obj
 0001:00006750       ?getCenter@physx@@YAXAEBUPxExtendedBounds3@1@AEAUPxExtendedVec3@1@@Z 0000000180007750 f i CctBoxController.obj
 0001:000067d0       ?getContactOffset@BoxController@Cct@physx@@UEBAMXZ 00000001800077d0 f i CctBoxController.obj
 0001:000067f0       ?getExtents@physx@@YAXAEBUPxExtendedBounds3@1@AEAVPxVec3@1@@Z 00000001800077f0 f i CctBoxController.obj
 0001:00006850       ?getHalfHeightInternal@BoxController@Cct@physx@@UEBAMXZ 0000000180007850 f i CctBoxController.obj
 0001:00006870       ?getNonWalkableMode@BoxController@Cct@physx@@UEBA?AW4Enum@PxControllerNonWalkableMode@3@XZ 0000000180007870 f i CctBoxController.obj
 0001:00006890       ?getPosition@BoxController@Cct@physx@@UEBAAEBUPxExtendedVec3@3@XZ 0000000180007890 f i CctBoxController.obj
 0001:000068b0       ?getPxController@BoxController@Cct@physx@@UEAAPEAVPxController@3@XZ 00000001800078b0 f i CctBoxController.obj
 0001:000068d0       ?getScene@BoxController@Cct@physx@@UEAAPEAVPxScene@3@XZ 00000001800078d0 f i CctBoxController.obj
 0001:000068f0       ?getSlopeLimit@BoxController@Cct@physx@@UEBAMXZ 00000001800078f0 f i CctBoxController.obj
 0001:00006910       ?getState@BoxController@Cct@physx@@UEBAXAEAUPxControllerState@3@@Z 0000000180007910 f i CctBoxController.obj
 0001:00006950       ?getStats@BoxController@Cct@physx@@UEBAXAEAUPxControllerStats@3@@Z 0000000180007950 f i CctBoxController.obj
 0001:00006990       ?getStepOffset@BoxController@Cct@physx@@UEBAMXZ 0000000180007990 f i CctBoxController.obj
 0001:000069b0       ?getType@BoxController@Cct@physx@@UEBA?AW4Enum@PxControllerShapeType@3@XZ 00000001800079b0 f i CctBoxController.obj
 0001:000069d0       ?getUpDirection@BoxController@Cct@physx@@UEBA?AVPxVec3@3@XZ 00000001800079d0 f i CctBoxController.obj
 0001:00006a10       ?getUserData@BoxController@Cct@physx@@UEBAPEAXXZ 0000000180007a10 f i CctBoxController.obj
 0001:00006a30       ?lock@?$MutexT@V?$ReflectionAllocator@VMutexImpl@shdfnd@physx@@@shdfnd@physx@@@shdfnd@physx@@QEBAXXZ 0000000180007a30 f i CctBoxController.obj
 0001:00006a60       ?release@BoxController@Cct@physx@@UEAAXXZ 0000000180007a60 f i CctBoxController.obj
 0001:00006a90       ?setCenterExtents@physx@@YAXAEAUPxExtendedBounds3@1@AEBUPxExtendedVec3@1@AEBVPxVec3@1@@Z 0000000180007a90 f i CctBoxController.obj
 0001:00006b20       ?setContactOffset@BoxController@Cct@physx@@UEAAXM@Z 0000000180007b20 f i CctBoxController.obj
 0001:00006b60       ?setNonWalkableMode@BoxController@Cct@physx@@UEAAXW4Enum@PxControllerNonWalkableMode@3@@Z 0000000180007b60 f i CctBoxController.obj
 0001:00006b80       ?setPosition@BoxController@Cct@physx@@UEAA_NAEBUPxExtendedVec3@3@@Z 0000000180007b80 f i CctBoxController.obj
 0001:00006bc0       ?setSlopeLimit@BoxController@Cct@physx@@UEAAXM@Z 0000000180007bc0 f i CctBoxController.obj
 0001:00006c00       ?setStepOffset@BoxController@Cct@physx@@UEAAXM@Z 0000000180007c00 f i CctBoxController.obj
 0001:00006c40       ?setUpDirection@BoxController@Cct@physx@@UEAAXAEBVPxVec3@3@@Z 0000000180007c40 f i CctBoxController.obj
 0001:00006c80       ?setUserData@BoxController@Cct@physx@@UEAAXPEAX@Z 0000000180007c80 f i CctBoxController.obj
 0001:00006ca0       ?unlock@?$MutexT@V?$ReflectionAllocator@VMutexImpl@shdfnd@physx@@@shdfnd@physx@@@shdfnd@physx@@QEBAXXZ 0000000180007ca0 f i CctBoxController.obj
 0001:00006cd0       ??0CapsuleController@Cct@physx@@QEAA@AEBVPxControllerDesc@2@AEAVPxPhysics@2@PEAVPxScene@2@@Z 0000000180007cd0 f   CctCapsuleController.obj
 0001:00006e20       ??1CapsuleController@Cct@physx@@UEAA@XZ 0000000180007e20 f   CctCapsuleController.obj
 0001:00006e70       ?getWorldBox@CapsuleController@Cct@physx@@UEBA_NAEAUPxExtendedBounds3@3@@Z 0000000180007e70 f   CctCapsuleController.obj
 0001:00006f00       ?setFootPosition@CapsuleController@Cct@physx@@UEAA_NAEBUPxExtendedVec3@3@@Z 0000000180007f00 f   CctCapsuleController.obj
 0001:00006fa0       ?getFootPosition@CapsuleController@Cct@physx@@UEBA?AUPxExtendedVec3@3@XZ 0000000180007fa0 f   CctCapsuleController.obj
 0001:00007050       ?invalidateCache@CapsuleController@Cct@physx@@UEAAXXZ 0000000180008050 f   CctCapsuleController.obj
 0001:000070d0       ?resize@CapsuleController@Cct@physx@@UEAAXM@Z 00000001800080d0 f   CctCapsuleController.obj
 0001:000071d0       ?getClimbingMode@CapsuleController@Cct@physx@@UEBA?AW4Enum@PxCapsuleClimbingMode@3@XZ 00000001800081d0 f   CctCapsuleController.obj
 0001:000071f0       ?setRadius@CapsuleController@Cct@physx@@UEAA_NM@Z 00000001800081f0 f   CctCapsuleController.obj
 0001:00007300       ?setHeight@CapsuleController@Cct@physx@@UEAA_NM@Z 0000000180008300 f   CctCapsuleController.obj
 0001:00007410       ?setClimbingMode@CapsuleController@Cct@physx@@UEAA_NW4Enum@PxCapsuleClimbingMode@3@@Z 0000000180008410 f   CctCapsuleController.obj
 0001:00007440       ?getCapsule@CapsuleController@Cct@physx@@QEBAXAEAUPxExtendedCapsule@3@@Z 0000000180008440 f   CctCapsuleController.obj
 0001:000077d0       ??0PxCapsuleController@physx@@IEAA@XZ 00000001800087d0 f i CctCapsuleController.obj
 0001:00007810       ??0PxCapsuleGeometry@physx@@QEAA@XZ 0000000180008810 f i CctCapsuleController.obj
 0001:00007860       ??1PxCapsuleController@physx@@MEAA@XZ 0000000180008860 f i CctCapsuleController.obj
 0001:00007890       ??_ECapsuleController@Cct@physx@@W7EAAPEAXI@Z 0000000180008890 f i CctCapsuleController.obj
 0001:000078a0       ??_ECapsuleController@Cct@physx@@UEAAPEAXI@Z 00000001800088a0 f i CctCapsuleController.obj
 0001:000078a0       ??_GCapsuleController@Cct@physx@@UEAAPEAXI@Z 00000001800088a0 f i CctCapsuleController.obj
 0001:00007910       ??_GPxCapsuleController@physx@@MEAAPEAXI@Z 0000000180008910 f i CctCapsuleController.obj
 0001:00007910       ??_EPxCapsuleController@physx@@MEAAPEAXI@Z 0000000180008910 f i CctCapsuleController.obj
 0001:00007960       ?getActor@CapsuleController@Cct@physx@@UEBAPEAVPxRigidDynamic@3@XZ 0000000180008960 f i CctCapsuleController.obj
 0001:00007980       ?getContactOffset@CapsuleController@Cct@physx@@UEBAMXZ 0000000180008980 f i CctCapsuleController.obj
 0001:000079a0       ?getHalfHeightInternal@CapsuleController@Cct@physx@@UEBAMXZ 00000001800089a0 f i CctCapsuleController.obj
 0001:000079e0       ?getHeight@CapsuleController@Cct@physx@@UEBAMXZ 00000001800089e0 f i CctCapsuleController.obj
 0001:00007a00       ?getNonWalkableMode@CapsuleController@Cct@physx@@UEBA?AW4Enum@PxControllerNonWalkableMode@3@XZ 0000000180008a00 f i CctCapsuleController.obj
 0001:00007a20       ?getPosition@CapsuleController@Cct@physx@@UEBAAEBUPxExtendedVec3@3@XZ 0000000180008a20 f i CctCapsuleController.obj
 0001:00007a40       ?getPxController@CapsuleController@Cct@physx@@UEAAPEAVPxController@3@XZ 0000000180008a40 f i CctCapsuleController.obj
 0001:00007a60       ?getRadius@CapsuleController@Cct@physx@@UEBAMXZ 0000000180008a60 f i CctCapsuleController.obj
 0001:00007a80       ?getScene@CapsuleController@Cct@physx@@UEAAPEAVPxScene@3@XZ 0000000180008a80 f i CctCapsuleController.obj
 0001:00007aa0       ?getSlopeLimit@CapsuleController@Cct@physx@@UEBAMXZ 0000000180008aa0 f i CctCapsuleController.obj
 0001:00007ac0       ?getState@CapsuleController@Cct@physx@@UEBAXAEAUPxControllerState@3@@Z 0000000180008ac0 f i CctCapsuleController.obj
 0001:00007b00       ?getStats@CapsuleController@Cct@physx@@UEBAXAEAUPxControllerStats@3@@Z 0000000180008b00 f i CctCapsuleController.obj
 0001:00007b40       ?getStepOffset@CapsuleController@Cct@physx@@UEBAMXZ 0000000180008b40 f i CctCapsuleController.obj
 0001:00007b60       ?getType@CapsuleController@Cct@physx@@UEBA?AW4Enum@PxControllerShapeType@3@XZ 0000000180008b60 f i CctCapsuleController.obj
 0001:00007b80       ?getUpDirection@CapsuleController@Cct@physx@@UEBA?AVPxVec3@3@XZ 0000000180008b80 f i CctCapsuleController.obj
 0001:00007bc0       ?getUserData@CapsuleController@Cct@physx@@UEBAPEAXXZ 0000000180008bc0 f i CctCapsuleController.obj
 0001:00007be0       ?release@CapsuleController@Cct@physx@@UEAAXXZ 0000000180008be0 f i CctCapsuleController.obj
 0001:00007c10       ?setContactOffset@CapsuleController@Cct@physx@@UEAAXM@Z 0000000180008c10 f i CctCapsuleController.obj
 0001:00007c50       ?setNonWalkableMode@CapsuleController@Cct@physx@@UEAAXW4Enum@PxControllerNonWalkableMode@3@@Z 0000000180008c50 f i CctCapsuleController.obj
 0001:00007c70       ?setPosition@CapsuleController@Cct@physx@@UEAA_NAEBUPxExtendedVec3@3@@Z 0000000180008c70 f i CctCapsuleController.obj
 0001:00007cb0       ?setSlopeLimit@CapsuleController@Cct@physx@@UEAAXM@Z 0000000180008cb0 f i CctCapsuleController.obj
 0001:00007cf0       ?setStepOffset@CapsuleController@Cct@physx@@UEAAXM@Z 0000000180008cf0 f i CctCapsuleController.obj
 0001:00007d30       ?setUpDirection@CapsuleController@Cct@physx@@UEAAXAEBVPxVec3@3@@Z 0000000180008d30 f i CctCapsuleController.obj
 0001:00007d70       ?setUserData@CapsuleController@Cct@physx@@UEAAXPEAX@Z 0000000180008d70 f i CctCapsuleController.obj
 0001:00007d90       ??0CCTParams@Cct@physx@@QEAA@XZ 0000000180008d90 f   CctCharacterController.obj
 0001:00007e60       ??0SweepTest@Cct@physx@@QEAA@_N@Z 0000000180008e60 f   CctCharacterController.obj
 0001:00008290       ??1SweepTest@Cct@physx@@QEAA@XZ 0000000180009290 f   CctCharacterController.obj
 0001:00008310       ?moveCharacter@SweepTest@Cct@physx@@QEAA?AV?$PxFlags@W4Enum@PxControllerCollisionFlag@physx@@E@3@PEBUInternalCBData_FindTouchedGeom@23@PEAUInternalCBData_OnHit@23@AEAVSweptVolume@23@AEBVPxVec3@3@AEBUUserObstacles@23@MAEBVPxControllerFilters@3@_N6AEAPEBVPxRigidActor@3@AEAPEBVPxShape@3@_K@Z 0000000180009310 f   CctCharacterController.obj
 0001:00009250       ?doSweepTest@SweepTest@Cct@physx@@QEAA_NPEBUInternalCBData_FindTouchedGeom@23@PEAUInternalCBData_OnHit@23@AEBUUserObstacles@23@AEAVSweptVolume@23@AEBVPxVec3@3@4IPEAIMAEBVPxControllerFilters@3@W4SweepPass@23@AEAPEBVPxRigidActor@3@AEAPEBVPxShape@3@_K@Z 000000018000a250 f   CctCharacterController.obj
 0001:0000a060       ?findTouchedObstacles@SweepTest@Cct@physx@@QEAAXAEBUUserObstacles@23@AEBUPxExtendedBounds3@3@@Z 000000018000b060 f   CctCharacterController.obj
 0001:0000a6c0       ?voidTestCache@SweepTest@Cct@physx@@QEAAXXZ 000000018000b6c0 f   CctCharacterController.obj
 0001:0000a720       ?onRelease@SweepTest@Cct@physx@@QEAAXAEBVPxBase@3@@Z 000000018000b720 f   CctCharacterController.obj
 0001:0000a7f0       ?updateCachedShapesRegistration@SweepTest@Cct@physx@@QEAAXI_N@Z 000000018000b7f0 f   CctCharacterController.obj
 0001:0000a990       ?onObstacleRemoved@SweepTest@Cct@physx@@QEAAXI@Z 000000018000b990 f   CctCharacterController.obj
 0001:0000a9c0       ?onObstacleUpdated@SweepTest@Cct@physx@@QEAAXIPEBVPxObstacleContext@3@AEBVPxVec3@3@1M@Z 000000018000b9c0 f   CctCharacterController.obj
 0001:0000abb0       ?onObstacleAdded@SweepTest@Cct@physx@@QEAAXIPEBVPxObstacleContext@3@AEBVPxVec3@3@1M@Z 000000018000bbb0 f   CctCharacterController.obj
 0001:0000add0       ?onOriginShift@SweepTest@Cct@physx@@QEAAXAEBVPxVec3@3@@Z 000000018000bdd0 f   CctCharacterController.obj
 0001:0000af50       ?updateTouchedGeoms@SweepTest@Cct@physx@@AEAAXPEBUInternalCBData_FindTouchedGeom@23@AEBUUserObstacles@23@AEBUPxExtendedBounds3@3@AEBVPxControllerFilters@3@AEBVPxVec3@3@@Z 000000018000bf50 f   CctCharacterController.obj
 0001:0000b8f0       ?findTouchedObject@Controller@Cct@physx@@IEAAXAEBVPxControllerFilters@3@PEBVPxObstacleContext@3@AEBVPxVec3@3@@Z 000000018000c8f0 f   CctCharacterController.obj
 0001:0000c170       ?rideOnTouchedObject@Controller@Cct@physx@@IEAA_NAEAVSweptVolume@23@AEBVPxVec3@3@AEAV53@PEBVPxObstacleContext@3@@Z 000000018000d170 f   CctCharacterController.obj
 0001:0000c7f0       ?move@Controller@Cct@physx@@IEAA?AV?$PxFlags@W4Enum@PxControllerCollisionFlag@physx@@E@3@AEAVSweptVolume@23@AEBVPxVec3@3@MMAEBVPxControllerFilters@3@PEBVPxObstacleContext@3@_N@Z 000000018000d7f0 f   CctCharacterController.obj
 0001:0000df30       ?filterTouchedShape@Controller@Cct@physx@@IEAA_NAEBVPxControllerFilters@3@@Z 000000018000ef30 f   CctCharacterController.obj
 0001:000115f0       ?move@BoxController@Cct@physx@@UEAA?AV?$PxFlags@W4Enum@PxControllerCollisionFlag@physx@@E@3@AEBVPxVec3@3@MMAEBVPxControllerFilters@3@PEBVPxObstacleContext@3@@Z 00000001800125f0 f   CctCharacterController.obj
 0001:00011770       ?move@CapsuleController@Cct@physx@@UEAA?AV?$PxFlags@W4Enum@PxControllerCollisionFlag@physx@@E@3@AEBVPxVec3@3@MMAEBVPxControllerFilters@3@PEBVPxObstacleContext@3@@Z 0000000180012770 f   CctCharacterController.obj
 0001:00014000       ??$PX_UNUSED@I@@YAXAEBI@Z  0000000180015000 f i CctCharacterController.obj
 0001:00014010       ??$PX_UNUSED@PEBUPxRaycastHit@physx@@@@YAXAEBQEBUPxRaycastHit@physx@@@Z 0000000180015010 f i CctCharacterController.obj
 0001:00014020       ??$PX_UNUSED@W4PxIDENTITY@physx@@@@YAXAEBW4PxIDENTITY@physx@@@Z 0000000180015020 f i CctCharacterController.obj
 0001:00014030       ??$PX_UNUSED@_K@@YAXAEB_K@Z 0000000180015030 f i CctCharacterController.obj
 0001:00014040       ??$PxMax@I@physx@@YAIII@Z  0000000180015040 f i CctCharacterController.obj
 0001:00014080       ??$PxMax@N@physx@@YANNN@Z  0000000180015080 f i CctCharacterController.obj
 0001:000140d0       ??$PxMin@N@physx@@YANNN@Z  00000001800150d0 f i CctCharacterController.obj
 0001:00014120       ??$PxUnionCast@PEBVPxGeometry@physx@@PEAY03$$CBE@physx@@YAPEBVPxGeometry@0@PEAY03$$CBE@Z 0000000180015120 f i CctCharacterController.obj
 0001:00014150       ??0?$Array@IVNamedAllocator@shdfnd@physx@@@shdfnd@physx@@QEAA@AEBVNamedAllocator@12@@Z 0000000180015150 f i CctCharacterController.obj
 0001:000141b0       ??0?$Array@VPxTriangle@physx@@VNamedAllocator@shdfnd@2@@shdfnd@physx@@QEAA@AEBVNamedAllocator@12@@Z 00000001800151b0 f i CctCharacterController.obj
 0001:00014210       ??0?$PxFlags@W4Enum@PxControllerCollisionFlag@physx@@E@physx@@QEAA@AEBV01@@Z 0000000180015210 f i CctCharacterController.obj
 0001:00014240       ??0?$PxFlags@W4Enum@PxControllerCollisionFlag@physx@@E@physx@@QEAA@E@Z 0000000180015240 f i CctCharacterController.obj
 0001:00014270       ??0?$PxFlags@W4Enum@PxHitFlag@physx@@G@physx@@QEAA@AEBV01@@Z 0000000180015270 f i CctCharacterController.obj
 0001:000142a0       ??0?$PxFlags@W4Enum@PxHitFlag@physx@@G@physx@@QEAA@G@Z 00000001800152a0 f i CctCharacterController.obj
 0001:000142d0       ??0?$PxFlags@W4Enum@PxHitFlag@physx@@G@physx@@QEAA@W4Enum@PxHitFlag@1@@Z 00000001800152d0 f i CctCharacterController.obj
 0001:00014300       ??0?$PxFlags@W4Enum@PxQueryFlag@physx@@G@physx@@QEAA@AEBV01@@Z 0000000180015300 f i CctCharacterController.obj
 0001:00014330       ??0?$PxFlags@W4Enum@PxQueryFlag@physx@@G@physx@@QEAA@W4Enum@PxQueryFlag@1@@Z 0000000180015330 f i CctCharacterController.obj
 0001:00014360       ??0?$PxFlags@W4Enum@PxQueryFlag@physx@@G@physx@@QEAA@XZ 0000000180015360 f i CctCharacterController.obj
 0001:00014380       ??0?$PxFlags@W4Enum@PxRigidBodyFlag@physx@@E@physx@@QEAA@AEBV01@@Z 0000000180015380 f i CctCharacterController.obj
 0001:000143b0       ??0?$PxFlags@W4Enum@PxShapeFlag@physx@@E@physx@@QEAA@AEBV01@@Z 00000001800153b0 f i CctCharacterController.obj
 0001:000143e0       ??0?$PxHitBuffer@UPxRaycastHit@physx@@@physx@@QEAA@PEAUPxRaycastHit@1@I@Z 00000001800153e0 f i CctCharacterController.obj
 0001:00014430       ??0?$PxHitCallback@UPxRaycastHit@physx@@@physx@@QEAA@PEAUPxRaycastHit@1@I@Z 0000000180015430 f i CctCharacterController.obj
 0001:000144c0       ??0?$TouchedObject@VPxRigidActor@physx@@@Cct@physx@@QEAA@_N@Z 00000001800154c0 f i CctCharacterController.obj
 0001:00014510       ??0?$TouchedObject@VPxShape@physx@@@Cct@physx@@QEAA@_N@Z 0000000180015510 f i CctCharacterController.obj
 0001:00014590       ??0CCTFilter@Cct@physx@@QEAA@XZ 0000000180015590 f i CctCharacterController.obj
 0001:00014600       ??0ControllerFilter@@QEAA@XZ 0000000180015600 f i CctCharacterController.obj
 0001:00014650       ??0DebugBox@Cm@physx@@QEAA@AEBVPxBounds3@2@_N@Z 0000000180015650 f i CctCharacterController.obj
 0001:000146c0       ??0DebugBox@Cm@physx@@QEAA@AEBVPxVec3@2@_N@Z 00000001800156c0 f i CctCharacterController.obj
 0001:00014730       ??0PxActorShape@physx@@QEAA@XZ 0000000180015730 f i CctCharacterController.obj
 0001:00014760       ??0PxBounds3@physx@@QEAA@AEBVPxVec3@1@0@Z 0000000180015760 f i CctCharacterController.obj
 0001:000147c0       ??0PxBoxGeometry@physx@@QEAA@VPxVec3@1@@Z 00000001800157c0 f i CctCharacterController.obj
 0001:00014810       ??0PxCapsuleGeometry@physx@@QEAA@MM@Z 0000000180015810 f i CctCharacterController.obj
 0001:00014880       ??0PxExtendedBox@physx@@QEAA@AEBV01@@Z 0000000180015880 f i CctCharacterController.obj
 0001:00014900       ??0PxExtendedBox@physx@@QEAA@XZ 0000000180015900 f i CctCharacterController.obj
 0001:00014960       ??0PxExtendedCapsule@physx@@QEAA@XZ 0000000180015960 f i CctCharacterController.obj
 0001:00014990       ??0PxExtendedSegment@physx@@QEAA@XZ 0000000180015990 f i CctCharacterController.obj
 0001:000149d0       ??0PxFilterData@physx@@QEAA@XZ 00000001800159d0 f i CctCharacterController.obj
 0001:00014a20       ??0PxLocationHit@physx@@QEAA@XZ 0000000180015a20 f i CctCharacterController.obj
 0001:00014ab0       ??0PxMat33@physx@@QEAA@AEBVPxQuat@1@@Z 0000000180015ab0 f i CctCharacterController.obj
 0001:00014df0       ??0PxMat33@physx@@QEAA@W4PxIDENTITY@1@@Z 0000000180015df0 f i CctCharacterController.obj
 0001:00014e90       ??0PxMat44@physx@@QEAA@AEBVPxMat33@1@AEBVPxVec3@1@@Z 0000000180015e90 f i CctCharacterController.obj
 0001:00014f40       ??0PxMat44@physx@@QEAA@AEBVPxTransform@1@@Z 0000000180015f40 f i CctCharacterController.obj
 0001:00015030       ??0PxProfileScoped@physx@@QEAA@PEBD_N_K@Z 0000000180016030 f i CctCharacterController.obj
 0001:00015100       ??0PxQuat@physx@@QEAA@AEBV01@@Z 0000000180016100 f i CctCharacterController.obj
 0001:00015180       ??0PxQuat@physx@@QEAA@MMMM@Z 0000000180016180 f i CctCharacterController.obj
 0001:00015200       ??0PxQuat@physx@@QEAA@W4PxIDENTITY@1@@Z 0000000180016200 f i CctCharacterController.obj
 0001:00015270       ??0PxQuat@physx@@QEAA@XZ   0000000180016270 f i CctCharacterController.obj
 0001:00015280       ??0PxQueryFilterCallback@physx@@QEAA@XZ 0000000180016280 f i CctCharacterController.obj
 0001:000152a0       ??0PxQueryFilterData@physx@@QEAA@AEBUPxFilterData@1@V?$PxFlags@W4Enum@PxQueryFlag@physx@@G@1@@Z 00000001800162a0 f i CctCharacterController.obj
 0001:00015310       ??0PxQueryHit@physx@@QEAA@XZ 0000000180016310 f i CctCharacterController.obj
 0001:00015350       ??0PxRaycastHit@physx@@QEAA@XZ 0000000180016350 f i CctCharacterController.obj
 0001:000153a0       ??0PxSphereGeometry@physx@@QEAA@XZ 00000001800163a0 f i CctCharacterController.obj
 0001:000153e0       ??0PxSweepHit@physx@@QEAA@XZ 00000001800163e0 f i CctCharacterController.obj
 0001:00015410       ??0PxTransform@physx@@QEAA@AEBVPxVec3@1@AEBVPxQuat@1@@Z 0000000180016410 f i CctCharacterController.obj
 0001:000154e0       ??0PxTransform@physx@@QEAA@XZ 00000001800164e0 f i CctCharacterController.obj
 0001:00015520       ??0PxVec3@physx@@QEAA@M@Z  0000000180016520 f i CctCharacterController.obj
 0001:00015570       ??0PxVec3@physx@@QEAA@XZ   0000000180016570 f i CctCharacterController.obj
 0001:00015580       ??0PxVec4@physx@@QEAA@AEBVPxVec3@1@M@Z 0000000180016580 f i CctCharacterController.obj
 0001:00015600       ??0PxVec4@physx@@QEAA@XZ   0000000180016600 f i CctCharacterController.obj
 0001:00015610       ??0SIMDGuard@shdfnd@physx@@QEAA@XZ 0000000180016610 f i CctCharacterController.obj
 0001:00015650       ??0SweptContact@Cct@physx@@QEAA@XZ 0000000180016650 f i CctCharacterController.obj
 0001:00015690       ??0TriArray@Cct@physx@@QEAA@XZ 0000000180016690 f i CctCharacterController.obj
 0001:000156e0       ??1?$Array@IVNamedAllocator@shdfnd@physx@@@shdfnd@physx@@QEAA@XZ 00000001800166e0 f i CctCharacterController.obj
 0001:00015770       ??1?$Array@VPxTriangle@physx@@VNamedAllocator@shdfnd@2@@shdfnd@physx@@QEAA@XZ 0000000180016770 f i CctCharacterController.obj
 0001:00015800       ??1?$PxHitBuffer@UPxRaycastHit@physx@@@physx@@UEAA@XZ 0000000180016800 f i CctCharacterController.obj
 0001:00015830       ??1?$PxHitCallback@UPxRaycastHit@physx@@@physx@@UEAA@XZ 0000000180016830 f i CctCharacterController.obj
 0001:00015850       ??1ControllerFilter@@UEAA@XZ 0000000180016850 f i CctCharacterController.obj
 0001:00015870       ??1PxExtendedBox@physx@@QEAA@XZ 0000000180016870 f i CctCharacterController.obj
 0001:00015880       ??1PxProfileScoped@physx@@QEAA@XZ 0000000180016880 f i CctCharacterController.obj
 0001:000158f0       ??1PxQueryFilterCallback@physx@@UEAA@XZ 00000001800168f0 f i CctCharacterController.obj
 0001:00015910       ??1PxTriangle@physx@@QEAA@XZ 0000000180016910 f i CctCharacterController.obj
 0001:00015920       ??1SIMDGuard@shdfnd@physx@@QEAA@XZ 0000000180016920 f i CctCharacterController.obj
 0001:00015950       ??1TriArray@Cct@physx@@QEAA@XZ 0000000180016950 f i CctCharacterController.obj
 0001:00015970       ??2@YAPEAX_KPEAX@Z         0000000180016970 f i CctCharacterController.obj
 0001:00015990       ??4?$PxFlags@W4Enum@PxControllerCollisionFlag@physx@@E@physx@@QEAAAEAV01@AEBV01@@Z 0000000180016990 f i CctCharacterController.obj
 0001:000159c0       ??4?$PxFlags@W4Enum@PxHitFlag@physx@@G@physx@@QEAAAEAV01@AEBV01@@Z 00000001800169c0 f i CctCharacterController.obj
 0001:000159f0       ??4?$PxFlags@W4Enum@PxQueryFlag@physx@@G@physx@@QEAAAEAV01@AEBV01@@Z 00000001800169f0 f i CctCharacterController.obj
 0001:00015a20       ??4?$TouchedObject@VPxRigidActor@physx@@@Cct@physx@@QEAAAEAU012@PEBVPxRigidActor@2@@Z 0000000180016a20 f i CctCharacterController.obj
 0001:00015ac0       ??4?$TouchedObject@VPxShape@physx@@@Cct@physx@@QEAAAEAU012@PEBVPxShape@2@@Z 0000000180016ac0 f i CctCharacterController.obj
 0001:00015b60       ??4CCTParams@Cct@physx@@QEAAAEAU012@AEBU012@@Z 0000000180016b60 f i CctCharacterController.obj
 0001:00015cd0       ??4FPUGuard@shdfnd@physx@@QEAAAEAV012@AEBV012@@Z 0000000180016cd0 f i CctCharacterController.obj
 0001:00015d00       ??4PxExtendedBox@physx@@QEAAAEAV01@AEBV01@@Z 0000000180016d00 f i CctCharacterController.obj
 0001:00015d80       ??4PxLocationHit@physx@@QEAAAEAU01@AEBU01@@Z 0000000180016d80 f i CctCharacterController.obj
 0001:00015e40       ??4PxMat44@physx@@QEAAAEAV01@AEBV01@@Z 0000000180016e40 f i CctCharacterController.obj
 0001:00015ee0       ??4PxRaycastHit@physx@@QEAAAEAU01@AEBU01@@Z 0000000180016ee0 f i CctCharacterController.obj
 0001:00015f50       ??4PxTransform@physx@@QEAAAEAV01@$$QEAV01@@Z 0000000180016f50 f i CctCharacterController.obj
 0001:00015fb0       ??4PxVec4@physx@@QEAAAEAV01@AEBV01@@Z 0000000180016fb0 f i CctCharacterController.obj
 0001:00016030       ??4SweptContact@Cct@physx@@QEAAAEAU012@AEBU012@@Z 0000000180017030 f i CctCharacterController.obj
 0001:000160e0       ??8?$TouchedObject@VPxRigidActor@physx@@@Cct@physx@@QEAA_NPEBVPxBase@2@@Z 00000001800170e0 f i CctCharacterController.obj
 0001:00016130       ??8?$TouchedObject@VPxShape@physx@@@Cct@physx@@QEAA_NPEBVPxBase@2@@Z 0000000180017130 f i CctCharacterController.obj
 0001:00016180       ??8?$TouchedObject@VPxShape@physx@@@Cct@physx@@QEAA_NPEBVPxShape@2@@Z 0000000180017180 f i CctCharacterController.obj
 0001:000161d0       ??A?$Array@IVNamedAllocator@shdfnd@physx@@@shdfnd@physx@@QEAAAEAII@Z 00000001800171d0 f i CctCharacterController.obj
 0001:00016270       ??A?$Array@IVNamedAllocator@shdfnd@physx@@@shdfnd@physx@@QEBAAEBII@Z 0000000180017270 f i CctCharacterController.obj
 0001:00016310       ??A?$Array@UInternalBoxObstacle@ObstacleContext@Cct@physx@@VNamedAllocator@shdfnd@4@@shdfnd@physx@@QEBAAEBUInternalBoxObstacle@ObstacleContext@Cct@2@I@Z 0000000180017310 f i CctCharacterController.obj
 0001:000163b0       ??A?$Array@UInternalCapsuleObstacle@ObstacleContext@Cct@physx@@VNamedAllocator@shdfnd@4@@shdfnd@physx@@QEBAAEBUInternalCapsuleObstacle@ObstacleContext@Cct@2@I@Z 00000001800173b0 f i CctCharacterController.obj
 0001:00016450       ??A?$Array@VPxTriangle@physx@@VNamedAllocator@shdfnd@2@@shdfnd@physx@@QEBAAEBVPxTriangle@2@I@Z 0000000180017450 f i CctCharacterController.obj
 0001:000164f0       ??B?$PxFlags@W4Enum@PxControllerBehaviorFlag@physx@@E@physx@@QEBAIXZ 00000001800174f0 f i CctCharacterController.obj
 0001:00016510       ??B?$PxFlags@W4Enum@PxControllerDebugRenderFlag@physx@@I@physx@@QEBAIXZ 0000000180017510 f i CctCharacterController.obj
 0001:00016520       ??B?$PxFlags@W4Enum@PxQueryFlag@physx@@G@physx@@QEBA_NXZ 0000000180017520 f i CctCharacterController.obj
 0001:00016560       ??B?$PxFlags@W4Enum@PxRigidBodyFlag@physx@@E@physx@@QEBA_NXZ 0000000180017560 f i CctCharacterController.obj
 0001:000165a0       ??B?$PxFlags@W4Enum@PxShapeFlag@physx@@E@physx@@QEBA_NXZ 00000001800175a0 f i CctCharacterController.obj
 0001:000165e0       ??B?$TouchedObject@VPxRigidActor@physx@@@Cct@physx@@QEBA_NXZ 00000001800175e0 f i CctCharacterController.obj
 0001:00016620       ??B?$TouchedObject@VPxShape@physx@@@Cct@physx@@QEBA_NXZ 0000000180017620 f i CctCharacterController.obj
 0001:00016660       ??C?$TouchedObject@VPxRigidActor@physx@@@Cct@physx@@QEBAPEBVPxRigidActor@2@XZ 0000000180017660 f i CctCharacterController.obj
 0001:00016680       ??C?$TouchedObject@VPxShape@physx@@@Cct@physx@@QEBAPEBVPxShape@2@XZ 0000000180017680 f i CctCharacterController.obj
 0001:000166a0       ??DPxQuat@physx@@QEBA?AV01@AEBV01@@Z 00000001800176a0 f i CctCharacterController.obj
 0001:000168b0       ??DPxTransform@physx@@QEBA?AV01@AEBV01@@Z 00000001800178b0 f i CctCharacterController.obj
 0001:00016960       ??GPxVec3@physx@@QEBA?AV01@AEBV01@@Z 0000000180017960 f i CctCharacterController.obj
 0001:00016a00       ??GPxVec3@physx@@QEBA?AV01@XZ 0000000180017a00 f i CctCharacterController.obj
 0001:00016a90       ??HPxVec3@physx@@QEBA?AV01@AEBV01@@Z 0000000180017a90 f i CctCharacterController.obj
 0001:00016b30       ??I?$PxFlags@W4Enum@PxQueryFlag@physx@@G@physx@@QEBA?AV01@W4Enum@PxQueryFlag@1@@Z 0000000180017b30 f i CctCharacterController.obj
 0001:00016ba0       ??I?$PxFlags@W4Enum@PxRigidBodyFlag@physx@@E@physx@@QEBA?AV01@W4Enum@PxRigidBodyFlag@1@@Z 0000000180017ba0 f i CctCharacterController.obj
 0001:00016c00       ??I?$PxFlags@W4Enum@PxShapeFlag@physx@@E@physx@@QEBA?AV01@W4Enum@PxShapeFlag@1@@Z 0000000180017c00 f i CctCharacterController.obj
 0001:00016c60       ??R?$Hash@PEAVPxShape@physx@@@shdfnd@physx@@QEBAIAEBQEAVPxShape@2@@Z 0000000180017c60 f i CctCharacterController.obj
 0001:00016c90       ??RGetKey@?$HashSetBase@PEAVPxShape@physx@@U?$Hash@PEAVPxShape@physx@@@shdfnd@2@VNonTrackingAllocator@42@$0A@@internal@shdfnd@physx@@QEAAAEBQEAVPxShape@4@AEBQEAV54@@Z 0000000180017c90 f i CctCharacterController.obj
 0001:00016cb0       ??U?$PxFlags@W4Enum@PxQueryFlag@physx@@G@physx@@QEBA?AV01@W4Enum@PxQueryFlag@1@@Z 0000000180017cb0 f i CctCharacterController.obj
 0001:00016d10       ??Uphysx@@YA?AV?$PxFlags@W4Enum@PxQueryFlag@physx@@G@0@W4Enum@PxQueryFlag@0@0@Z 0000000180017d10 f i CctCharacterController.obj
 0001:00016d70       ??YPxVec3@physx@@QEAAAEAV01@AEBV01@@Z 0000000180017d70 f i CctCharacterController.obj
 0001:00016df0       ??ZPxVec3@physx@@QEAAAEAV01@AEBV01@@Z 0000000180017df0 f i CctCharacterController.obj
 0001:00016e70       ??_0PxVec3@physx@@QEAAAEAV01@M@Z 0000000180017e70 f i CctCharacterController.obj
 0001:00016f00       ??_5?$PxFlags@W4Enum@PxControllerCollisionFlag@physx@@E@physx@@QEAAAEAV01@W4Enum@PxControllerCollisionFlag@1@@Z 0000000180017f00 f i CctCharacterController.obj
 0001:00016f30       ??_5?$PxFlags@W4Enum@PxHitFlag@physx@@G@physx@@QEAAAEAV01@W4Enum@PxHitFlag@1@@Z 0000000180017f30 f i CctCharacterController.obj
 0001:00016f70       ??_5?$PxFlags@W4Enum@PxQueryFlag@physx@@G@physx@@QEAAAEAV01@W4Enum@PxQueryFlag@1@@Z 0000000180017f70 f i CctCharacterController.obj
 0001:00016fb0       ??_E?$PxHitBuffer@UPxRaycastHit@physx@@@physx@@UEAAPEAXI@Z 0000000180017fb0 f i CctCharacterController.obj
 0001:00016fb0       ??_G?$PxHitBuffer@UPxRaycastHit@physx@@@physx@@UEAAPEAXI@Z 0000000180017fb0 f i CctCharacterController.obj
 0001:00017000       ??_G?$PxHitCallback@UPxRaycastHit@physx@@@physx@@UEAAPEAXI@Z 0000000180018000 f i CctCharacterController.obj
 0001:00017000       ??_E?$PxHitCallback@UPxRaycastHit@physx@@@physx@@UEAAPEAXI@Z 0000000180018000 f i CctCharacterController.obj
 0001:00017050       ??_GControllerFilter@@UEAAPEAXI@Z 0000000180018050 f i CctCharacterController.obj
 0001:00017050       ??_EControllerFilter@@UEAAPEAXI@Z 0000000180018050 f i CctCharacterController.obj
 0001:000170a0       ??_GPxExtendedBox@physx@@QEAAPEAXI@Z 00000001800180a0 f i CctCharacterController.obj
 0001:000170f0       ??_GPxQueryFilterCallback@physx@@UEAAPEAXI@Z 00000001800180f0 f i CctCharacterController.obj
 0001:000170f0       ??_EPxQueryFilterCallback@physx@@UEAAPEAXI@Z 00000001800180f0 f i CctCharacterController.obj
 0001:00017140       ??_GPxTriangle@physx@@QEAAPEAXI@Z 0000000180018140 f i CctCharacterController.obj
 0001:00017190       ?PxAbs@physx@@YAMM@Z       0000000180018190 f i CctCharacterController.obj
 0001:000171b0       ?PxIsFinite@physx@@YA_NM@Z 00000001800181b0 f i CctCharacterController.obj
 0001:000171d0       ?PxRecipSqrt@physx@@YAMM@Z 00000001800181d0 f i CctCharacterController.obj
 0001:000171f0       ?PxSqrt@physx@@YAMM@Z      00000001800181f0 f i CctCharacterController.obj
 0001:00017210       ?abs@intrinsics@physx@@YAMM@Z 0000000180018210 f i CctCharacterController.obj
 0001:00017230       ?add@physx@@YAXAEAUPxExtendedBounds3@1@AEBU21@@Z 0000000180018230 f i CctCharacterController.obj
 0001:00017280       ?allocate@?$Array@IVNamedAllocator@shdfnd@physx@@@shdfnd@physx@@IEAAPEAII@Z 0000000180018280 f i CctCharacterController.obj
 0001:00017330       ?allocate@?$Array@PEBXVNamedAllocator@shdfnd@physx@@@shdfnd@physx@@IEAAPEAPEBXI@Z 0000000180018330 f i CctCharacterController.obj
 0001:000173e0       ?allocate@?$Array@UPxExtendedCapsule@physx@@VNamedAllocator@shdfnd@2@@shdfnd@physx@@IEAAPEAUPxExtendedCapsule@3@I@Z 00000001800183e0 f i CctCharacterController.obj
 0001:00017490       ?allocate@?$Array@VPxExtendedBox@physx@@VNamedAllocator@shdfnd@2@@shdfnd@physx@@IEAAPEAVPxExtendedBox@3@I@Z 0000000180018490 f i CctCharacterController.obj
 0001:00017540       ?any@PxGeometryHolder@physx@@QEBAAEBVPxGeometry@2@XZ 0000000180018540 f i CctCharacterController.obj
 0001:00017570       ?begin@?$Array@IVNamedAllocator@shdfnd@physx@@@shdfnd@physx@@QEAAPEAIXZ 0000000180018570 f i CctCharacterController.obj
 0001:00017590       ?begin@?$Array@IVNamedAllocator@shdfnd@physx@@@shdfnd@physx@@QEBAPEBIXZ 0000000180018590 f i CctCharacterController.obj
 0001:000175b0       ?begin@?$Array@PEBXVNamedAllocator@shdfnd@physx@@@shdfnd@physx@@QEAAPEAPEBXXZ 00000001800185b0 f i CctCharacterController.obj
 0001:000175d0       ?begin@?$Array@UPxExtendedCapsule@physx@@VNamedAllocator@shdfnd@2@@shdfnd@physx@@QEAAPEAUPxExtendedCapsule@3@XZ 00000001800185d0 f i CctCharacterController.obj
 0001:000175f0       ?begin@?$Array@VPxExtendedBox@physx@@VNamedAllocator@shdfnd@2@@shdfnd@physx@@QEAAPEAVPxExtendedBox@3@XZ 00000001800185f0 f i CctCharacterController.obj
 0001:00017610       ?capacity@?$Array@IVNamedAllocator@shdfnd@physx@@@shdfnd@physx@@QEBAIXZ 0000000180018610 f i CctCharacterController.obj
 0001:00017630       ?capacity@?$Array@PEBXVNamedAllocator@shdfnd@physx@@@shdfnd@physx@@QEBAIXZ 0000000180018630 f i CctCharacterController.obj
 0001:00017650       ?capacity@?$Array@UPxExtendedCapsule@physx@@VNamedAllocator@shdfnd@2@@shdfnd@physx@@QEBAIXZ 0000000180018650 f i CctCharacterController.obj
 0001:00017670       ?capacity@?$Array@VPxExtendedBox@physx@@VNamedAllocator@shdfnd@2@@shdfnd@physx@@QEBAIXZ 0000000180018670 f i CctCharacterController.obj
 0001:00017690       ?capacity@?$Array@VPxTriangle@physx@@VNamedAllocator@shdfnd@2@@shdfnd@physx@@QEBAIXZ 0000000180018690 f i CctCharacterController.obj
 0001:000176b0       ?capacityIncrement@?$Array@PEBXVNamedAllocator@shdfnd@physx@@@shdfnd@physx@@IEBAIXZ 00000001800186b0 f i CctCharacterController.obj
 0001:00017700       ?capacityIncrement@?$Array@UPxExtendedCapsule@physx@@VNamedAllocator@shdfnd@2@@shdfnd@physx@@IEBAIXZ 0000000180018700 f i CctCharacterController.obj
 0001:00017750       ?capacityIncrement@?$Array@VPxExtendedBox@physx@@VNamedAllocator@shdfnd@2@@shdfnd@physx@@IEBAIXZ 0000000180018750 f i CctCharacterController.obj
 0001:000177a0       ?clear@?$Array@IVNamedAllocator@shdfnd@physx@@@shdfnd@physx@@QEAAXXZ 00000001800187a0 f i CctCharacterController.obj
 0001:000177f0       ?clear@?$Array@VPxTriangle@physx@@VNamedAllocator@shdfnd@2@@shdfnd@physx@@QEAAXXZ 00000001800187f0 f i CctCharacterController.obj
 0001:00017840       ?clear@TriArray@Cct@physx@@QEAAXXZ 0000000180018840 f i CctCharacterController.obj
 0001:00017860       ?computeTimeCoeff@Controller@Cct@physx@@IEAAMXZ 0000000180018860 f i CctCharacterController.obj
 0001:000178d0       ?contains@?$HashSetBase@PEAVPxShape@physx@@U?$Hash@PEAVPxShape@physx@@@shdfnd@2@VNonTrackingAllocator@42@$0A@@internal@shdfnd@physx@@QEBA_NAEBQEAVPxShape@4@@Z 00000001800188d0 f i CctCharacterController.obj
 0001:00017930       ?copy@?$Array@IVNamedAllocator@shdfnd@physx@@@shdfnd@physx@@KAXPEAI0PEBI@Z 0000000180018930 f i CctCharacterController.obj
 0001:000179d0       ?copy@?$Array@PEBXVNamedAllocator@shdfnd@physx@@@shdfnd@physx@@KAXPEAPEBX0PEBQEBX@Z 00000001800189d0 f i CctCharacterController.obj
 0001:00017a70       ?copy@?$Array@UPxExtendedCapsule@physx@@VNamedAllocator@shdfnd@2@@shdfnd@physx@@KAXPEAUPxExtendedCapsule@3@0PEBU43@@Z 0000000180018a70 f i CctCharacterController.obj
 0001:00017b10       ?copy@?$Array@VPxExtendedBox@physx@@VNamedAllocator@shdfnd@2@@shdfnd@physx@@KAXPEAVPxExtendedBox@3@0PEBV43@@Z 0000000180018b10 f i CctCharacterController.obj
 0001:00017bb0       ?cross@PxVec3@physx@@QEBA?AV12@AEBV12@@Z 0000000180018bb0 f i CctCharacterController.obj
 0001:00017ca0       ?deallocate@?$Array@IVNamedAllocator@shdfnd@physx@@@shdfnd@physx@@IEAAXPEAX@Z 0000000180018ca0 f i CctCharacterController.obj
 0001:00017cd0       ?deallocate@?$Array@PEBXVNamedAllocator@shdfnd@physx@@@shdfnd@physx@@IEAAXPEAX@Z 0000000180018cd0 f i CctCharacterController.obj
 0001:00017d00       ?deallocate@?$Array@UPxExtendedCapsule@physx@@VNamedAllocator@shdfnd@2@@shdfnd@physx@@IEAAXPEAX@Z 0000000180018d00 f i CctCharacterController.obj
 0001:00017d30       ?deallocate@?$Array@VPxExtendedBox@physx@@VNamedAllocator@shdfnd@2@@shdfnd@physx@@IEAAXPEAX@Z 0000000180018d30 f i CctCharacterController.obj
 0001:00017d60       ?deallocate@?$Array@VPxTriangle@physx@@VNamedAllocator@shdfnd@2@@shdfnd@physx@@IEAAXPEAX@Z 0000000180018d60 f i CctCharacterController.obj
 0001:00017d90       ?decomposeVector@shdfnd@physx@@YAXAEAVPxVec3@2@0AEBV32@1@Z 0000000180018d90 f i CctCharacterController.obj
 0001:00017e20       ?destroy@?$Array@IVNamedAllocator@shdfnd@physx@@@shdfnd@physx@@KAXPEAI0@Z 0000000180018e20 f i CctCharacterController.obj
 0001:00017e60       ?destroy@?$Array@PEBXVNamedAllocator@shdfnd@physx@@@shdfnd@physx@@KAXPEAPEBX0@Z 0000000180018e60 f i CctCharacterController.obj
 0001:00017ea0       ?destroy@?$Array@UPxExtendedCapsule@physx@@VNamedAllocator@shdfnd@2@@shdfnd@physx@@KAXPEAUPxExtendedCapsule@3@0@Z 0000000180018ea0 f i CctCharacterController.obj
 0001:00017ee0       ?destroy@?$Array@VPxExtendedBox@physx@@VNamedAllocator@shdfnd@2@@shdfnd@physx@@KAXPEAVPxExtendedBox@3@0@Z 0000000180018ee0 f i CctCharacterController.obj
 0001:00017f30       ?destroy@?$Array@VPxTriangle@physx@@VNamedAllocator@shdfnd@2@@shdfnd@physx@@KAXPEAVPxTriangle@3@0@Z 0000000180018f30 f i CctCharacterController.obj
 0001:00017f80       ?dot@PxExtendedVec3@physx@@QEBANAEBVPxVec3@2@@Z 0000000180018f80 f i CctCharacterController.obj
 0001:00018000       ?dot@PxVec3@physx@@QEBAMAEBV12@@Z 0000000180019000 f i CctCharacterController.obj
 0001:00018060       ?encodeUserObject@Cct@physx@@YAIIW4UserObjectType@12@@Z 0000000180019060 f i CctCharacterController.obj
 0001:00018150       ?end@?$Array@IVNamedAllocator@shdfnd@physx@@@shdfnd@physx@@QEAAPEAIXZ 0000000180019150 f i CctCharacterController.obj
 0001:00018170       ?end@?$Array@IVNamedAllocator@shdfnd@physx@@@shdfnd@physx@@QEBAPEBIXZ 0000000180019170 f i CctCharacterController.obj
 0001:00018190       ?equal@?$Hash@PEAVPxShape@physx@@@shdfnd@physx@@QEBA_NAEBQEAVPxShape@3@0@Z 0000000180019190 f i CctCharacterController.obj
 0001:000181e0       ?finalizeQuery@?$PxHitCallback@UPxRaycastHit@physx@@@physx@@UEAAXXZ 00000001800191e0 f i CctCharacterController.obj
 0001:000181f0       ?find@?$HashBase@PEAVPxShape@physx@@PEAV12@U?$Hash@PEAVPxShape@physx@@@shdfnd@2@UGetKey@?$HashSetBase@PEAVPxShape@physx@@U?$Hash@PEAVPxShape@physx@@@shdfnd@2@VNonTrackingAllocator@42@$0A@@internal@42@VNonTrackingAllocator@42@$0A@@internal@shdfnd@physx@@QEBAPEBQEAVPxShape@4@AEBQEAV54@@Z 00000001800191f0 f i CctCharacterController.obj
 0001:000182f0       ?forceSize_Unsafe@?$Array@IVNamedAllocator@shdfnd@physx@@@shdfnd@physx@@QEAAXI@Z 00000001800192f0 f i CctCharacterController.obj
 0001:00018380       ?forceSize_Unsafe@?$Array@VPxTriangle@physx@@VNamedAllocator@shdfnd@2@@shdfnd@physx@@QEAAXI@Z 0000000180019380 f i CctCharacterController.obj
 0001:00018410       ?forceSize_Unsafe@TriArray@Cct@physx@@QEAAXI@Z 0000000180019410 f i CctCharacterController.obj
 0001:00018440       ?get@?$TouchedObject@VPxRigidActor@physx@@@Cct@physx@@QEBAPEBVPxRigidActor@3@XZ 0000000180019440 f i CctCharacterController.obj
 0001:00018460       ?get@?$TouchedObject@VPxShape@physx@@@Cct@physx@@QEBAPEBVPxShape@3@XZ 0000000180019460 f i CctCharacterController.obj
 0001:00018480       ?getAnyHit@?$PxHitBuffer@UPxRaycastHit@physx@@@physx@@QEBAAEBUPxRaycastHit@2@I@Z 0000000180019480 f i CctCharacterController.obj
 0001:00018570       ?getBasisVector0@PxQuat@physx@@QEBA?AVPxVec3@2@XZ 0000000180019570 f i CctCharacterController.obj
 0001:00018690       ?getCenter@PxBounds3@physx@@QEBA?AVPxVec3@2@XZ 0000000180019690 f i CctCharacterController.obj
 0001:00018760       ?getConcreteType@PxBase@physx@@QEBAGXZ 0000000180019760 f i CctCharacterController.obj
 0001:00018780       ?getContextId@Controller@Cct@physx@@QEBA_KXZ 0000000180019780 f i CctCharacterController.obj
 0001:000187a0       ?getDimensions@PxBounds3@physx@@QEBA?AVPxVec3@2@XZ 00000001800197a0 f i CctCharacterController.obj
 0001:00018850       ?getExtents@PxBounds3@physx@@QEBA?AVPxVec3@2@XZ 0000000180019850 f i CctCharacterController.obj
 0001:00018910       ?getGlobalPose@PxShapeExt@physx@@SA?AVPxTransform@2@AEBVPxShape@2@AEBVPxRigidActor@2@@Z 0000000180019910 f i CctCharacterController.obj
 0001:000189c0       ?getNbTouches@?$PxHitBuffer@UPxRaycastHit@physx@@@physx@@QEBAIXZ 00000001800199c0 f i CctCharacterController.obj
 0001:000189e0       ?getNormalized@PxVec3@physx@@QEBA?AV12@XZ 00000001800199e0 f i CctCharacterController.obj
 0001:00018a90       ?getShapeGlobalPose@physx@@YA?AVPxTransform@1@AEBVPxShape@1@AEBVPxRigidActor@1@@Z 0000000180019a90 f i CctCharacterController.obj
 0001:00018ad0       ?getTouches@?$PxHitBuffer@UPxRaycastHit@physx@@@physx@@QEBAPEBUPxRaycastHit@2@XZ 0000000180019ad0 f i CctCharacterController.obj
 0001:00018af0       ?getTriangle@TriArray@Cct@physx@@QEBAAEBVPxTriangle@3@I@Z 0000000180019af0 f i CctCharacterController.obj
 0001:00018b20       ?getType@SweptVolume@Cct@physx@@QEBA?AW4Enum@SweptVolumeType@23@XZ 0000000180019b20 f i CctCharacterController.obj
 0001:00018b40       ?grow@?$Array@IVNamedAllocator@shdfnd@physx@@@shdfnd@physx@@IEAAXI@Z 0000000180019b40 f i CctCharacterController.obj
 0001:00018be0       ?growAndPushBack@?$Array@PEBXVNamedAllocator@shdfnd@physx@@@shdfnd@physx@@IEAAAEAPEBXAEBQEBX@Z 0000000180019be0 f i CctCharacterController.obj
 0001:00018dc0       ?growAndPushBack@?$Array@UPxExtendedCapsule@physx@@VNamedAllocator@shdfnd@2@@shdfnd@physx@@IEAAAEAUPxExtendedCapsule@3@AEBU43@@Z 0000000180019dc0 f i CctCharacterController.obj
 0001:00019000       ?growAndPushBack@?$Array@VPxExtendedBox@physx@@VNamedAllocator@shdfnd@2@@shdfnd@physx@@IEAAAEAVPxExtendedBox@3@AEBV43@@Z 000000018001a000 f i CctCharacterController.obj
 0001:000191f0       ?hash@?$HashBase@PEAVPxShape@physx@@PEAV12@U?$Hash@PEAVPxShape@physx@@@shdfnd@2@UGetKey@?$HashSetBase@PEAVPxShape@physx@@U?$Hash@PEAVPxShape@physx@@@shdfnd@2@VNonTrackingAllocator@42@$0A@@internal@42@VNonTrackingAllocator@42@$0A@@internal@shdfnd@physx@@AEBAIAEBQEAVPxShape@4@@Z 000000018001a1f0 f i CctCharacterController.obj
 0001:00019230       ?hash@?$HashBase@PEAVPxShape@physx@@PEAV12@U?$Hash@PEAVPxShape@physx@@@shdfnd@2@UGetKey@?$HashSetBase@PEAVPxShape@physx@@U?$Hash@PEAVPxShape@physx@@@shdfnd@2@VNonTrackingAllocator@42@$0A@@internal@42@VNonTrackingAllocator@42@$0A@@internal@shdfnd@physx@@AEBAIAEBQEAVPxShape@4@I@Z 000000018001a230 f i CctCharacterController.obj
 0001:00019270       ?hash@shdfnd@physx@@YAIPEBX@Z 000000018001a270 f i CctCharacterController.obj
 0001:00019290       ?hash@shdfnd@physx@@YAI_K@Z 000000018001a290 f i CctCharacterController.obj
 0001:000193a0       ?intersectOBBAABB@Gu@physx@@YA_NAEBVBox@12@AEBVPxBounds3@2@@Z 000000018001a3a0 f i CctCharacterController.obj
 0001:00019460       ?isAlmostZero@shdfnd@physx@@YA_NAEBVPxVec3@2@@Z 000000018001a460 f i CctCharacterController.obj
 0001:000194e0       ?isFinite@PxBounds3@physx@@QEBA_NXZ 000000018001a4e0 f i CctCharacterController.obj
 0001:00019550       ?isFinite@PxQuat@physx@@QEBA_NXZ 000000018001a550 f i CctCharacterController.obj
 0001:000195f0       ?isFinite@PxTransform@physx@@QEBA_NXZ 000000018001a5f0 f i CctCharacterController.obj
 0001:00019660       ?isFinite@PxVec3@physx@@QEBA_NXZ 000000018001a660 f i CctCharacterController.obj
 0001:000196e0       ?isFinite@intrinsics@physx@@YA_NM@Z 000000018001a6e0 f i CctCharacterController.obj
 0001:00019730       ?isInUserMemory@?$Array@IVNamedAllocator@shdfnd@physx@@@shdfnd@physx@@QEBAIXZ 000000018001a730 f i CctCharacterController.obj
 0001:00019750       ?isInUserMemory@?$Array@PEBXVNamedAllocator@shdfnd@physx@@@shdfnd@physx@@QEBAIXZ 000000018001a750 f i CctCharacterController.obj
 0001:00019770       ?isInUserMemory@?$Array@UPxExtendedCapsule@physx@@VNamedAllocator@shdfnd@2@@shdfnd@physx@@QEBAIXZ 000000018001a770 f i CctCharacterController.obj
 0001:00019790       ?isInUserMemory@?$Array@VPxExtendedBox@physx@@VNamedAllocator@shdfnd@2@@shdfnd@physx@@QEBAIXZ 000000018001a790 f i CctCharacterController.obj
 0001:000197b0       ?isInUserMemory@?$Array@VPxTriangle@physx@@VNamedAllocator@shdfnd@2@@shdfnd@physx@@QEBAIXZ 000000018001a7b0 f i CctCharacterController.obj
 0001:000197d0       ?isInside@PxExtendedBounds3@physx@@QEBA_NAEBU12@@Z 000000018001a7d0 f i CctCharacterController.obj
 0001:000198b0       ?isSane@PxQuat@physx@@QEBA_NXZ 000000018001a8b0 f i CctCharacterController.obj
 0001:00019930       ?isSane@PxTransform@physx@@QEBA_NXZ 000000018001a930 f i CctCharacterController.obj
 0001:00019990       ?isValid@PxBounds3@physx@@QEBA_NXZ 000000018001a990 f i CctCharacterController.obj
 0001:00019ac0       ?isZero@PxVec3@physx@@QEBA_NXZ 000000018001aac0 f i CctCharacterController.obj
 0001:00019b20       ?magnitude@PxQuat@physx@@QEBAMXZ 000000018001ab20 f i CctCharacterController.obj
 0001:00019b50       ?magnitude@PxVec3@physx@@QEBAMXZ 000000018001ab50 f i CctCharacterController.obj
 0001:00019b80       ?magnitudeSquared@PxQuat@physx@@QEBAMXZ 000000018001ab80 f i CctCharacterController.obj
 0001:00019c00       ?magnitudeSquared@PxVec3@physx@@QEBAMXZ 000000018001ac00 f i CctCharacterController.obj
 0001:00019c60       ?maximum@PxExtendedVec3@physx@@QEAAXAEBU12@@Z 000000018001ac60 f i CctCharacterController.obj
 0001:00019d10       ?minimum@PxExtendedVec3@physx@@QEAAXAEBU12@@Z 000000018001ad10 f i CctCharacterController.obj
 0001:00019dc0       ?normal@PxTriangle@physx@@QEBAXAEAVPxVec3@2@@Z 000000018001adc0 f i CctCharacterController.obj
 0001:00019eb0       ?normalize@PxVec3@physx@@QEAAMXZ 000000018001aeb0 f i CctCharacterController.obj
 0001:00019f10       ?postFilter@ControllerFilter@@UEAA?AW4Enum@PxQueryHitType@physx@@AEBUPxFilterData@4@AEBUPxQueryHit@4@@Z 000000018001af10 f i CctCharacterController.obj
 0001:0001a010       ?preFilter@ControllerFilter@@UEAA?AW4Enum@PxQueryHitType@physx@@AEBUPxFilterData@4@PEBVPxShape@4@PEBVPxRigidActor@4@AEAV?$PxFlags@W4Enum@PxHitFlag@physx@@G@4@@Z 000000018001b010 f i CctCharacterController.obj
 0001:0001a150       ?processTouches@?$PxHitBuffer@UPxRaycastHit@physx@@@physx@@MEAA_NPEBUPxRaycastHit@2@I@Z 000000018001b150 f i CctCharacterController.obj
 0001:0001a190       ?pushBack@?$Array@PEBXVNamedAllocator@shdfnd@physx@@@shdfnd@physx@@QEAAAEAPEBXAEBQEBX@Z 000000018001b190 f i CctCharacterController.obj
 0001:0001a260       ?pushBack@?$Array@UPxExtendedCapsule@physx@@VNamedAllocator@shdfnd@2@@shdfnd@physx@@QEAAAEAUPxExtendedCapsule@3@AEBU43@@Z 000000018001b260 f i CctCharacterController.obj
 0001:0001a330       ?pushBack@?$Array@VPxExtendedBox@physx@@VNamedAllocator@shdfnd@2@@shdfnd@physx@@QEAAAEAVPxExtendedBox@3@AEBV43@@Z 000000018001b330 f i CctCharacterController.obj
 0001:0001a400       ?recipSqrt@intrinsics@physx@@YAMM@Z 000000018001b400 f i CctCharacterController.obj
 0001:0001a440       ?recreate@?$Array@IVNamedAllocator@shdfnd@physx@@@shdfnd@physx@@IEAAXI@Z 000000018001b440 f i CctCharacterController.obj
 0001:0001a590       ?reserve@?$Array@IVNamedAllocator@shdfnd@physx@@@shdfnd@physx@@QEAAXI@Z 000000018001b590 f i CctCharacterController.obj
 0001:0001a5d0       ?resetStats@SweepTest@Cct@physx@@QEAAXXZ 000000018001b5d0 f i CctCharacterController.obj
 0001:0001a620       ?rotate@PxQuat@physx@@QEBA?BVPxVec3@2@AEBV32@@Z 000000018001b620 f i CctCharacterController.obj
 0001:0001a870       ?rotateInv@PxQuat@physx@@QEBA?BVPxVec3@2@AEBV32@@Z 000000018001b870 f i CctCharacterController.obj
 0001:0001aac0       ?selectMax@intrinsics@physx@@YAMMM@Z 000000018001bac0 f i CctCharacterController.obj
 0001:0001ab10       ?selectMin@intrinsics@physx@@YAMMM@Z 000000018001bb10 f i CctCharacterController.obj
 0001:0001ab60       ?set@PxExtendedBounds3@physx@@QEAAXNNNNNN@Z 000000018001bb60 f i CctCharacterController.obj
 0001:0001abe0       ?set@PxExtendedVec3@physx@@QEAAXNNN@Z 000000018001bbe0 f i CctCharacterController.obj
 0001:0001ac40       ?setEmpty@PxExtendedBounds3@physx@@QEAAXXZ 000000018001bc40 f i CctCharacterController.obj
 0001:0001acb0       ?setWorldPos@SweptContact@Cct@physx@@QEAAXAEBVPxVec3@3@AEBUPxExtendedVec3@3@@Z 000000018001bcb0 f i CctCharacterController.obj
 0001:0001ad30       ?size@?$Array@IVNamedAllocator@shdfnd@physx@@@shdfnd@physx@@QEBAIXZ 000000018001bd30 f i CctCharacterController.obj
 0001:0001ad50       ?size@?$Array@PEBXVNamedAllocator@shdfnd@physx@@@shdfnd@physx@@QEBAIXZ 000000018001bd50 f i CctCharacterController.obj
 0001:0001ad70       ?size@?$Array@UInternalBoxObstacle@ObstacleContext@Cct@physx@@VNamedAllocator@shdfnd@4@@shdfnd@physx@@QEBAIXZ 000000018001bd70 f i CctCharacterController.obj
 0001:0001ad90       ?size@?$Array@UInternalCapsuleObstacle@ObstacleContext@Cct@physx@@VNamedAllocator@shdfnd@4@@shdfnd@physx@@QEBAIXZ 000000018001bd90 f i CctCharacterController.obj
 0001:0001adb0       ?size@?$Array@UPxExtendedCapsule@physx@@VNamedAllocator@shdfnd@2@@shdfnd@physx@@QEBAIXZ 000000018001bdb0 f i CctCharacterController.obj
 0001:0001add0       ?size@?$Array@VPxExtendedBox@physx@@VNamedAllocator@shdfnd@2@@shdfnd@physx@@QEBAIXZ 000000018001bdd0 f i CctCharacterController.obj
 0001:0001adf0       ?size@?$Array@VPxTriangle@physx@@VNamedAllocator@shdfnd@2@@shdfnd@physx@@QEBAIXZ 000000018001bdf0 f i CctCharacterController.obj
 0001:0001ae10       ?size@TriArray@Cct@physx@@QEBAIXZ 000000018001be10 f i CctCharacterController.obj
 0001:0001ae30       ?sqrt@intrinsics@physx@@YAMM@Z 000000018001be30 f i CctCharacterController.obj
 0001:0001ae60       ?testSlope@physx@@YA_NAEBVPxVec3@1@0M@Z 000000018001be60 f i CctCharacterController.obj
 0001:0001aee0       ?toVec3@physx@@YA?AVPxVec3@1@AEBUPxExtendedVec3@1@@Z 000000018001bee0 f i CctCharacterController.obj
 0001:0001af50       ?transform@PxTransform@physx@@QEBA?AV12@AEBV12@@Z 000000018001bf50 f i CctCharacterController.obj
 0001:0001b120       ?transform@PxTransform@physx@@QEBA?AVPxVec3@2@AEBV32@@Z 000000018001c120 f i CctCharacterController.obj
 0001:0001b200       ?transformInv@PxTransform@physx@@QEBA?AVPxVec3@2@AEBV32@@Z 000000018001c200 f i CctCharacterController.obj
 0001:0001b2d0       fabsf                      000000018001c2d0 f i CctCharacterController.obj
 0001:0001b380       ?getSceneTimestamp@Cct@physx@@YAIPEBUInternalCBData_FindTouchedGeom@12@@Z 000000018001c380 f   CctCharacterControllerCallbacks.obj
 0001:0001b410       ?findTouchedGeometry@Cct@physx@@YAXPEBUInternalCBData_FindTouchedGeom@12@AEBUPxExtendedBounds3@2@AEAVTriArray@12@AEAV?$Array@IVNamedAllocator@shdfnd@physx@@@shdfnd@2@3AEBVCCTFilter@12@AEBUCCTParams@12@AEAG@Z 000000018001c410 f   CctCharacterControllerCallbacks.obj
 0001:0001bc00       ?shapeHitCallback@Cct@physx@@YAIPEBUInternalCBData_OnHit@12@AEBUSweptContact@12@AEBVPxVec3@2@M@Z 000000018001cc00 f   CctCharacterControllerCallbacks.obj
 0001:0001bd30       ?userHitCallback@Cct@physx@@YAIPEBUInternalCBData_OnHit@12@AEBUSweptContact@12@AEBVPxVec3@2@M@Z 000000018001cd30 f   CctCharacterControllerCallbacks.obj
 0001:000214c0       ??$PX_UNUSED@PEBUPxOverlapHit@physx@@@@YAXAEBQEBUPxOverlapHit@physx@@@Z 00000001800224c0 f i CctCharacterControllerCallbacks.obj
 0001:000214d0       ??0?$PxFlags@W4Enum@PxConvexMeshGeometryFlag@physx@@E@physx@@QEAA@XZ 00000001800224d0 f i CctCharacterControllerCallbacks.obj
 0001:000214f0       ??0?$PxFlags@W4Enum@PxMeshGeometryFlag@physx@@E@physx@@QEAA@E@Z 00000001800224f0 f i CctCharacterControllerCallbacks.obj
 0001:00021520       ??0?$PxFlags@W4Enum@PxMeshGeometryFlag@physx@@E@physx@@QEAA@XZ 0000000180022520 f i CctCharacterControllerCallbacks.obj
 0001:00021540       ??0?$PxHitBuffer@UPxOverlapHit@physx@@@physx@@QEAA@PEAUPxOverlapHit@1@I@Z 0000000180022540 f i CctCharacterControllerCallbacks.obj
 0001:00021590       ??0?$PxHitCallback@UPxOverlapHit@physx@@@physx@@QEAA@PEAUPxOverlapHit@1@I@Z 0000000180022590 f i CctCharacterControllerCallbacks.obj
 0001:00021620       ??0?$PxPadding@$02@physx@@QEAA@XZ 0000000180022620 f i CctCharacterControllerCallbacks.obj
 0001:00021670       ??0PxControllerHit@physx@@QEAA@XZ 0000000180022670 f i CctCharacterControllerCallbacks.obj
 0001:000216d0       ??0PxControllerObstacleHit@physx@@QEAA@XZ 00000001800226d0 f i CctCharacterControllerCallbacks.obj
 0001:00021700       ??0PxControllerShapeHit@physx@@QEAA@XZ 0000000180022700 f i CctCharacterControllerCallbacks.obj
 0001:00021730       ??0PxControllersHit@physx@@QEAA@XZ 0000000180022730 f i CctCharacterControllerCallbacks.obj
 0001:00021760       ??0PxConvexMeshGeometry@physx@@QEAA@XZ 0000000180022760 f i CctCharacterControllerCallbacks.obj
 0001:00021800       ??0PxExtendedSphere@physx@@QEAA@XZ 0000000180022800 f i CctCharacterControllerCallbacks.obj
 0001:00021830       ??0PxHeightFieldGeometry@physx@@QEAA@XZ 0000000180022830 f i CctCharacterControllerCallbacks.obj
 0001:000218e0       ??0PxMat33@physx@@QEAA@AEBVPxVec3@1@00@Z 00000001800228e0 f i CctCharacterControllerCallbacks.obj
 0001:00021960       ??0PxMeshScale@physx@@QEAA@M@Z 0000000180022960 f i CctCharacterControllerCallbacks.obj
 0001:000219b0       ??0PxMeshScale@physx@@QEAA@XZ 00000001800229b0 f i CctCharacterControllerCallbacks.obj
 0001:00021a00       ??0PxOverlapHit@physx@@QEAA@XZ 0000000180022a00 f i CctCharacterControllerCallbacks.obj
 0001:00021a30       ??0PxPlane@physx@@QEAA@AEBVPxVec3@1@M@Z 0000000180022a30 f i CctCharacterControllerCallbacks.obj
 0001:00021a80       ??0PxPlane@physx@@QEAA@MMMM@Z 0000000180022a80 f i CctCharacterControllerCallbacks.obj
 0001:00021af0       ??0PxQueryFilterData@physx@@QEAA@$$QEAU01@@Z 0000000180022af0 f i CctCharacterControllerCallbacks.obj
 0001:00021b60       ??0PxQueryFilterData@physx@@QEAA@V?$PxFlags@W4Enum@PxQueryFlag@physx@@G@1@@Z 0000000180022b60 f i CctCharacterControllerCallbacks.obj
 0001:00021bc0       ??0PxTransform@physx@@QEAA@AEBVPxVec3@1@@Z 0000000180022bc0 f i CctCharacterControllerCallbacks.obj
 0001:00021c10       ??0PxTriangle@physx@@QEAA@AEBV01@@Z 0000000180022c10 f i CctCharacterControllerCallbacks.obj
 0001:00021d10       ??0PxTriangle@physx@@QEAA@AEBVPxVec3@1@00@Z 0000000180022d10 f i CctCharacterControllerCallbacks.obj
 0001:00021de0       ??0PxTriangle@physx@@QEAA@XZ 0000000180022de0 f i CctCharacterControllerCallbacks.obj
 0001:00021e20       ??0PxTriangleMeshGeometry@physx@@QEAA@XZ 0000000180022e20 f i CctCharacterControllerCallbacks.obj
 0001:00021ea0       ??0PxVec4@physx@@QEAA@MMMM@Z 0000000180022ea0 f i CctCharacterControllerCallbacks.obj
 0001:00021f20       ??0TessParams@@QEAA@XZ     0000000180022f20 f i CctCharacterControllerCallbacks.obj
 0001:00021f70       ??0TrianglePadded@Gu@physx@@QEAA@XZ 0000000180022f70 f i CctCharacterControllerCallbacks.obj
 0001:00021fa0       ??0Vec3p@Gu@physx@@QEAA@AEBVPxVec3@2@@Z 0000000180022fa0 f i CctCharacterControllerCallbacks.obj
 0001:00021fd0       ??1?$PxHitBuffer@UPxOverlapHit@physx@@@physx@@UEAA@XZ 0000000180022fd0 f i CctCharacterControllerCallbacks.obj
 0001:00022000       ??1?$PxHitCallback@UPxOverlapHit@physx@@@physx@@UEAA@XZ 0000000180023000 f i CctCharacterControllerCallbacks.obj
 0001:00022020       ??1PxExtendedSphere@physx@@QEAA@XZ 0000000180023020 f i CctCharacterControllerCallbacks.obj
 0001:00022030       ??1TrianglePadded@Gu@physx@@QEAA@XZ 0000000180023030 f i CctCharacterControllerCallbacks.obj
 0001:00022050       ??1Vec3p@Gu@physx@@QEAA@XZ 0000000180023050 f i CctCharacterControllerCallbacks.obj
 0001:00022060       ??APxVec3@physx@@QEBAAEBMI@Z 0000000180023060 f i CctCharacterControllerCallbacks.obj
 0001:000220f0       ??DPxMat33@physx@@QEBA?BV01@AEBV01@@Z 00000001800230f0 f i CctCharacterControllerCallbacks.obj
 0001:000221b0       ??DPxVec4@physx@@QEBA?AV01@M@Z 00000001800231b0 f i CctCharacterControllerCallbacks.obj
 0001:00022250       ??HPxVec4@physx@@QEBA?AV01@AEBV01@@Z 0000000180023250 f i CctCharacterControllerCallbacks.obj
 0001:00022300       ??_G?$PxHitBuffer@UPxOverlapHit@physx@@@physx@@UEAAPEAXI@Z 0000000180023300 f i CctCharacterControllerCallbacks.obj
 0001:00022300       ??_E?$PxHitBuffer@UPxOverlapHit@physx@@@physx@@UEAAPEAXI@Z 0000000180023300 f i CctCharacterControllerCallbacks.obj
 0001:00022350       ??_E?$PxHitCallback@UPxOverlapHit@physx@@@physx@@UEAAPEAXI@Z 0000000180023350 f i CctCharacterControllerCallbacks.obj
 0001:00022350       ??_G?$PxHitCallback@UPxOverlapHit@physx@@@physx@@UEAAPEAXI@Z 0000000180023350 f i CctCharacterControllerCallbacks.obj
 0001:000223a0       ?FLoad@aos@shdfnd@physx@@YA?AT__m128@@M@Z 00000001800233a0 f i CctCharacterControllerCallbacks.obj
 0001:000223d0       ?PxPlaneEquationFromTransform@physx@@YA?AVPxPlane@1@AEBVPxTransform@1@@Z 00000001800233d0 f i CctCharacterControllerCallbacks.obj
 0001:00022430       ?V3Load@aos@shdfnd@physx@@YA?AT__m128@@M@Z 0000000180023430 f i CctCharacterControllerCallbacks.obj
 0001:00022480       ?V4Load@aos@shdfnd@physx@@YA?AT__m128@@M@Z 0000000180023480 f i CctCharacterControllerCallbacks.obj
 0001:000224b0       ?allocate@?$Array@VPxTriangle@physx@@VNamedAllocator@shdfnd@2@@shdfnd@physx@@IEAAPEAVPxTriangle@3@I@Z 00000001800234b0 f i CctCharacterControllerCallbacks.obj
 0001:00022560       ?capacityIncrement@?$Array@IVNamedAllocator@shdfnd@physx@@@shdfnd@physx@@IEBAIXZ 0000000180023560 f i CctCharacterControllerCallbacks.obj
 0001:000225b0       ?centerExtents@PxBounds3@physx@@SA?AV12@AEBVPxVec3@2@0@Z 00000001800235b0 f i CctCharacterControllerCallbacks.obj
 0001:00022630       ?computeBasis@shdfnd@physx@@YAXAEBVPxVec3@2@AEAV32@1@Z 0000000180023630 f i CctCharacterControllerCallbacks.obj
 0001:00022800       ?copy@?$Array@VPxTriangle@physx@@VNamedAllocator@shdfnd@2@@shdfnd@physx@@KAXPEAVPxTriangle@3@0PEBV43@@Z 0000000180023800 f i CctCharacterControllerCallbacks.obj
 0001:000228a0       ?decodeIndex@Cct@physx@@YAII@Z 00000001800238a0 f i CctCharacterControllerCallbacks.obj
 0001:000228b0       ?decodeType@Cct@physx@@YA?AW4UserObjectType@12@I@Z 00000001800238b0 f i CctCharacterControllerCallbacks.obj
 0001:000228d0       ?distance@PxPlane@physx@@QEBAMAEBVPxVec3@2@@Z 00000001800238d0 f i CctCharacterControllerCallbacks.obj
 0001:00022910       ?end@?$Array@VPxTriangle@physx@@VNamedAllocator@shdfnd@2@@shdfnd@physx@@QEAAPEAVPxTriangle@3@XZ 0000000180023910 f i CctCharacterControllerCallbacks.obj
 0001:00022930       ?finalizeQuery@?$PxHitCallback@UPxOverlapHit@physx@@@physx@@UEAAXXZ 0000000180023930 f i CctCharacterControllerCallbacks.obj
 0001:00022940       ?getAnyHit@?$PxHitBuffer@UPxOverlapHit@physx@@@physx@@QEBAAEBUPxOverlapHit@2@I@Z 0000000180023940 f i CctCharacterControllerCallbacks.obj
 0001:00022a30       ?getCctManager@Controller@Cct@physx@@QEAAPEAVCharacterControllerManager@23@XZ 0000000180023a30 f i CctCharacterControllerCallbacks.obj
 0001:00022a50       ?getNbAnyHits@?$PxHitBuffer@UPxOverlapHit@physx@@@physx@@QEBAIXZ 0000000180023a50 f i CctCharacterControllerCallbacks.obj
 0001:00022a80       ?getNbTouches@?$PxHitBuffer@UPxOverlapHit@physx@@@physx@@QEBAIXZ 0000000180023a80 f i CctCharacterControllerCallbacks.obj
 0001:00022aa0       ?getPosition@PxMat44@physx@@QEBA?BVPxVec3@2@XZ 0000000180023aa0 f i CctCharacterControllerCallbacks.obj
 0001:00022ae0       ?getResults@PxMeshOverlapUtil@physx@@QEBAPEBIXZ 0000000180023ae0 f i CctCharacterControllerCallbacks.obj
 0001:00022b00       ?getTouches@?$PxHitBuffer@UPxOverlapHit@physx@@@physx@@QEBAPEBUPxOverlapHit@2@XZ 0000000180023b00 f i CctCharacterControllerCallbacks.obj
 0001:00022b20       ?getTranspose@PxMat33@physx@@QEBA?BV12@XZ 0000000180023b20 f i CctCharacterControllerCallbacks.obj
 0001:00022c00       ?getXYZ@PxVec4@physx@@QEBA?AVPxVec3@2@XZ 0000000180023c00 f i CctCharacterControllerCallbacks.obj
 0001:00022c50       ?grow@?$Array@VPxTriangle@physx@@VNamedAllocator@shdfnd@2@@shdfnd@physx@@IEAAXI@Z 0000000180023c50 f i CctCharacterControllerCallbacks.obj
 0001:00022cf0       ?growAndPushBack@?$Array@IVNamedAllocator@shdfnd@physx@@@shdfnd@physx@@IEAAAEAIAEBI@Z 0000000180023cf0 f i CctCharacterControllerCallbacks.obj
 0001:00022ed0       ?processTouches@?$PxHitBuffer@UPxOverlapHit@physx@@@physx@@MEAA_NPEBUPxOverlapHit@2@I@Z 0000000180023ed0 f i CctCharacterControllerCallbacks.obj
 0001:00022f10       ?project@PxPlane@physx@@QEBA?AVPxVec3@2@AEBV32@@Z 0000000180023f10 f i CctCharacterControllerCallbacks.obj
 0001:00022f80       ?pushBack@?$Array@IVNamedAllocator@shdfnd@physx@@@shdfnd@physx@@QEAAAEAIAEBI@Z 0000000180023f80 f i CctCharacterControllerCallbacks.obj
 0001:00023050       ?pushBack@TriArray@Cct@physx@@QEAAXAEBVPxTriangle@3@@Z 0000000180024050 f i CctCharacterControllerCallbacks.obj
 0001:00023140       ?recreate@?$Array@VPxTriangle@physx@@VNamedAllocator@shdfnd@2@@shdfnd@physx@@IEAAXI@Z 0000000180024140 f i CctCharacterControllerCallbacks.obj
 0001:000232a0       ?reserve@?$Array@VPxTriangle@physx@@VNamedAllocator@shdfnd@2@@shdfnd@physx@@QEAAXI@Z 00000001800242a0 f i CctCharacterControllerCallbacks.obj
 0001:000232e0       ?reserve@TriArray@Cct@physx@@QEAAPEAVPxTriangle@3@I@Z 00000001800242e0 f i CctCharacterControllerCallbacks.obj
 0001:00023380       ?rotate@PxMat44@physx@@QEBA?BVPxVec3@2@AEBV32@@Z 0000000180024380 f i CctCharacterControllerCallbacks.obj
 0001:000233f0       ?rotate@PxMat44@physx@@QEBA?BVPxVec4@2@AEBV32@@Z 00000001800243f0 f i CctCharacterControllerCallbacks.obj
 0001:000234e0       ?rotate@PxTransform@physx@@QEBA?AVPxVec3@2@AEBV32@@Z 00000001800244e0 f i CctCharacterControllerCallbacks.obj
 0001:00023590       ?toMat33@PxMeshScale@physx@@QEBA?AVPxMat33@2@XZ 0000000180024590 f i CctCharacterControllerCallbacks.obj
 0001:00023680       ?transform@PxMat33@physx@@QEBA?BVPxVec3@2@AEBV32@@Z 0000000180024680 f i CctCharacterControllerCallbacks.obj
 0001:00023760       ?transform@PxTransform@physx@@QEBA?AVPxPlane@2@AEBV32@@Z 0000000180024760 f i CctCharacterControllerCallbacks.obj
 0001:00023870       PxCreateControllerManager  0000000180024870 f   CctCharacterControllerManager.obj
 0001:00023900       ??0CharacterControllerManager@Cct@physx@@QEAA@AEAVPxScene@2@_N@Z 0000000180024900 f   CctCharacterControllerManager.obj
 0001:00023b90       ??1CharacterControllerManager@Cct@physx@@UEAA@XZ 0000000180024b90 f   CctCharacterControllerManager.obj
 0001:00023ce0       ?release@CharacterControllerManager@Cct@physx@@UEAAXXZ 0000000180024ce0 f   CctCharacterControllerManager.obj
 0001:00023e10       ?getScene@CharacterControllerManager@Cct@physx@@UEBAAEAVPxScene@3@XZ 0000000180024e10 f   CctCharacterControllerManager.obj
 0001:00023e30       ?getNbControllers@CharacterControllerManager@Cct@physx@@UEBAIXZ 0000000180024e30 f   CctCharacterControllerManager.obj
 0001:00023e60       ?getController@CharacterControllerManager@Cct@physx@@UEAAPEAVPxController@3@I@Z 0000000180024e60 f   CctCharacterControllerManager.obj
 0001:00023f50       ?createController@CharacterControllerManager@Cct@physx@@UEAAPEAVPxController@3@AEBVPxControllerDesc@3@@Z 0000000180024f50 f   CctCharacterControllerManager.obj
 0001:000242e0       ?purgeControllers@CharacterControllerManager@Cct@physx@@UEAAXXZ 00000001800252e0 f   CctCharacterControllerManager.obj
 0001:00024350       ?getRenderBuffer@CharacterControllerManager@Cct@physx@@UEAAAEAVPxRenderBuffer@3@XZ 0000000180025350 f   CctCharacterControllerManager.obj
 0001:000243e0       ?setDebugRenderingFlags@CharacterControllerManager@Cct@physx@@UEAAXV?$PxFlags@W4Enum@PxControllerDebugRenderFlag@physx@@I@3@@Z 00000001800253e0 f   CctCharacterControllerManager.obj
 0001:00024480       ?getNbObstacleContexts@CharacterControllerManager@Cct@physx@@UEBAIXZ 0000000180025480 f   CctCharacterControllerManager.obj
 0001:000244b0       ?getObstacleContext@CharacterControllerManager@Cct@physx@@UEAAPEAVPxObstacleContext@3@I@Z 00000001800254b0 f   CctCharacterControllerManager.obj
 0001:00024590       ?createObstacleContext@CharacterControllerManager@Cct@physx@@UEAAPEAVPxObstacleContext@3@XZ 0000000180025590 f   CctCharacterControllerManager.obj
 0001:00024630       ?computeInteractions@CharacterControllerManager@Cct@physx@@UEAAXMPEAVPxControllerFilterCallback@3@@Z 0000000180025630 f   CctCharacterControllerManager.obj
 0001:000249c0       ?setTessellation@CharacterControllerManager@Cct@physx@@UEAAX_NM@Z 00000001800259c0 f   CctCharacterControllerManager.obj
 0001:00024a00       ?setOverlapRecoveryModule@CharacterControllerManager@Cct@physx@@UEAAX_N@Z 0000000180025a00 f   CctCharacterControllerManager.obj
 0001:00024a20       ?setPreciseSweeps@CharacterControllerManager@Cct@physx@@UEAAX_N@Z 0000000180025a20 f   CctCharacterControllerManager.obj
 0001:00024a40       ?setPreventVerticalSlidingAgainstCeiling@CharacterControllerManager@Cct@physx@@UEAAX_N@Z 0000000180025a40 f   CctCharacterControllerManager.obj
 0001:00024a60       ?shiftOrigin@CharacterControllerManager@Cct@physx@@UEAAXAEBVPxVec3@3@@Z 0000000180025a60 f   CctCharacterControllerManager.obj
 0001:00024c00       ?onRelease@CharacterControllerManager@Cct@physx@@UEAAXPEBVPxBase@3@PEAXW4Enum@PxDeletionEventFlag@3@@Z 0000000180025c00 f   CctCharacterControllerManager.obj
 0001:00024dd0       ?registerObservedObject@CharacterControllerManager@Cct@physx@@QEAAXPEBVPxBase@3@@Z 0000000180025dd0 f   CctCharacterControllerManager.obj
 0001:00024e60       ?unregisterObservedObject@CharacterControllerManager@Cct@physx@@QEAAXPEBVPxBase@3@@Z 0000000180025e60 f   CctCharacterControllerManager.obj
 0001:00024f60       ?onObstacleRemoved@CharacterControllerManager@Cct@physx@@QEBAXI@Z 0000000180025f60 f   CctCharacterControllerManager.obj
 0001:00024fd0       ?onObstacleUpdated@CharacterControllerManager@Cct@physx@@QEBAXIPEBVPxObstacleContext@3@@Z 0000000180025fd0 f   CctCharacterControllerManager.obj
 0001:00025110       ?onObstacleAdded@CharacterControllerManager@Cct@physx@@QEBAXIPEBVPxObstacleContext@3@@Z 0000000180026110 f   CctCharacterControllerManager.obj
 0001:00025250       ?releaseController@CharacterControllerManager@Cct@physx@@QEAAXAEAVPxController@3@@Z 0000000180026250 f   CctCharacterControllerManager.obj
 0001:000254f0       ?getControllers@CharacterControllerManager@Cct@physx@@QEAAPEAPEAVController@23@XZ 00000001800264f0 f   CctCharacterControllerManager.obj
 0001:00025520       ?releaseObstacleContext@CharacterControllerManager@Cct@physx@@QEAAXAEAVObstacleContext@23@@Z 0000000180026520 f   CctCharacterControllerManager.obj
 0001:00025640       ?resetObstaclesBuffers@CharacterControllerManager@Cct@physx@@QEAAXXZ 0000000180026640 f   CctCharacterControllerManager.obj
 0001:000274e0       ??$?2V?$ReflectionAllocator@VBoxController@Cct@physx@@@shdfnd@physx@@@UserAllocated@shdfnd@physx@@SAPEAX_KV?$ReflectionAllocator@VBoxController@Cct@physx@@@12@PEBDH@Z 00000001800284e0 f i CctCharacterControllerManager.obj
 0001:00027530       ??$?2V?$ReflectionAllocator@VCapsuleController@Cct@physx@@@shdfnd@physx@@@UserAllocated@shdfnd@physx@@SAPEAX_KV?$ReflectionAllocator@VCapsuleController@Cct@physx@@@12@PEBDH@Z 0000000180028530 f i CctCharacterControllerManager.obj
 0001:00027580       ??$?2V?$ReflectionAllocator@VCharacterControllerManager@Cct@physx@@@shdfnd@physx@@@UserAllocated@shdfnd@physx@@SAPEAX_KV?$ReflectionAllocator@VCharacterControllerManager@Cct@physx@@@12@PEBDH@Z 0000000180028580 f i CctCharacterControllerManager.obj
 0001:000275d0       ??$?2V?$ReflectionAllocator@VObstacleContext@Cct@physx@@@shdfnd@physx@@@UserAllocated@shdfnd@physx@@SAPEAX_KV?$ReflectionAllocator@VObstacleContext@Cct@physx@@@12@PEBDH@Z 00000001800285d0 f i CctCharacterControllerManager.obj
 0001:00027620       ??$?2V?$ReflectionAllocator@VRenderBuffer@Cm@physx@@@shdfnd@physx@@@UserAllocated@shdfnd@physx@@SAPEAX_KV?$ReflectionAllocator@VRenderBuffer@Cm@physx@@@12@PEBDH@Z 0000000180028620 f i CctCharacterControllerManager.obj
 0001:00027670       ??$PX_UNUSED@W4Enum@PxDeletionEventFlag@physx@@@@YAXAEBW4Enum@PxDeletionEventFlag@physx@@@Z 0000000180028670 f i CctCharacterControllerManager.obj
 0001:00027680       ??$append@UPxDebugLine@physx@@@RenderBuffer@Cm@physx@@AEAAXAEAV?$Array@UPxDebugLine@physx@@VNamedAllocator@shdfnd@2@@shdfnd@2@PEBUPxDebugLine@2@I@Z 0000000180028680 f i CctCharacterControllerManager.obj
 0001:00027720       ??$append@UPxDebugPoint@physx@@@RenderBuffer@Cm@physx@@AEAAXAEAV?$Array@UPxDebugPoint@physx@@VNamedAllocator@shdfnd@2@@shdfnd@2@PEBUPxDebugPoint@2@I@Z 0000000180028720 f i CctCharacterControllerManager.obj
 0001:000277c0       ??$append@UPxDebugText@physx@@@RenderBuffer@Cm@physx@@AEAAXAEAV?$Array@UPxDebugText@physx@@VNamedAllocator@shdfnd@2@@shdfnd@2@PEBUPxDebugText@2@I@Z 00000001800287c0 f i CctCharacterControllerManager.obj
 0001:00027860       ??$append@UPxDebugTriangle@physx@@@RenderBuffer@Cm@physx@@AEAAXAEAV?$Array@UPxDebugTriangle@physx@@VNamedAllocator@shdfnd@2@@shdfnd@2@PEBUPxDebugTriangle@2@I@Z 0000000180028860 f i CctCharacterControllerManager.obj
 0001:00027900       ??$resetOrClear@V?$Array@PEBXVNamedAllocator@shdfnd@physx@@@shdfnd@physx@@@@YAXAEAV?$Array@PEBXVNamedAllocator@shdfnd@physx@@@shdfnd@physx@@@Z 0000000180028900 f i CctCharacterControllerManager.obj
 0001:00027980       ??$resetOrClear@V?$Array@UPxExtendedCapsule@physx@@VNamedAllocator@shdfnd@2@@shdfnd@physx@@@@YAXAEAV?$Array@UPxExtendedCapsule@physx@@VNamedAllocator@shdfnd@2@@shdfnd@physx@@@Z 0000000180028980 f i CctCharacterControllerManager.obj
 0001:00027a00       ??$resetOrClear@V?$Array@VPxExtendedBox@physx@@VNamedAllocator@shdfnd@2@@shdfnd@physx@@@@YAXAEAV?$Array@VPxExtendedBox@physx@@VNamedAllocator@shdfnd@2@@shdfnd@physx@@@Z 0000000180028a00 f i CctCharacterControllerManager.obj
 0001:00027a80       ??$swap@PEAVController@Cct@physx@@@shdfnd@physx@@YAXAEAPEAVController@Cct@1@0@Z 0000000180028a80 f i CctCharacterControllerManager.obj
 0001:00027ad0       ??0?$Array@DVNamedAllocator@shdfnd@physx@@@shdfnd@physx@@QEAA@AEBVNamedAllocator@12@@Z 0000000180028ad0 f i CctCharacterControllerManager.obj
 0001:00027b30       ??0?$Array@PEAVController@Cct@physx@@VNamedAllocator@shdfnd@3@@shdfnd@physx@@QEAA@AEBVNamedAllocator@12@@Z 0000000180028b30 f i CctCharacterControllerManager.obj
 0001:00027b90       ??0?$Array@PEAVObstacleContext@Cct@physx@@VNamedAllocator@shdfnd@3@@shdfnd@physx@@QEAA@AEBVNamedAllocator@12@@Z 0000000180028b90 f i CctCharacterControllerManager.obj
 0001:00027bf0       ??0?$Array@PEBXVNamedAllocator@shdfnd@physx@@@shdfnd@physx@@QEAA@AEBVNamedAllocator@12@@Z 0000000180028bf0 f i CctCharacterControllerManager.obj
 0001:00027c50       ??0?$Array@UPxDebugLine@physx@@VNamedAllocator@shdfnd@2@@shdfnd@physx@@QEAA@AEBVNamedAllocator@12@@Z 0000000180028c50 f i CctCharacterControllerManager.obj
 0001:00027cb0       ??0?$Array@UPxDebugPoint@physx@@VNamedAllocator@shdfnd@2@@shdfnd@physx@@QEAA@AEBVNamedAllocator@12@@Z 0000000180028cb0 f i CctCharacterControllerManager.obj
 0001:00027d10       ??0?$Array@UPxDebugText@physx@@VNamedAllocator@shdfnd@2@@shdfnd@physx@@QEAA@AEBVNamedAllocator@12@@Z 0000000180028d10 f i CctCharacterControllerManager.obj
 0001:00027d70       ??0?$Array@UPxDebugTriangle@physx@@VNamedAllocator@shdfnd@2@@shdfnd@physx@@QEAA@AEBVNamedAllocator@12@@Z 0000000180028d70 f i CctCharacterControllerManager.obj
[...]
 0003:000005cf       ?_ignore@?4??scaleInertia@PxMassProperties@physx@@SA?AVPxMat33@3@AEBV43@AEBVPxQuat@3@AEBVPxVec3@3@@Z@4_NA 00000001800555cf     PhysX3ExtensionsDEBUG:ExtRigidBodyExt.obj
 0003:000005d0       ?_ignore@?5??scaleInertia@PxMassProperties@physx@@SA?AVPxMat33@3@AEBV43@AEBVPxQuat@3@AEBVPxVec3@3@@Z@4_NA 00000001800555d0     PhysX3ExtensionsDEBUG:ExtRigidBodyExt.obj
 0003:000005d1       ?_ignore@?4??sum@PxMassProperties@physx@@SA?AV23@PEBV23@PEBVPxTransform@3@I@Z@4_NA 00000001800555d1     PhysX3ExtensionsDEBUG:ExtRigidBodyExt.obj
 0003:000005d2       ?_ignore@?5??sum@PxMassProperties@physx@@SA?AV23@PEBV23@PEBVPxTransform@3@I@Z@4_NA 00000001800555d2     PhysX3ExtensionsDEBUG:ExtRigidBodyExt.obj
 0003:000005d3       ?_ignore@?6??sum@PxMassProperties@physx@@SA?AV23@PEBV23@PEBVPxTransform@3@I@Z@4_NA 00000001800555d3     PhysX3ExtensionsDEBUG:ExtRigidBodyExt.obj
 0003:000005d4       ?_ignore@?9??sum@PxMassProperties@physx@@SA?AV23@PEBV23@PEBVPxTransform@3@I@Z@4_NA 00000001800555d4     PhysX3ExtensionsDEBUG:ExtRigidBodyExt.obj
 0003:000005d5       ?_ignore@?L@??sum@PxMassProperties@physx@@SA?AV23@PEBV23@PEBVPxTransform@3@I@Z@4_NA 00000001800555d5     PhysX3ExtensionsDEBUG:ExtRigidBodyExt.obj
 0003:000005d6       ?_ignore@?M@??sum@PxMassProperties@physx@@SA?AV23@PEBV23@PEBVPxTransform@3@I@Z@4_NA 00000001800555d6     PhysX3ExtensionsDEBUG:ExtRigidBodyExt.obj
 0003:000005dc       ?_ignore@?2??setDiagonal@InertiaTensorComputer@Ext@physx@@QEAAXMAEBVPxVec3@4@@Z@4_NA 00000001800555dc     PhysX3ExtensionsDEBUG:ExtRigidBodyExt.obj
 0003:000005dd       ?_ignore@?3??setDiagonal@InertiaTensorComputer@Ext@physx@@QEAAXMAEBVPxVec3@4@@Z@4_NA 00000001800555dd     PhysX3ExtensionsDEBUG:ExtRigidBodyExt.obj
 0003:000005de       ?_ignore@?2??rotate@InertiaTensorComputer@Ext@physx@@QEAAXAEBVPxMat33@4@@Z@4_NA 00000001800555de     PhysX3ExtensionsDEBUG:ExtRigidBodyExt.obj
 0003:000005df       ?_ignore@?3??rotate@InertiaTensorComputer@Ext@physx@@QEAAXAEBVPxMat33@4@@Z@4_NA 00000001800555df     PhysX3ExtensionsDEBUG:ExtRigidBodyExt.obj
 0003:000005e2       ?_ignore@?2??scaleDensity@InertiaTensorComputer@Ext@physx@@QEAAXM@Z@4_NA 00000001800555e2     PhysX3ExtensionsDEBUG:ExtRigidBodyExt.obj
 0003:000005e3       ?_ignore@?3??scaleDensity@InertiaTensorComputer@Ext@physx@@QEAAXM@Z@4_NA 00000001800555e3     PhysX3ExtensionsDEBUG:ExtRigidBodyExt.obj
 0003:000005e4       ?_ignore@?2??add@InertiaTensorComputer@Ext@physx@@QEAAXAEBV234@@Z@4_NA 00000001800555e4     PhysX3ExtensionsDEBUG:ExtRigidBodyExt.obj
 0003:000005e5       ?_ignore@?3??add@InertiaTensorComputer@Ext@physx@@QEAAXAEBV234@@Z@4_NA 00000001800555e5     PhysX3ExtensionsDEBUG:ExtRigidBodyExt.obj
 0003:000005e6       ?_ignore@?4??add@InertiaTensorComputer@Ext@physx@@QEAAXAEBV234@@Z@4_NA 00000001800555e6     PhysX3ExtensionsDEBUG:ExtRigidBodyExt.obj
 0003:000005f6       ?_ignore@?2???A?$Array@PEAVPxShape@physx@@V?$InlineAllocator@$0IA@VNamedAllocator@shdfnd@physx@@@shdfnd@2@@shdfnd@physx@@QEAAAEAPEAVPxShape@3@I@Z@4_NA 00000001800555f6     PhysX3ExtensionsDEBUG:ExtRigidBodyExt.obj
 0003:000005f7       ?_ignore@?2??grow@?$Array@VPxTransform@physx@@V?$InlineAllocator@$0BMA@VNamedAllocator@shdfnd@physx@@@shdfnd@2@@shdfnd@physx@@IEAAXI@Z@4_NA 00000001800555f7     PhysX3ExtensionsDEBUG:ExtRigidBodyExt.obj
 0003:000005f8       ?_ignore@?2??grow@?$Array@VPxMassProperties@physx@@V?$InlineAllocator@$0DEA@VNamedAllocator@shdfnd@physx@@@shdfnd@2@@shdfnd@physx@@IEAAXI@Z@4_NA 00000001800555f8     PhysX3ExtensionsDEBUG:ExtRigidBodyExt.obj
 0003:000005f9       ?_ignore@?2??growAndPushBack@?$Array@VPxMassProperties@physx@@V?$InlineAllocator@$0DEA@VNamedAllocator@shdfnd@physx@@@shdfnd@2@@shdfnd@physx@@IEAAAEAVPxMassProperties@4@AEBV54@@Z@4_NA 00000001800555f9     PhysX3ExtensionsDEBUG:ExtRigidBodyExt.obj
 0003:000005fa       ?_ignore@?2??recreate@?$Array@VPxMassProperties@physx@@V?$InlineAllocator@$0DEA@VNamedAllocator@shdfnd@physx@@@shdfnd@2@@shdfnd@physx@@IEAAXI@Z@4_NA 00000001800555fa     PhysX3ExtensionsDEBUG:ExtRigidBodyExt.obj
 0003:000005fb       ?_ignore@?2??growAndPushBack@?$Array@VPxTransform@physx@@V?$InlineAllocator@$0BMA@VNamedAllocator@shdfnd@physx@@@shdfnd@2@@shdfnd@physx@@IEAAAEAVPxTransform@4@AEBV54@@Z@4_NA 00000001800555fb     PhysX3ExtensionsDEBUG:ExtRigidBodyExt.obj
 0003:000005fc       ?_ignore@?2??recreate@?$Array@VPxTransform@physx@@V?$InlineAllocator@$0BMA@VNamedAllocator@shdfnd@physx@@@shdfnd@2@@shdfnd@physx@@IEAAXI@Z@4_NA 00000001800555fc     PhysX3ExtensionsDEBUG:ExtRigidBodyExt.obj
 0003:000005fd       ?_ignore@?2??grow@?$Array@PEAVPxShape@physx@@V?$InlineAllocator@$0IA@VNamedAllocator@shdfnd@physx@@@shdfnd@2@@shdfnd@physx@@IEAAXI@Z@4_NA 00000001800555fd     PhysX3ExtensionsDEBUG:ExtRigidBodyExt.obj
 0003:000005fe       ?_ignore@?2??recreate@?$Array@PEAVPxShape@physx@@V?$InlineAllocator@$0IA@VNamedAllocator@shdfnd@physx@@@shdfnd@2@@shdfnd@physx@@IEAAXI@Z@4_NA 00000001800555fe     PhysX3ExtensionsDEBUG:ExtRigidBodyExt.obj
 0003:00000600       ?__type_info_root_node@@3U__type_info_node@@A 0000000180055600     MSVCRTD:tncleanup.obj
 0003:00000630       ?_OptionsStorage@?1??__local_stdio_printf_options@@9@4_KA 0000000180055630     MSVCRTD:default_local_stdio_options.obj
 0003:00000640       ?_OptionsStorage@?1??__local_stdio_scanf_options@@9@4_KA 0000000180055640     MSVCRTD:default_local_stdio_options.obj
 0003:00000684       __scrt_current_native_startup_state 0000000180055684     MSVCRTD:utility.obj
 0003:00000688       __scrt_native_startup_lock 0000000180055688     MSVCRTD:utility.obj
 0003:000006a0       __scrt_debugger_hook_flag  00000001800556a0     MSVCRTD:utility_desktop.obj
 0003:000006a4       __favor                    00000001800556a4     MSVCRTD:_cpu_disp_.obj
 0003:00000d48       __dyn_tls_init_callback    0000000180055d48     <common>
 0005:00000000       __imp_InitializeSListHead  000000018005a000     kernel32:KERNEL32.dll
 0005:00000008       __imp_QueryPerformanceCounter 000000018005a008     kernel32:KERNEL32.dll
 0005:00000010       __imp_GetCurrentProcessId  000000018005a010     kernel32:KERNEL32.dll
 0005:00000018       __imp_GetCurrentThreadId   000000018005a018     kernel32:KERNEL32.dll
 0005:00000020       __imp_GetSystemTimeAsFileTime 000000018005a020     kernel32:KERNEL32.dll
 0005:00000028       __imp_DisableThreadLibraryCalls 000000018005a028     kernel32:KERNEL32.dll
 0005:00000030       __imp_RtlCaptureContext    000000018005a030     kernel32:KERNEL32.dll
 0005:00000038       __imp_RtlLookupFunctionEntry 000000018005a038     kernel32:KERNEL32.dll
 0005:00000040       __imp_RtlVirtualUnwind     000000018005a040     kernel32:KERNEL32.dll
 0005:00000048       __imp_IsDebuggerPresent    000000018005a048     kernel32:KERNEL32.dll
 0005:00000050       __imp_UnhandledExceptionFilter 000000018005a050     kernel32:KERNEL32.dll
 0005:00000058       __imp_SetUnhandledExceptionFilter 000000018005a058     kernel32:KERNEL32.dll
 0005:00000060       __imp_GetStartupInfoW      000000018005a060     kernel32:KERNEL32.dll
 0005:00000068       __imp_IsProcessorFeaturePresent 000000018005a068     kernel32:KERNEL32.dll
 0005:00000070       __imp_GetModuleHandleW     000000018005a070     kernel32:KERNEL32.dll
 0005:00000078       __imp_RaiseException       000000018005a078     kernel32:KERNEL32.dll
 0005:00000080       __imp_MultiByteToWideChar  000000018005a080     kernel32:KERNEL32.dll
 0005:00000088       __imp_WideCharToMultiByte  000000018005a088     kernel32:KERNEL32.dll
 0005:00000090       __imp_GetLastError         000000018005a090     kernel32:KERNEL32.dll
 0005:00000098       __imp_HeapAlloc            000000018005a098     kernel32:KERNEL32.dll
 0005:000000a0       __imp_TerminateProcess     000000018005a0a0     kernel32:KERNEL32.dll
 0005:000000a8       __imp_HeapFree             000000018005a0a8     kernel32:KERNEL32.dll
 0005:000000b0       __imp_GetProcessHeap       000000018005a0b0     kernel32:KERNEL32.dll
 0005:000000b8       __imp_VirtualQuery         000000018005a0b8     kernel32:KERNEL32.dll
 0005:000000c0       __imp_FreeLibrary          000000018005a0c0     kernel32:KERNEL32.dll
 0005:000000c8       __imp_GetProcAddress       000000018005a0c8     kernel32:KERNEL32.dll
 0005:000000d0       __imp_GetCurrentProcess    000000018005a0d0     kernel32:KERNEL32.dll
 0005:000000d8       \177KERNEL32_NULL_THUNK_DATA 000000018005a0d8     kernel32:KERNEL32.dll
 0005:00000158       __imp_?sweep@PxGeometryQuery@physx@@SA_NAEBVPxVec3@2@MAEBVPxGeometry@2@AEBVPxTransform@2@12AEAUPxSweepHit@2@V?$PxFlags@W4Enum@PxHitFlag@physx@@G@2@M@Z 000000018005a158     PhysX3CommonDEBUG_x64:PhysX3CommonDEBUG_x64.dll
 0005:00000160       __imp_?computePenetration@PxGeometryQuery@physx@@SA_NAEAVPxVec3@2@AEAMAEBVPxGeometry@2@AEBVPxTransform@2@23@Z 000000018005a160     PhysX3CommonDEBUG_x64:PhysX3CommonDEBUG_x64.dll
 0005:00000168       __imp_??0Box@Gu@physx@@QEAA@AEBVPxVec3@2@0AEBVPxMat33@2@@Z 000000018005a168     PhysX3CommonDEBUG_x64:PhysX3CommonDEBUG_x64.dll
 0005:00000170       __imp_??1Box@Gu@physx@@QEAA@XZ 000000018005a170     PhysX3CommonDEBUG_x64:PhysX3CommonDEBUG_x64.dll
 0005:00000178       __imp_?intersectOBBOBB@Gu@physx@@YA_NAEBVPxVec3@2@0AEBVPxMat33@2@001_N@Z 000000018005a178     PhysX3CommonDEBUG_x64:PhysX3CommonDEBUG_x64.dll
 0005:00000180       __imp_?distanceSegmentBoxSquared@Gu@physx@@YAMAEBVPxVec3@2@000AEBVPxMat33@2@PEAMPEAV32@@Z 000000018005a180     PhysX3CommonDEBUG_x64:PhysX3CommonDEBUG_x64.dll
 0005:00000188       __imp_?getTriangle@PxMeshQuery@physx@@SAXAEBVPxTriangleMeshGeometry@2@AEBVPxTransform@2@IAEAVPxTriangle@2@PEAI3@Z 000000018005a188     PhysX3CommonDEBUG_x64:PhysX3CommonDEBUG_x64.dll
 0005:00000190       __imp_?getTriangle@PxMeshQuery@physx@@SAXAEBVPxHeightFieldGeometry@2@AEBVPxTransform@2@IAEAVPxTriangle@2@PEAI3@Z 000000018005a190     PhysX3CommonDEBUG_x64:PhysX3CommonDEBUG_x64.dll
 0005:00000198       __imp_?PxTransformFromSegment@physx@@YA?AVPxTransform@1@AEBVPxVec3@1@0PEAM@Z 000000018005a198     PhysX3CommonDEBUG_x64:PhysX3CommonDEBUG_x64.dll
 0005:000001a0       __imp_??6RenderOutput@Cm@physx@@QEAAAEAV012@VPxVec3@2@@Z 000000018005a1a0     PhysX3CommonDEBUG_x64:PhysX3CommonDEBUG_x64.dll
 0005:000001a8       __imp_?intersectTriangleBox_Unsafe@Gu@physx@@YAHAEBVPxVec3@2@0000@Z 000000018005a1a8     PhysX3CommonDEBUG_x64:PhysX3CommonDEBUG_x64.dll
 0005:000001b0       __imp_?CompleteBoxPruning@Cm@physx@@YA_NPEBVPxBounds3@2@IAEAV?$Array@IVNamedAllocator@shdfnd@physx@@@shdfnd@2@AEBVAxes@Gu@2@@Z 000000018005a1b0     PhysX3CommonDEBUG_x64:PhysX3CommonDEBUG_x64.dll
 0005:000001b8       __imp_?distanceSegmentSegmentSquared@Gu@physx@@YAMAEBVPxVec3@2@000PEAM1@Z 000000018005a1b8     PhysX3CommonDEBUG_x64:PhysX3CommonDEBUG_x64.dll
 0005:000001c0       __imp_?getRaycastFuncTable@Gu@physx@@YAAEAY06Q6AIAEBVPxGeometry@2@AEBVPxTransform@2@AEBVPxVec3@2@2MV?$PxFlags@W4Enum@PxHitFlag@physx@@G@2@IPEIAUPxRaycastHit@2@@ZXZ 000000018005a1c0     PhysX3CommonDEBUG_x64:PhysX3CommonDEBUG_x64.dll
 0005:000001c8       __imp_?findOverlapTriangleMesh@PxMeshQuery@physx@@SAIAEBVPxGeometry@2@AEBVPxTransform@2@AEBVPxTriangleMeshGeometry@2@1PEAIIIAEA_N@Z 000000018005a1c8     PhysX3CommonDEBUG_x64:PhysX3CommonDEBUG_x64.dll
 0005:000001d0       __imp_?findOverlapHeightField@PxMeshQuery@physx@@SAIAEBVPxGeometry@2@AEBVPxTransform@2@AEBVPxHeightFieldGeometry@2@1PEAIIIAEA_N@Z 000000018005a1d0     PhysX3CommonDEBUG_x64:PhysX3CommonDEBUG_x64.dll
 0005:000001d8       __imp_?sweep@PxMeshQuery@physx@@SA_NAEBVPxVec3@2@MAEBVPxGeometry@2@AEBVPxTransform@2@IPEBVPxTriangle@2@AEAUPxSweepHit@2@V?$PxFlags@W4Enum@PxHitFlag@physx@@G@2@PEBIM_N@Z 000000018005a1d8     PhysX3CommonDEBUG_x64:PhysX3CommonDEBUG_x64.dll
 0005:000001e0       __imp_??6Cm@physx@@YAAEAVRenderOutput@01@AEAV201@AEBUDebugBox@01@@Z 000000018005a1e0     PhysX3CommonDEBUG_x64:PhysX3CommonDEBUG_x64.dll
 0005:000001e8       __imp_?outputCapsule@RenderOutput@Cm@physx@@QEAAAEAV123@MMAEBVPxMat44@3@@Z 000000018005a1e8     PhysX3CommonDEBUG_x64:PhysX3CommonDEBUG_x64.dll
 0005:000001f0       __imp_??6RenderOutput@Cm@physx@@QEAAAEAV012@AEBVPxTransform@2@@Z 000000018005a1f0     PhysX3CommonDEBUG_x64:PhysX3CommonDEBUG_x64.dll
 0005:000001f8       __imp_??6RenderOutput@Cm@physx@@QEAAAEAV012@I@Z 000000018005a1f8     PhysX3CommonDEBUG_x64:PhysX3CommonDEBUG_x64.dll
 0005:00000200       __imp_??0RenderOutput@Cm@physx@@QEAA@AEAVRenderBuffer@12@@Z 000000018005a200     PhysX3CommonDEBUG_x64:PhysX3CommonDEBUG_x64.dll
 0005:00000208       __imp_??6RenderOutput@Cm@physx@@QEAAAEAV012@W4Primitive@012@@Z 000000018005a208     PhysX3CommonDEBUG_x64:PhysX3CommonDEBUG_x64.dll
 0005:00000210       \177PhysX3CommonDEBUG_x64_NULL_THUNK_DATA 000000018005a210     PhysX3CommonDEBUG_x64:PhysX3CommonDEBUG_x64.dll
 0005:00000288       __imp_?PxShortestRotation@physx@@YA?AVPxQuat@1@AEBVPxVec3@1@0@Z 000000018005a288     PxFoundationDEBUG_x64:PxFoundationDEBUG_x64.dll
 0005:00000290       __imp_?error@Foundation@shdfnd@physx@@QEAAXW4Enum@PxErrorCode@3@PEBDH1ZZ 000000018005a290     PxFoundationDEBUG_x64:PxFoundationDEBUG_x64.dll
 0005:00000298       __imp_?PxGetAssertHandler@physx@@YAAEAVPxAssertHandler@1@XZ 000000018005a298     PxFoundationDEBUG_x64:PxFoundationDEBUG_x64.dll
 0005:000002a0       __imp_?decRefCount@Foundation@shdfnd@physx@@SAXXZ 000000018005a2a0     PxFoundationDEBUG_x64:PxFoundationDEBUG_x64.dll
 0005:000002a8       __imp_?incRefCount@Foundation@shdfnd@physx@@SAXXZ 000000018005a2a8     PxFoundationDEBUG_x64:PxFoundationDEBUG_x64.dll
 0005:000002b0       __imp_?getInstance@Foundation@shdfnd@physx@@SAAEAV123@XZ 000000018005a2b0     PxFoundationDEBUG_x64:PxFoundationDEBUG_x64.dll
 0005:000002b8       __imp_?getSize@MutexImpl@shdfnd@physx@@SAIXZ 000000018005a2b8     PxFoundationDEBUG_x64:PxFoundationDEBUG_x64.dll
 0005:000002c0       __imp_??1MutexImpl@shdfnd@physx@@QEAA@XZ 000000018005a2c0     PxFoundationDEBUG_x64:PxFoundationDEBUG_x64.dll
 0005:000002c8       __imp_??0MutexImpl@shdfnd@physx@@QEAA@XZ 000000018005a2c8     PxFoundationDEBUG_x64:PxFoundationDEBUG_x64.dll
 0005:000002d0       __imp_?PxDiagonalize@physx@@YA?AVPxVec3@1@AEBVPxMat33@1@AEAVPxQuat@1@@Z 000000018005a2d0     PxFoundationDEBUG_x64:PxFoundationDEBUG_x64.dll
 0005:000002d8       __imp_?deallocate@NamedAllocator@shdfnd@physx@@QEAAXPEAX@Z 000000018005a2d8     PxFoundationDEBUG_x64:PxFoundationDEBUG_x64.dll
 0005:000002e0       __imp_?allocate@NamedAllocator@shdfnd@physx@@QEAAPEAX_KPEBDH@Z 000000018005a2e0     PxFoundationDEBUG_x64:PxFoundationDEBUG_x64.dll
 0005:000002e8       __imp_??1NamedAllocator@shdfnd@physx@@QEAA@XZ 000000018005a2e8     PxFoundationDEBUG_x64:PxFoundationDEBUG_x64.dll
 0005:000002f0       __imp_??0NamedAllocator@shdfnd@physx@@QEAA@AEBV012@@Z 000000018005a2f0     PxFoundationDEBUG_x64:PxFoundationDEBUG_x64.dll
 0005:000002f8       __imp_PxGetProfilerCallback 000000018005a2f8     PxFoundationDEBUG_x64:PxFoundationDEBUG_x64.dll
 0005:00000300       __imp_?unlock@MutexImpl@shdfnd@physx@@QEAAXXZ 000000018005a300     PxFoundationDEBUG_x64:PxFoundationDEBUG_x64.dll
 0005:00000308       __imp_?lock@MutexImpl@shdfnd@physx@@QEAAXXZ 000000018005a308     PxFoundationDEBUG_x64:PxFoundationDEBUG_x64.dll
 0005:00000310       __imp_??0NamedAllocator@shdfnd@physx@@QEAA@PEBD@Z 000000018005a310     PxFoundationDEBUG_x64:PxFoundationDEBUG_x64.dll
 0005:00000318       __imp_?getAllocator@shdfnd@physx@@YAAEAVPxAllocatorCallback@2@XZ 000000018005a318     PxFoundationDEBUG_x64:PxFoundationDEBUG_x64.dll
 0005:00000320       __imp_PxGetFoundation      000000018005a320     PxFoundationDEBUG_x64:PxFoundationDEBUG_x64.dll
 0005:00000328       \177PxFoundationDEBUG_x64_NULL_THUNK_DATA 000000018005a328     PxFoundationDEBUG_x64:PxFoundationDEBUG_x64.dll
 0005:000003a0       __imp_memset               000000018005a3a0     vcruntimed:VCRUNTIME140D.dll
 0005:000003a8       __imp___std_type_info_name 000000018005a3a8     vcruntimed:VCRUNTIME140D.dll
 0005:000003b0       __imp___std_type_info_destroy_list 000000018005a3b0     vcruntimed:VCRUNTIME140D.dll
 0005:000003b8       __imp___C_specific_handler 000000018005a3b8     vcruntimed:VCRUNTIME140D.dll
 0005:000003c0       __imp___vcrt_GetModuleFileNameW 000000018005a3c0     vcruntimed:VCRUNTIME140D.dll
 0005:000003c8       __imp_memcpy               000000018005a3c8     vcruntimed:VCRUNTIME140D.dll
 0005:000003d0       __imp__purecall            000000018005a3d0     vcruntimed:VCRUNTIME140D.dll
 0005:000003d8       __imp___vcrt_GetModuleHandleW 000000018005a3d8     vcruntimed:VCRUNTIME140D.dll
 0005:000003e0       __imp___vcrt_LoadLibraryExW 000000018005a3e0     vcruntimed:VCRUNTIME140D.dll
 0005:000003e8       \177VCRUNTIME140D_NULL_THUNK_DATA 000000018005a3e8     vcruntimed:VCRUNTIME140D.dll
 0005:00000448       __imp__execute_onexit_table 000000018005a448     ucrtd:ucrtbased.dll
 0005:00000450       __imp__register_onexit_function 000000018005a450     ucrtd:ucrtbased.dll
 0005:00000458       __imp__initialize_onexit_table 000000018005a458     ucrtd:ucrtbased.dll
 0005:00000460       __imp__initialize_narrow_environment 000000018005a460     ucrtd:ucrtbased.dll
 0005:00000468       __imp__configure_narrow_argv 000000018005a468     ucrtd:ucrtbased.dll
 0005:00000470       __imp__seh_filter_dll      000000018005a470     ucrtd:ucrtbased.dll
 0005:00000478       __imp__crt_atexit          000000018005a478     ucrtd:ucrtbased.dll
 0005:00000480       __imp__initterm_e          000000018005a480     ucrtd:ucrtbased.dll
 0005:00000488       __imp__initterm            000000018005a488     ucrtd:ucrtbased.dll
 0005:00000490       __imp__CrtDbgReportW       000000018005a490     ucrtd:ucrtbased.dll
 0005:00000498       __imp__CrtDbgReport        000000018005a498     ucrtd:ucrtbased.dll
 0005:000004a0       __imp__fpclass             000000018005a4a0     ucrtd:ucrtbased.dll
 0005:000004a8       __imp_sqrtf                000000018005a4a8     ucrtd:ucrtbased.dll
 0005:000004b0       __imp_fabs                 000000018005a4b0     ucrtd:ucrtbased.dll
 0005:000004b8       __imp__crt_at_quick_exit   000000018005a4b8     ucrtd:ucrtbased.dll
 0005:000004c0       __imp__cexit               000000018005a4c0     ucrtd:ucrtbased.dll
 0005:000004c8       __imp_wcscpy_s             000000018005a4c8     ucrtd:ucrtbased.dll
 0005:000004d0       __imp__wsplitpath_s        000000018005a4d0     ucrtd:ucrtbased.dll
 0005:000004d8       __imp__wmakepath_s         000000018005a4d8     ucrtd:ucrtbased.dll
 0005:000004e0       __imp___stdio_common_vsprintf_s 000000018005a4e0     ucrtd:ucrtbased.dll
 0005:000004e8       __imp_strcat_s             000000018005a4e8     ucrtd:ucrtbased.dll
 0005:000004f0       __imp_strcpy_s             000000018005a4f0     ucrtd:ucrtbased.dll
 0005:000004f8       __imp__free_dbg            000000018005a4f8     ucrtd:ucrtbased.dll
 0005:00000500       __imp_terminate            000000018005a500     ucrtd:ucrtbased.dll
 0005:00000508       \177ucrtbased_NULL_THUNK_DATA 000000018005a508     ucrtd:ucrtbased.dll
 0005:00000580       __IMPORT_DESCRIPTOR_PxFoundationDEBUG_x64 000000018005a580     PxFoundationDEBUG_x64:PxFoundationDEBUG_x64.dll
 0005:00000594       __IMPORT_DESCRIPTOR_PhysX3CommonDEBUG_x64 000000018005a594     PhysX3CommonDEBUG_x64:PhysX3CommonDEBUG_x64.dll
 0005:000005a8       __IMPORT_DESCRIPTOR_VCRUNTIME140D 000000018005a5a8     vcruntimed:VCRUNTIME140D.dll
 0005:000005bc       __IMPORT_DESCRIPTOR_ucrtbased 000000018005a5bc     ucrtd:ucrtbased.dll
 0005:000005d0       __IMPORT_DESCRIPTOR_KERNEL32 000000018005a5d0     kernel32:KERNEL32.dll
 0005:000005e4       __NULL_IMPORT_DESCRIPTOR   000000018005a5e4     PxFoundationDEBUG_x64:PxFoundationDEBUG_x64.dll
 0006:00000000       __guard_check_icall_fptr   000000018005c000     MSVCRTD:guard_support.obj
 0006:00000010       __guard_dispatch_icall_fptr 000000018005c010     MSVCRTD:guard_support.obj
 0006:00000020       __guard_ss_verify_failure_fptr 000000018005c020     MSVCRTD:guard_support.obj
 0006:00000030       __guard_ss_verify_sp_fptr  000000018005c030     MSVCRTD:guard_support.obj
