 PhysX3CharacterKinematicDEBUG_x64

 Timestamp is 5a9c4f9c (Sun Mar  4 14:57:16 2018)

 Preferred load address is 0000000180000000

 Start         Length     Name                   Class
 0001:00000000 0000bd60H .text$di                CODE
 0001:0000bd60 000ed040H .text$mn                CODE
 0001:000f8da0 00001110H .text$mn$00             CODE
 0001:000f9eb0 0000200aH .text$x                 CODE
 0002:00000000 00000110H .CRT$XCA                DATA
 0002:00000110 00000140H .CRT$XCU                DATA
 0002:00000250 00000110H .CRT$XCZ                DATA
 0002:00000360 00000110H .CRT$XIA                DATA
 0002:00000470 00000130H .CRT$XIC                DATA
 0002:000005a0 00000110H .CRT$XIZ                DATA
 0002:000006b0 00000110H .CRT$XPA                DATA
 0002:000007c0 00000120H .CRT$XPX                DATA
 0002:000008e0 00000110H .CRT$XPXA               DATA
 0002:000009f0 00000110H .CRT$XPZ                DATA
 0002:00000b00 00000110H .CRT$XTA                DATA
 0002:00000c10 00000110H .CRT$XTZ                DATA
 0002:00000d20 00027678H .rdata                  DATA
 0002:00028398 0000060cH .rdata$r                DATA
 0002:000289a4 000001bcH .rdata$zzzdbg           DATA
 0002:00028b60 00000110H .rtc$IAA                DATA
 0002:00028c70 000001d0H .rtc$IMZ                DATA
 0002:00028e40 00000110H .rtc$IZZ                DATA
 0002:00028f50 00000110H .rtc$TAA                DATA
 0002:00029060 000001d0H .rtc$TMZ                DATA
 0002:00029230 00000110H .rtc$TZZ                DATA
 0002:00029340 00008878H .xdata                  DATA
 0002:00031bb8 00000198H .xdata$x                DATA
 0002:00031d50 00000b11H .edata                  DATA
 0003:00000000 00000d70H .data                   DATA
 0003:00000d70 00000430H .data$r                 DATA
 0003:000011a0 00002201H .bss                    DATA
 0004:00000000 0000acecH .pdata                  DATA
 0005:00000000 00000608H .idata$5                DATA
 0005:00000608 0000003cH .idata$2                DATA
 0005:00000644 00000014H .idata$3                DATA
 0005:00000658 00000608H .idata$4                DATA
 0005:00000c60 000015a4H .idata$6                DATA
 0006:00000000 0000013fH .00cfg                  DATA
 0007:00000000 000001c0H .rsrc$01                DATA
 0007:000001c0 00000700H .rsrc$02                DATA

  Address         Publics by Value              Rva+Base               Lib:Object

 0000:00000000       __guard_iat_table          0000000000000000     <absolute>
 0000:00000000       ___safe_se_handler_table   0000000000000000     <absolute>
 0000:00000000       __hybrid_code_map          0000000000000000     <absolute>
 0000:00000000       __guard_longjmp_count      0000000000000000     <absolute>
 0000:00000000       __hybrid_auxiliary_iat     0000000000000000     <absolute>
 0000:00000000       __guard_fids_count         0000000000000000     <absolute>
 0000:00000000       __enclave_config           0000000000000000     <absolute>
 0000:00000000       __dynamic_value_reloc_table 0000000000000000     <absolute>
 0000:00000000       __hybrid_code_map_count    0000000000000000     <absolute>
 0000:00000000       __guard_longjmp_table      0000000000000000     <absolute>
 0000:00000000       __guard_iat_count          0000000000000000     <absolute>
 0000:00000000       __guard_fids_table         0000000000000000     <absolute>
 0000:00000000       ___safe_se_handler_count   0000000000000000     <absolute>
 0000:00000100       __guard_flags              0000000000000100     <absolute>
 0000:00000000       __ImageBase                0000000180000000     <linker-defined>
 0001:0000bd60       ??0BoxController@Cct@physx@@QEAA@AEBVPxControllerDesc@2@AEAVPxPhysics@2@PEAVPxScene@2@@Z 000000018000cd60 f   CctBoxController.obj
 0001:0000bec0       ??1BoxController@Cct@physx@@UEAA@XZ 000000018000cec0 f   CctBoxController.obj
 0001:0000bf10       ?getWorldBox@BoxController@Cct@physx@@UEBA_NAEAUPxExtendedBounds3@3@@Z 000000018000cf10 f   CctBoxController.obj
 0001:0000bf80       ?setFootPosition@BoxController@Cct@physx@@UEAA_NAEBUPxExtendedVec3@3@@Z 000000018000cf80 f   CctBoxController.obj
 0001:0000c010       ?getFootPosition@BoxController@Cct@physx@@UEBA?AUPxExtendedVec3@3@XZ 000000018000d010 f   CctBoxController.obj
 0001:0000c0a0       ?invalidateCache@BoxController@Cct@physx@@UEAAXXZ 000000018000d0a0 f   CctBoxController.obj
 0001:0000c120       ?resize@BoxController@Cct@physx@@UEAAXM@Z 000000018000d120 f   CctBoxController.obj
 0001:0000c1f0       ?getHalfHeight@BoxController@Cct@physx@@UEBAMXZ 000000018000d1f0 f   CctBoxController.obj
 0001:0000c210       ?getHalfSideExtent@BoxController@Cct@physx@@UEBAMXZ 000000018000d210 f   CctBoxController.obj
 0001:0000c230       ?getHalfForwardExtent@BoxController@Cct@physx@@UEBAMXZ 000000018000d230 f   CctBoxController.obj
 0001:0000c250       ?setHalfHeight@BoxController@Cct@physx@@UEAA_NM@Z 000000018000d250 f   CctBoxController.obj
 0001:0000c2a0       ?setHalfSideExtent@BoxController@Cct@physx@@UEAA_NM@Z 000000018000d2a0 f   CctBoxController.obj
 0001:0000c2f0       ?setHalfForwardExtent@BoxController@Cct@physx@@UEAA_NM@Z 000000018000d2f0 f   CctBoxController.obj
 0001:0000c340       ?updateKinematicProxy@BoxController@Cct@physx@@QEAA_NXZ 000000018000d340 f   CctBoxController.obj
 0001:0000c460       ?getOBB@BoxController@Cct@physx@@QEBAXAEAVPxExtendedBox@3@@Z 000000018000d460 f   CctBoxController.obj
 0001:0000c760       ??0Allocator@shdfnd@physx@@QEAA@PEBD@Z 000000018000d760 f i CctBoxController.obj
 0001:0000c780       ??0NonTrackingAllocator@shdfnd@physx@@QEAA@PEBD@Z 000000018000d780 f i CctBoxController.obj
 0001:0000c7a0       ??0PxBoxController@physx@@IEAA@XZ 000000018000d7a0 f i CctBoxController.obj
 0001:0000c7e0       ??0PxBoxGeometry@physx@@QEAA@XZ 000000018000d7e0 f i CctBoxController.obj
 0001:0000c830       ??0PxController@physx@@IEAA@XZ 000000018000d830 f i CctBoxController.obj
 0001:0000c850       ??0PxControllerManager@physx@@IEAA@XZ 000000018000d850 f i CctBoxController.obj
 0001:0000c870       ??0PxControllerManager@physx@@QEAA@AEBV01@@Z 000000018000d870 f i CctBoxController.obj
 0001:0000c8a0       ??0PxExtendedBounds3@physx@@QEAA@XZ 000000018000d8a0 f i CctBoxController.obj
 0001:0000c8e0       ??0PxExtendedVec3@physx@@QEAA@NNN@Z 000000018000d8e0 f i CctBoxController.obj
 0001:0000c940       ??0PxExtendedVec3@physx@@QEAA@XZ 000000018000d940 f i CctBoxController.obj
 0001:0000c950       ??0PxFoundation@physx@@QEAA@AEBV01@@Z 000000018000d950 f i CctBoxController.obj
 0001:0000c980       ??0PxFoundation@physx@@QEAA@XZ 000000018000d980 f i CctBoxController.obj
 0001:0000c9a0       ??0PxGeometry@physx@@IEAA@W4Enum@PxGeometryType@1@@Z 000000018000d9a0 f i CctBoxController.obj
 0001:0000c9c0       ??0PxVec3@physx@@QEAA@AEBV01@@Z 000000018000d9c0 f i CctBoxController.obj
 0001:0000ca20       ??0PxVec3@physx@@QEAA@MMM@Z 000000018000da20 f i CctBoxController.obj
 0001:0000ca80       ??1PxBoxController@physx@@MEAA@XZ 000000018000da80 f i CctBoxController.obj
 0001:0000cab0       ??1PxController@physx@@MEAA@XZ 000000018000dab0 f i CctBoxController.obj
 0001:0000cad0       ??1PxControllerManager@physx@@MEAA@XZ 000000018000dad0 f i CctBoxController.obj
 0001:0000caf0       ??1PxFoundation@physx@@MEAA@XZ 000000018000daf0 f i CctBoxController.obj
 0001:0000cb10       ??3UserAllocated@shdfnd@physx@@SAXPEAX@Z 000000018000db10 f i CctBoxController.obj
 0001:0000cb40       ??4Allocator@shdfnd@physx@@QEAAAEAV012@$$QEAV012@@Z 000000018000db40 f i CctBoxController.obj
 0001:0000cb60       ??4Allocator@shdfnd@physx@@QEAAAEAV012@AEBV012@@Z 000000018000db60 f i CctBoxController.obj
 0001:0000cb80       ??4MutexImpl@shdfnd@physx@@QEAAAEAV012@AEBV012@@Z 000000018000db80 f i CctBoxController.obj
 0001:0000cba0       ??4PxControllerManager@physx@@QEAAAEAV01@AEBV01@@Z 000000018000dba0 f i CctBoxController.obj
 0001:0000cbc0       ??4PxFoundation@physx@@QEAAAEAV01@AEBV01@@Z 000000018000dbc0 f i CctBoxController.obj
 0001:0000cbe0       ??4PxQuat@physx@@QEAAAEAV01@AEBV01@@Z 000000018000dbe0 f i CctBoxController.obj
 0001:0000cc60       ??4PxVec3@physx@@QEAAAEAV01@AEBV01@@Z 000000018000dc60 f i CctBoxController.obj
 0001:0000ccc0       ??DPxVec3@physx@@QEBA?AV01@M@Z 000000018000dcc0 f i CctBoxController.obj
 0001:0000cd50       ??GPxExtendedVec3@physx@@QEBA?AVPxVec3@1@AEBU01@@Z 000000018000dd50 f i CctBoxController.obj
 0001:0000ce00       ??HPxExtendedVec3@physx@@QEBA?AU01@AEBU01@@Z 000000018000de00 f i CctBoxController.obj
 0001:0000cea0       ??XPxExtendedVec3@physx@@QEAAAEAU01@AEBM@Z 000000018000dea0 f i CctBoxController.obj
 0001:0000cf40       ??XPxVec3@physx@@QEAAAEAV01@M@Z 000000018000df40 f i CctBoxController.obj
 0001:0000cfc0       ??YPxExtendedVec3@physx@@QEAAAEAU01@AEBVPxVec3@1@@Z 000000018000dfc0 f i CctBoxController.obj
 0001:0000d060       ??ZPxExtendedVec3@physx@@QEAAAEAU01@AEBVPxVec3@1@@Z 000000018000e060 f i CctBoxController.obj
 0001:0000d0fc       ??_EBoxController@Cct@physx@@W7EAAPEAXI@Z 000000018000e0fc f i CctBoxController.obj
 0001:0000d110       ??_EPxControllerManager@physx@@MEAAPEAXI@Z 000000018000e110 f i CctBoxController.obj
 0001:0000d1e0       ??_EPxFoundation@physx@@MEAAPEAXI@Z 000000018000e1e0 f i CctBoxController.obj
 0001:0000d2b0       ??_FAllocator@shdfnd@physx@@QEAAXXZ 000000018000e2b0 f i CctBoxController.obj
 0001:0000d2d0       ??_FNamedAllocator@shdfnd@physx@@QEAAXXZ 000000018000e2d0 f i CctBoxController.obj
 0001:0000d2f0       ??_GBoxController@Cct@physx@@UEAAPEAXI@Z 000000018000e2f0 f i CctBoxController.obj
 0001:0000d2f0       ??_EBoxController@Cct@physx@@UEAAPEAXI@Z 000000018000e2f0 f i CctBoxController.obj
 0001:0000d360       ??_GPxBoxController@physx@@MEAAPEAXI@Z 000000018000e360 f i CctBoxController.obj
 0001:0000d360       ??_EPxBoxController@physx@@MEAAPEAXI@Z 000000018000e360 f i CctBoxController.obj
 0001:0000d3b0       ??_EPxController@physx@@MEAAPEAXI@Z 000000018000e3b0 f i CctBoxController.obj
 0001:0000d3b0       ??_GPxController@physx@@MEAAPEAXI@Z 000000018000e3b0 f i CctBoxController.obj
 0001:0000d400       ??_GPxControllerManager@physx@@MEAAPEAXI@Z 000000018000e400 f i CctBoxController.obj
 0001:0000d450       ??_GPxFoundation@physx@@MEAAPEAXI@Z 000000018000e450 f i CctBoxController.obj
 0001:0000d4a0       ??_H@YAXPEAX_K1P6APEAX0@Z@Z 000000018000e4a0 f i CctBoxController.obj
 0001:0000d540       ??_I@YAXPEAX_K1P6AX0@Z@Z   000000018000e540 f i CctBoxController.obj
 0001:0000d600       ?__empty_global_delete@@YAXPEAX@Z 000000018000e600 f i CctBoxController.obj
 0001:0000d610       ?__empty_global_delete@@YAXPEAX_K@Z 000000018000e610 f i CctBoxController.obj
 0001:0000d610       ?__global_delete@@YAXPEAX_K@Z 000000018000e610 f i CctBoxController.obj
 0001:0000d620       ?deallocate@NonTrackingAllocator@shdfnd@physx@@QEAAXPEAX@Z 000000018000e620 f i CctBoxController.obj
 0001:0000d670       ?getActor@BoxController@Cct@physx@@UEBAPEAVPxRigidDynamic@3@XZ 000000018000e670 f i CctBoxController.obj
 0001:0000d690       ?getCenter@physx@@YAXAEBUPxExtendedBounds3@1@AEAUPxExtendedVec3@1@@Z 000000018000e690 f i CctBoxController.obj
 0001:0000d710       ?getContactOffset@BoxController@Cct@physx@@UEBAMXZ 000000018000e710 f i CctBoxController.obj
 0001:0000d730       ?getExtents@physx@@YAXAEBUPxExtendedBounds3@1@AEAVPxVec3@1@@Z 000000018000e730 f i CctBoxController.obj
 0001:0000d790       ?getHalfHeightInternal@BoxController@Cct@physx@@UEBAMXZ 000000018000e790 f i CctBoxController.obj
 0001:0000d7b0       ?getNonWalkableMode@BoxController@Cct@physx@@UEBA?AW4Enum@PxControllerNonWalkableMode@3@XZ 000000018000e7b0 f i CctBoxController.obj
 0001:0000d7d0       ?getPosition@BoxController@Cct@physx@@UEBAAEBUPxExtendedVec3@3@XZ 000000018000e7d0 f i CctBoxController.obj
 0001:0000d7f0       ?getPxController@BoxController@Cct@physx@@UEAAPEAVPxController@3@XZ 000000018000e7f0 f i CctBoxController.obj
 0001:0000d810       ?getScene@BoxController@Cct@physx@@UEAAPEAVPxScene@3@XZ 000000018000e810 f i CctBoxController.obj
 0001:0000d830       ?getSlopeLimit@BoxController@Cct@physx@@UEBAMXZ 000000018000e830 f i CctBoxController.obj
 0001:0000d850       ?getState@BoxController@Cct@physx@@UEBAXAEAUPxControllerState@3@@Z 000000018000e850 f i CctBoxController.obj
 0001:0000d890       ?getStats@BoxController@Cct@physx@@UEBAXAEAUPxControllerStats@3@@Z 000000018000e890 f i CctBoxController.obj
 0001:0000d8d0       ?getStepOffset@BoxController@Cct@physx@@UEBAMXZ 000000018000e8d0 f i CctBoxController.obj
 0001:0000d8f0       ?getType@BoxController@Cct@physx@@UEBA?AW4Enum@PxControllerShapeType@3@XZ 000000018000e8f0 f i CctBoxController.obj
 0001:0000d910       ?getUpDirection@BoxController@Cct@physx@@UEBA?AVPxVec3@3@XZ 000000018000e910 f i CctBoxController.obj
 0001:0000d950       ?getUserData@BoxController@Cct@physx@@UEBAPEAXXZ 000000018000e950 f i CctBoxController.obj
 0001:0000d970       ?lock@?$MutexT@V?$ReflectionAllocator@VMutexImpl@shdfnd@physx@@@shdfnd@physx@@@shdfnd@physx@@QEBAXXZ 000000018000e970 f i CctBoxController.obj
 0001:0000d9a0       ?release@BoxController@Cct@physx@@UEAAXXZ 000000018000e9a0 f i CctBoxController.obj
 0001:0000d9d0       ?setCenterExtents@physx@@YAXAEAUPxExtendedBounds3@1@AEBUPxExtendedVec3@1@AEBVPxVec3@1@@Z 000000018000e9d0 f i CctBoxController.obj
 0001:0000da60       ?setContactOffset@BoxController@Cct@physx@@UEAAXM@Z 000000018000ea60 f i CctBoxController.obj
 0001:0000daa0       ?setNonWalkableMode@BoxController@Cct@physx@@UEAAXW4Enum@PxControllerNonWalkableMode@3@@Z 000000018000eaa0 f i CctBoxController.obj
 0001:0000dac0       ?setPosition@BoxController@Cct@physx@@UEAA_NAEBUPxExtendedVec3@3@@Z 000000018000eac0 f i CctBoxController.obj
 0001:0000db00       ?setSlopeLimit@BoxController@Cct@physx@@UEAAXM@Z 000000018000eb00 f i CctBoxController.obj
 0001:0000db40       ?setStepOffset@BoxController@Cct@physx@@UEAAXM@Z 000000018000eb40 f i CctBoxController.obj
 0001:0000db80       ?setUpDirection@BoxController@Cct@physx@@UEAAXAEBVPxVec3@3@@Z 000000018000eb80 f i CctBoxController.obj
 0001:0000dbc0       ?setUserData@BoxController@Cct@physx@@UEAAXPEAX@Z 000000018000ebc0 f i CctBoxController.obj
 0001:0000dbe0       ?unlock@?$MutexT@V?$ReflectionAllocator@VMutexImpl@shdfnd@physx@@@shdfnd@physx@@@shdfnd@physx@@QEBAXXZ 000000018000ebe0 f i CctBoxController.obj
 0001:0000dc10       ??0CapsuleController@Cct@physx@@QEAA@AEBVPxControllerDesc@2@AEAVPxPhysics@2@PEAVPxScene@2@@Z 000000018000ec10 f   CctCapsuleController.obj
 0001:0000dd60       ??1CapsuleController@Cct@physx@@UEAA@XZ 000000018000ed60 f   CctCapsuleController.obj
 0001:0000ddb0       ?getWorldBox@CapsuleController@Cct@physx@@UEBA_NAEAUPxExtendedBounds3@3@@Z 000000018000edb0 f   CctCapsuleController.obj
 0001:0000de40       ?setFootPosition@CapsuleController@Cct@physx@@UEAA_NAEBUPxExtendedVec3@3@@Z 000000018000ee40 f   CctCapsuleController.obj
 0001:0000dee0       ?getFootPosition@CapsuleController@Cct@physx@@UEBA?AUPxExtendedVec3@3@XZ 000000018000eee0 f   CctCapsuleController.obj
 0001:0000df90       ?invalidateCache@CapsuleController@Cct@physx@@UEAAXXZ 000000018000ef90 f   CctCapsuleController.obj
 0001:0000e010       ?resize@CapsuleController@Cct@physx@@UEAAXM@Z 000000018000f010 f   CctCapsuleController.obj
 0001:0000e110       ?getClimbingMode@CapsuleController@Cct@physx@@UEBA?AW4Enum@PxCapsuleClimbingMode@3@XZ 000000018000f110 f   CctCapsuleController.obj
 0001:0000e130       ?setRadius@CapsuleController@Cct@physx@@UEAA_NM@Z 000000018000f130 f   CctCapsuleController.obj
 0001:0000e240       ?setHeight@CapsuleController@Cct@physx@@UEAA_NM@Z 000000018000f240 f   CctCapsuleController.obj
 0001:0000e350       ?setClimbingMode@CapsuleController@Cct@physx@@UEAA_NW4Enum@PxCapsuleClimbingMode@3@@Z 000000018000f350 f   CctCapsuleController.obj
 0001:0000e380       ?getCapsule@CapsuleController@Cct@physx@@QEBAXAEAUPxExtendedCapsule@3@@Z 000000018000f380 f   CctCapsuleController.obj
 0001:0000e710       ??0PxCapsuleController@physx@@IEAA@XZ 000000018000f710 f i CctCapsuleController.obj
 0001:0000e750       ??0PxCapsuleGeometry@physx@@QEAA@XZ 000000018000f750 f i CctCapsuleController.obj
 0001:0000e7a0       ??1PxCapsuleController@physx@@MEAA@XZ 000000018000f7a0 f i CctCapsuleController.obj
 0001:0000e7d0       ??_ECapsuleController@Cct@physx@@W7EAAPEAXI@Z 000000018000f7d0 f i CctCapsuleController.obj
 0001:0000e7e0       ??_GCapsuleController@Cct@physx@@UEAAPEAXI@Z 000000018000f7e0 f i CctCapsuleController.obj
 0001:0000e7e0       ??_ECapsuleController@Cct@physx@@UEAAPEAXI@Z 000000018000f7e0 f i CctCapsuleController.obj
 0001:0000e850       ??_GPxCapsuleController@physx@@MEAAPEAXI@Z 000000018000f850 f i CctCapsuleController.obj
 0001:0000e850       ??_EPxCapsuleController@physx@@MEAAPEAXI@Z 000000018000f850 f i CctCapsuleController.obj
 0001:0000e8a0       ?getActor@CapsuleController@Cct@physx@@UEBAPEAVPxRigidDynamic@3@XZ 000000018000f8a0 f i CctCapsuleController.obj
 0001:0000e8c0       ?getContactOffset@CapsuleController@Cct@physx@@UEBAMXZ 000000018000f8c0 f i CctCapsuleController.obj
 0001:0000e8e0       ?getHalfHeightInternal@CapsuleController@Cct@physx@@UEBAMXZ 000000018000f8e0 f i CctCapsuleController.obj
 0001:0000e920       ?getHeight@CapsuleController@Cct@physx@@UEBAMXZ 000000018000f920 f i CctCapsuleController.obj
 0001:0000e940       ?getNonWalkableMode@CapsuleController@Cct@physx@@UEBA?AW4Enum@PxControllerNonWalkableMode@3@XZ 000000018000f940 f i CctCapsuleController.obj
 0001:0000e960       ?getPosition@CapsuleController@Cct@physx@@UEBAAEBUPxExtendedVec3@3@XZ 000000018000f960 f i CctCapsuleController.obj
 0001:0000e980       ?getPxController@CapsuleController@Cct@physx@@UEAAPEAVPxController@3@XZ 000000018000f980 f i CctCapsuleController.obj
 0001:0000e9a0       ?getRadius@CapsuleController@Cct@physx@@UEBAMXZ 000000018000f9a0 f i CctCapsuleController.obj
 0001:0000e9c0       ?getScene@CapsuleController@Cct@physx@@UEAAPEAVPxScene@3@XZ 000000018000f9c0 f i CctCapsuleController.obj
 0001:0000e9e0       ?getSlopeLimit@CapsuleController@Cct@physx@@UEBAMXZ 000000018000f9e0 f i CctCapsuleController.obj
 0001:0000ea00       ?getState@CapsuleController@Cct@physx@@UEBAXAEAUPxControllerState@3@@Z 000000018000fa00 f i CctCapsuleController.obj
 0001:0000ea40       ?getStats@CapsuleController@Cct@physx@@UEBAXAEAUPxControllerStats@3@@Z 000000018000fa40 f i CctCapsuleController.obj
 0001:0000ea80       ?getStepOffset@CapsuleController@Cct@physx@@UEBAMXZ 000000018000fa80 f i CctCapsuleController.obj
 0001:0000eaa0       ?getType@CapsuleController@Cct@physx@@UEBA?AW4Enum@PxControllerShapeType@3@XZ 000000018000faa0 f i CctCapsuleController.obj
 0001:0000eac0       ?getUpDirection@CapsuleController@Cct@physx@@UEBA?AVPxVec3@3@XZ 000000018000fac0 f i CctCapsuleController.obj
 0001:0000eb00       ?getUserData@CapsuleController@Cct@physx@@UEBAPEAXXZ 000000018000fb00 f i CctCapsuleController.obj
 0001:0000eb20       ?release@CapsuleController@Cct@physx@@UEAAXXZ 000000018000fb20 f i CctCapsuleController.obj
 0001:0000eb50       ?setContactOffset@CapsuleController@Cct@physx@@UEAAXM@Z 000000018000fb50 f i CctCapsuleController.obj
 0001:0000eb90       ?setNonWalkableMode@CapsuleController@Cct@physx@@UEAAXW4Enum@PxControllerNonWalkableMode@3@@Z 000000018000fb90 f i CctCapsuleController.obj
 0001:0000ebb0       ?setPosition@CapsuleController@Cct@physx@@UEAA_NAEBUPxExtendedVec3@3@@Z 000000018000fbb0 f i CctCapsuleController.obj
 0001:0000ebf0       ?setSlopeLimit@CapsuleController@Cct@physx@@UEAAXM@Z 000000018000fbf0 f i CctCapsuleController.obj
 0001:0000ec30       ?setStepOffset@CapsuleController@Cct@physx@@UEAAXM@Z 000000018000fc30 f i CctCapsuleController.obj
 0001:0000ec70       ?setUpDirection@CapsuleController@Cct@physx@@UEAAXAEBVPxVec3@3@@Z 000000018000fc70 f i CctCapsuleController.obj
 0001:0000ecb0       ?setUserData@CapsuleController@Cct@physx@@UEAAXPEAX@Z 000000018000fcb0 f i CctCapsuleController.obj
 0001:0000ecd0       ??0CCTParams@Cct@physx@@QEAA@XZ 000000018000fcd0 f   CctCharacterController.obj
 0001:0000eda0       ??0SweepTest@Cct@physx@@QEAA@_N@Z 000000018000fda0 f   CctCharacterController.obj
 0001:0000f1d0       ??1SweepTest@Cct@physx@@QEAA@XZ 00000001800101d0 f   CctCharacterController.obj
 0001:0000f250       ?moveCharacter@SweepTest@Cct@physx@@QEAA?AV?$PxFlags@W4Enum@PxControllerCollisionFlag@physx@@E@3@PEBUInternalCBData_FindTouchedGeom@23@PEAUInternalCBData_OnHit@23@AEAVSweptVolume@23@AEBVPxVec3@3@AEBUUserObstacles@23@MAEBVPxControllerFilters@3@_N6AEAPEBVPxRigidActor@3@AEAPEBVPxShape@3@_K@Z 0000000180010250 f   CctCharacterController.obj
 0001:00010190       ?doSweepTest@SweepTest@Cct@physx@@QEAA_NPEBUInternalCBData_FindTouchedGeom@23@PEAUInternalCBData_OnHit@23@AEBUUserObstacles@23@AEAVSweptVolume@23@AEBVPxVec3@3@4IPEAIMAEBVPxControllerFilters@3@W4SweepPass@23@AEAPEBVPxRigidActor@3@AEAPEBVPxShape@3@_K@Z 0000000180011190 f   CctCharacterController.obj
 0001:00010fa0       ?findTouchedObstacles@SweepTest@Cct@physx@@QEAAXAEBUUserObstacles@23@AEBUPxExtendedBounds3@3@@Z 0000000180011fa0 f   CctCharacterController.obj
 0001:00011600       ?voidTestCache@SweepTest@Cct@physx@@QEAAXXZ 0000000180012600 f   CctCharacterController.obj
 0001:00011660       ?onRelease@SweepTest@Cct@physx@@QEAAXAEBVPxBase@3@@Z 0000000180012660 f   CctCharacterController.obj
 0001:00011730       ?updateCachedShapesRegistration@SweepTest@Cct@physx@@QEAAXI_N@Z 0000000180012730 f   CctCharacterController.obj
 0001:000118d0       ?onObstacleRemoved@SweepTest@Cct@physx@@QEAAXI@Z 00000001800128d0 f   CctCharacterController.obj
 0001:00011900       ?onObstacleUpdated@SweepTest@Cct@physx@@QEAAXIPEBVPxObstacleContext@3@AEBVPxVec3@3@1M@Z 0000000180012900 f   CctCharacterController.obj
 0001:00011af0       ?onObstacleAdded@SweepTest@Cct@physx@@QEAAXIPEBVPxObstacleContext@3@AEBVPxVec3@3@1M@Z 0000000180012af0 f   CctCharacterController.obj
 0001:00011d10       ?onOriginShift@SweepTest@Cct@physx@@QEAAXAEBVPxVec3@3@@Z 0000000180012d10 f   CctCharacterController.obj
 0001:00011e90       ?updateTouchedGeoms@SweepTest@Cct@physx@@AEAAXPEBUInternalCBData_FindTouchedGeom@23@AEBUUserObstacles@23@AEBUPxExtendedBounds3@3@AEBVPxControllerFilters@3@AEBVPxVec3@3@@Z 0000000180012e90 f   CctCharacterController.obj
 0001:00012830       ?findTouchedObject@Controller@Cct@physx@@IEAAXAEBVPxControllerFilters@3@PEBVPxObstacleContext@3@AEBVPxVec3@3@@Z 0000000180013830 f   CctCharacterController.obj
 0001:000130b0       ?rideOnTouchedObject@Controller@Cct@physx@@IEAA_NAEAVSweptVolume@23@AEBVPxVec3@3@AEAV53@PEBVPxObstacleContext@3@@Z 00000001800140b0 f   CctCharacterController.obj
 0001:00013730       ?move@Controller@Cct@physx@@IEAA?AV?$PxFlags@W4Enum@PxControllerCollisionFlag@physx@@E@3@AEAVSweptVolume@23@AEBVPxVec3@3@MMAEBVPxControllerFilters@3@PEBVPxObstacleContext@3@_N@Z 0000000180014730 f   CctCharacterController.obj
 0001:00014e70       ?filterTouchedShape@Controller@Cct@physx@@IEAA_NAEBVPxControllerFilters@3@@Z 0000000180015e70 f   CctCharacterController.obj
 0001:00018530       ?move@BoxController@Cct@physx@@UEAA?AV?$PxFlags@W4Enum@PxControllerCollisionFlag@physx@@E@3@AEBVPxVec3@3@MMAEBVPxControllerFilters@3@PEBVPxObstacleContext@3@@Z 0000000180019530 f   CctCharacterController.obj
 0001:000186b0       ?move@CapsuleController@Cct@physx@@UEAA?AV?$PxFlags@W4Enum@PxControllerCollisionFlag@physx@@E@3@AEBVPxVec3@3@MMAEBVPxControllerFilters@3@PEBVPxObstacleContext@3@@Z 00000001800196b0 f   CctCharacterController.obj
 0001:0001af40       ??$PX_UNUSED@I@@YAXAEBI@Z  000000018001bf40 f i CctCharacterController.obj
 0001:0001af50       ??$PX_UNUSED@PEBUPxRaycastHit@physx@@@@YAXAEBQEBUPxRaycastHit@physx@@@Z 000000018001bf50 f i CctCharacterController.obj
 0001:0001af60       ??$PX_UNUSED@W4PxIDENTITY@physx@@@@YAXAEBW4PxIDENTITY@physx@@@Z 000000018001bf60 f i CctCharacterController.obj
 0001:0001af70       ??$PX_UNUSED@_K@@YAXAEB_K@Z 000000018001bf70 f i CctCharacterController.obj
 0001:0001af80       ??$PxMax@I@physx@@YAIII@Z  000000018001bf80 f i CctCharacterController.obj
 0001:0001afc0       ??$PxMax@N@physx@@YANNN@Z  000000018001bfc0 f i CctCharacterController.obj
 0001:0001b010       ??$PxMin@N@physx@@YANNN@Z  000000018001c010 f i CctCharacterController.obj
 0001:0001b060       ??$PxUnionCast@PEBVPxGeometry@physx@@PEAY03$$CBE@physx@@YAPEBVPxGeometry@0@PEAY03$$CBE@Z 000000018001c060 f i CctCharacterController.obj
 0001:0001b090       ??0?$Array@IVNamedAllocator@shdfnd@physx@@@shdfnd@physx@@QEAA@AEBVNamedAllocator@12@@Z 000000018001c090 f i CctCharacterController.obj
 0001:0001b0f0       ??0?$Array@VPxTriangle@physx@@VNamedAllocator@shdfnd@2@@shdfnd@physx@@QEAA@AEBVNamedAllocator@12@@Z 000000018001c0f0 f i CctCharacterController.obj
 0001:0001b150       ??0?$PxFlags@W4Enum@PxControllerCollisionFlag@physx@@E@physx@@QEAA@AEBV01@@Z 000000018001c150 f i CctCharacterController.obj
 0001:0001b180       ??0?$PxFlags@W4Enum@PxControllerCollisionFlag@physx@@E@physx@@QEAA@E@Z 000000018001c180 f i CctCharacterController.obj
 0001:0001b1b0       ??0?$PxFlags@W4Enum@PxHitFlag@physx@@G@physx@@QEAA@AEBV01@@Z 000000018001c1b0 f i CctCharacterController.obj
 0001:0001b1e0       ??0?$PxFlags@W4Enum@PxHitFlag@physx@@G@physx@@QEAA@G@Z 000000018001c1e0 f i CctCharacterController.obj
 0001:0001b210       ??0?$PxFlags@W4Enum@PxHitFlag@physx@@G@physx@@QEAA@W4Enum@PxHitFlag@1@@Z 000000018001c210 f i CctCharacterController.obj
 0001:0001b240       ??0?$PxFlags@W4Enum@PxQueryFlag@physx@@G@physx@@QEAA@AEBV01@@Z 000000018001c240 f i CctCharacterController.obj
 0001:0001b270       ??0?$PxFlags@W4Enum@PxQueryFlag@physx@@G@physx@@QEAA@W4Enum@PxQueryFlag@1@@Z 000000018001c270 f i CctCharacterController.obj
 0001:0001b2a0       ??0?$PxFlags@W4Enum@PxQueryFlag@physx@@G@physx@@QEAA@XZ 000000018001c2a0 f i CctCharacterController.obj
 0001:0001b2c0       ??0?$PxFlags@W4Enum@PxRigidBodyFlag@physx@@E@physx@@QEAA@AEBV01@@Z 000000018001c2c0 f i CctCharacterController.obj
 0001:0001b2f0       ??0?$PxFlags@W4Enum@PxShapeFlag@physx@@E@physx@@QEAA@AEBV01@@Z 000000018001c2f0 f i CctCharacterController.obj
 0001:0001b320       ??0?$PxHitBuffer@UPxRaycastHit@physx@@@physx@@QEAA@PEAUPxRaycastHit@1@I@Z 000000018001c320 f i CctCharacterController.obj
 0001:0001b370       ??0?$PxHitCallback@UPxRaycastHit@physx@@@physx@@QEAA@PEAUPxRaycastHit@1@I@Z 000000018001c370 f i CctCharacterController.obj
 0001:0001b400       ??0?$TouchedObject@VPxRigidActor@physx@@@Cct@physx@@QEAA@_N@Z 000000018001c400 f i CctCharacterController.obj
 0001:0001b450       ??0?$TouchedObject@VPxShape@physx@@@Cct@physx@@QEAA@_N@Z 000000018001c450 f i CctCharacterController.obj
 0001:0001b4d0       ??0CCTFilter@Cct@physx@@QEAA@XZ 000000018001c4d0 f i CctCharacterController.obj
 0001:0001b540       ??0ControllerFilter@@QEAA@XZ 000000018001c540 f i CctCharacterController.obj
 0001:0001b590       ??0DebugBox@Cm@physx@@QEAA@AEBVPxBounds3@2@_N@Z 000000018001c590 f i CctCharacterController.obj
 0001:0001b600       ??0DebugBox@Cm@physx@@QEAA@AEBVPxVec3@2@_N@Z 000000018001c600 f i CctCharacterController.obj
 0001:0001b670       ??0PxActorShape@physx@@QEAA@XZ 000000018001c670 f i CctCharacterController.obj
 0001:0001b6a0       ??0PxBounds3@physx@@QEAA@AEBVPxVec3@1@0@Z 000000018001c6a0 f i CctCharacterController.obj
 0001:0001b700       ??0PxBoxGeometry@physx@@QEAA@VPxVec3@1@@Z 000000018001c700 f i CctCharacterController.obj
 0001:0001b750       ??0PxCapsuleGeometry@physx@@QEAA@MM@Z 000000018001c750 f i CctCharacterController.obj
 0001:0001b7c0       ??0PxExtendedBox@physx@@QEAA@AEBV01@@Z 000000018001c7c0 f i CctCharacterController.obj
 0001:0001b840       ??0PxExtendedBox@physx@@QEAA@XZ 000000018001c840 f i CctCharacterController.obj
 0001:0001b8a0       ??0PxExtendedCapsule@physx@@QEAA@XZ 000000018001c8a0 f i CctCharacterController.obj
 0001:0001b8d0       ??0PxExtendedSegment@physx@@QEAA@XZ 000000018001c8d0 f i CctCharacterController.obj
 0001:0001b910       ??0PxFilterData@physx@@QEAA@XZ 000000018001c910 f i CctCharacterController.obj
 0001:0001b960       ??0PxLocationHit@physx@@QEAA@XZ 000000018001c960 f i CctCharacterController.obj
 0001:0001b9f0       ??0PxMat33@physx@@QEAA@AEBVPxQuat@1@@Z 000000018001c9f0 f i CctCharacterController.obj
 0001:0001bd30       ??0PxMat33@physx@@QEAA@W4PxIDENTITY@1@@Z 000000018001cd30 f i CctCharacterController.obj
 0001:0001bdd0       ??0PxMat44@physx@@QEAA@AEBVPxMat33@1@AEBVPxVec3@1@@Z 000000018001cdd0 f i CctCharacterController.obj
 0001:0001be80       ??0PxMat44@physx@@QEAA@AEBVPxTransform@1@@Z 000000018001ce80 f i CctCharacterController.obj
 0001:0001bf70       ??0PxProfileScoped@physx@@QEAA@PEBD_N_K@Z 000000018001cf70 f i CctCharacterController.obj
 0001:0001c040       ??0PxQuat@physx@@QEAA@AEBV01@@Z 000000018001d040 f i CctCharacterController.obj
 0001:0001c0c0       ??0PxQuat@physx@@QEAA@MMMM@Z 000000018001d0c0 f i CctCharacterController.obj
 0001:0001c140       ??0PxQuat@physx@@QEAA@W4PxIDENTITY@1@@Z 000000018001d140 f i CctCharacterController.obj
 0001:0001c1b0       ??0PxQuat@physx@@QEAA@XZ   000000018001d1b0 f i CctCharacterController.obj
 0001:0001c1c0       ??0PxQueryFilterCallback@physx@@QEAA@XZ 000000018001d1c0 f i CctCharacterController.obj
 0001:0001c1e0       ??0PxQueryFilterData@physx@@QEAA@AEBUPxFilterData@1@V?$PxFlags@W4Enum@PxQueryFlag@physx@@G@1@@Z 000000018001d1e0 f i CctCharacterController.obj
 0001:0001c250       ??0PxQueryHit@physx@@QEAA@XZ 000000018001d250 f i CctCharacterController.obj
 0001:0001c290       ??0PxRaycastHit@physx@@QEAA@XZ 000000018001d290 f i CctCharacterController.obj
 0001:0001c2e0       ??0PxSphereGeometry@physx@@QEAA@XZ 000000018001d2e0 f i CctCharacterController.obj
 0001:0001c320       ??0PxSweepHit@physx@@QEAA@XZ 000000018001d320 f i CctCharacterController.obj
 0001:0001c350       ??0PxTransform@physx@@QEAA@AEBVPxVec3@1@AEBVPxQuat@1@@Z 000000018001d350 f i CctCharacterController.obj
 0001:0001c420       ??0PxTransform@physx@@QEAA@XZ 000000018001d420 f i CctCharacterController.obj
 0001:0001c460       ??0PxVec3@physx@@QEAA@M@Z  000000018001d460 f i CctCharacterController.obj
 0001:0001c4b0       ??0PxVec3@physx@@QEAA@XZ   000000018001d4b0 f i CctCharacterController.obj
 0001:0001c4c0       ??0PxVec4@physx@@QEAA@AEBVPxVec3@1@M@Z 000000018001d4c0 f i CctCharacterController.obj
 0001:0001c540       ??0PxVec4@physx@@QEAA@XZ   000000018001d540 f i CctCharacterController.obj
 0001:0001c550       ??0SIMDGuard@shdfnd@physx@@QEAA@XZ 000000018001d550 f i CctCharacterController.obj
 0001:0001c590       ??0SweptContact@Cct@physx@@QEAA@XZ 000000018001d590 f i CctCharacterController.obj
 0001:0001c5d0       ??0TriArray@Cct@physx@@QEAA@XZ 000000018001d5d0 f i CctCharacterController.obj
 0001:0001c620       ??1?$Array@IVNamedAllocator@shdfnd@physx@@@shdfnd@physx@@QEAA@XZ 000000018001d620 f i CctCharacterController.obj
 0001:0001c6b0       ??1?$Array@VPxTriangle@physx@@VNamedAllocator@shdfnd@2@@shdfnd@physx@@QEAA@XZ 000000018001d6b0 f i CctCharacterController.obj
 0001:0001c740       ??1?$PxHitBuffer@UPxRaycastHit@physx@@@physx@@UEAA@XZ 000000018001d740 f i CctCharacterController.obj
 0001:0001c770       ??1?$PxHitCallback@UPxRaycastHit@physx@@@physx@@UEAA@XZ 000000018001d770 f i CctCharacterController.obj
 0001:0001c790       ??1ControllerFilter@@UEAA@XZ 000000018001d790 f i CctCharacterController.obj
 0001:0001c7b0       ??1PxExtendedBox@physx@@QEAA@XZ 000000018001d7b0 f i CctCharacterController.obj
 0001:0001c7c0       ??1PxProfileScoped@physx@@QEAA@XZ 000000018001d7c0 f i CctCharacterController.obj
 0001:0001c830       ??1PxQueryFilterCallback@physx@@UEAA@XZ 000000018001d830 f i CctCharacterController.obj
 0001:0001c850       ??1PxTriangle@physx@@QEAA@XZ 000000018001d850 f i CctCharacterController.obj
 0001:0001c860       ??1SIMDGuard@shdfnd@physx@@QEAA@XZ 000000018001d860 f i CctCharacterController.obj
 0001:0001c890       ??1TriArray@Cct@physx@@QEAA@XZ 000000018001d890 f i CctCharacterController.obj
 0001:0001c8b0       ??2@YAPEAX_KPEAX@Z         000000018001d8b0 f i CctCharacterController.obj
 0001:0001c8d0       ??4?$PxFlags@W4Enum@PxControllerCollisionFlag@physx@@E@physx@@QEAAAEAV01@AEBV01@@Z 000000018001d8d0 f i CctCharacterController.obj
 0001:0001c900       ??4?$PxFlags@W4Enum@PxHitFlag@physx@@G@physx@@QEAAAEAV01@AEBV01@@Z 000000018001d900 f i CctCharacterController.obj
 0001:0001c930       ??4?$PxFlags@W4Enum@PxQueryFlag@physx@@G@physx@@QEAAAEAV01@AEBV01@@Z 000000018001d930 f i CctCharacterController.obj
 0001:0001c960       ??4?$TouchedObject@VPxRigidActor@physx@@@Cct@physx@@QEAAAEAU012@PEBVPxRigidActor@2@@Z 000000018001d960 f i CctCharacterController.obj
 0001:0001ca00       ??4?$TouchedObject@VPxShape@physx@@@Cct@physx@@QEAAAEAU012@PEBVPxShape@2@@Z 000000018001da00 f i CctCharacterController.obj
 0001:0001caa0       ??4CCTParams@Cct@physx@@QEAAAEAU012@AEBU012@@Z 000000018001daa0 f i CctCharacterController.obj
 0001:0001cc10       ??4FPUGuard@shdfnd@physx@@QEAAAEAV012@AEBV012@@Z 000000018001dc10 f i CctCharacterController.obj
 0001:0001cc40       ??4PxExtendedBox@physx@@QEAAAEAV01@AEBV01@@Z 000000018001dc40 f i CctCharacterController.obj
 0001:0001ccc0       ??4PxLocationHit@physx@@QEAAAEAU01@AEBU01@@Z 000000018001dcc0 f i CctCharacterController.obj
 0001:0001cd80       ??4PxMat44@physx@@QEAAAEAV01@AEBV01@@Z 000000018001dd80 f i CctCharacterController.obj
 0001:0001ce20       ??4PxRaycastHit@physx@@QEAAAEAU01@AEBU01@@Z 000000018001de20 f i CctCharacterController.obj
 0001:0001ce90       ??4PxTransform@physx@@QEAAAEAV01@$$QEAV01@@Z 000000018001de90 f i CctCharacterController.obj
 0001:0001cef0       ??4PxVec4@physx@@QEAAAEAV01@AEBV01@@Z 000000018001def0 f i CctCharacterController.obj
 0001:0001cf70       ??4SweptContact@Cct@physx@@QEAAAEAU012@AEBU012@@Z 000000018001df70 f i CctCharacterController.obj
 0001:0001d020       ??8?$TouchedObject@VPxRigidActor@physx@@@Cct@physx@@QEAA_NPEBVPxBase@2@@Z 000000018001e020 f i CctCharacterController.obj
 0001:0001d070       ??8?$TouchedObject@VPxShape@physx@@@Cct@physx@@QEAA_NPEBVPxBase@2@@Z 000000018001e070 f i CctCharacterController.obj
 0001:0001d0c0       ??8?$TouchedObject@VPxShape@physx@@@Cct@physx@@QEAA_NPEBVPxShape@2@@Z 000000018001e0c0 f i CctCharacterController.obj
 0001:0001d110       ??A?$Array@IVNamedAllocator@shdfnd@physx@@@shdfnd@physx@@QEAAAEAII@Z 000000018001e110 f i CctCharacterController.obj
 0001:0001d1b0       ??A?$Array@IVNamedAllocator@shdfnd@physx@@@shdfnd@physx@@QEBAAEBII@Z 000000018001e1b0 f i CctCharacterController.obj
 0001:0001d250       ??A?$Array@UInternalBoxObstacle@ObstacleContext@Cct@physx@@VNamedAllocator@shdfnd@4@@shdfnd@physx@@QEBAAEBUInternalBoxObstacle@ObstacleContext@Cct@2@I@Z 000000018001e250 f i CctCharacterController.obj
 0001:0001d2f0       ??A?$Array@UInternalCapsuleObstacle@ObstacleContext@Cct@physx@@VNamedAllocator@shdfnd@4@@shdfnd@physx@@QEBAAEBUInternalCapsuleObstacle@ObstacleContext@Cct@2@I@Z 000000018001e2f0 f i CctCharacterController.obj
 0001:0001d390       ??A?$Array@VPxTriangle@physx@@VNamedAllocator@shdfnd@2@@shdfnd@physx@@QEBAAEBVPxTriangle@2@I@Z 000000018001e390 f i CctCharacterController.obj
 0001:0001d430       ??B?$PxFlags@W4Enum@PxControllerBehaviorFlag@physx@@E@physx@@QEBAIXZ 000000018001e430 f i CctCharacterController.obj
 0001:0001d450       ??B?$PxFlags@W4Enum@PxControllerDebugRenderFlag@physx@@I@physx@@QEBAIXZ 000000018001e450 f i CctCharacterController.obj
 0001:0001d460       ??B?$PxFlags@W4Enum@PxQueryFlag@physx@@G@physx@@QEBA_NXZ 000000018001e460 f i CctCharacterController.obj
 0001:0001d4a0       ??B?$PxFlags@W4Enum@PxRigidBodyFlag@physx@@E@physx@@QEBA_NXZ 000000018001e4a0 f i CctCharacterController.obj
 0001:0001d4e0       ??B?$PxFlags@W4Enum@PxShapeFlag@physx@@E@physx@@QEBA_NXZ 000000018001e4e0 f i CctCharacterController.obj
 0001:0001d520       ??B?$TouchedObject@VPxRigidActor@physx@@@Cct@physx@@QEBA_NXZ 000000018001e520 f i CctCharacterController.obj
 0001:0001d560       ??B?$TouchedObject@VPxShape@physx@@@Cct@physx@@QEBA_NXZ 000000018001e560 f i CctCharacterController.obj
 0001:0001d5a0       ??C?$TouchedObject@VPxRigidActor@physx@@@Cct@physx@@QEBAPEBVPxRigidActor@2@XZ 000000018001e5a0 f i CctCharacterController.obj
 0001:0001d5c0       ??C?$TouchedObject@VPxShape@physx@@@Cct@physx@@QEBAPEBVPxShape@2@XZ 000000018001e5c0 f i CctCharacterController.obj
 0001:0001d5e0       ??DPxQuat@physx@@QEBA?AV01@AEBV01@@Z 000000018001e5e0 f i CctCharacterController.obj
 0001:0001d7f0       ??DPxTransform@physx@@QEBA?AV01@AEBV01@@Z 000000018001e7f0 f i CctCharacterController.obj
 0001:0001d8a0       ??GPxVec3@physx@@QEBA?AV01@AEBV01@@Z 000000018001e8a0 f i CctCharacterController.obj
 0001:0001d940       ??GPxVec3@physx@@QEBA?AV01@XZ 000000018001e940 f i CctCharacterController.obj
 0001:0001d9d0       ??HPxVec3@physx@@QEBA?AV01@AEBV01@@Z 000000018001e9d0 f i CctCharacterController.obj
 0001:0001da70       ??I?$PxFlags@W4Enum@PxQueryFlag@physx@@G@physx@@QEBA?AV01@W4Enum@PxQueryFlag@1@@Z 000000018001ea70 f i CctCharacterController.obj
 0001:0001dae0       ??I?$PxFlags@W4Enum@PxRigidBodyFlag@physx@@E@physx@@QEBA?AV01@W4Enum@PxRigidBodyFlag@1@@Z 000000018001eae0 f i CctCharacterController.obj
 0001:0001db40       ??I?$PxFlags@W4Enum@PxShapeFlag@physx@@E@physx@@QEBA?AV01@W4Enum@PxShapeFlag@1@@Z 000000018001eb40 f i CctCharacterController.obj
 0001:0001dba0       ??R?$Hash@PEAVPxShape@physx@@@shdfnd@physx@@QEBAIAEBQEAVPxShape@2@@Z 000000018001eba0 f i CctCharacterController.obj
 0001:0001dbd0       ??RGetKey@?$HashSetBase@PEAVPxShape@physx@@U?$Hash@PEAVPxShape@physx@@@shdfnd@2@VNonTrackingAllocator@42@$0A@@internal@shdfnd@physx@@QEAAAEBQEAVPxShape@4@AEBQEAV54@@Z 000000018001ebd0 f i CctCharacterController.obj
 0001:0001dbf0       ??U?$PxFlags@W4Enum@PxQueryFlag@physx@@G@physx@@QEBA?AV01@W4Enum@PxQueryFlag@1@@Z 000000018001ebf0 f i CctCharacterController.obj
 0001:0001dc50       ??Uphysx@@YA?AV?$PxFlags@W4Enum@PxQueryFlag@physx@@G@0@W4Enum@PxQueryFlag@0@0@Z 000000018001ec50 f i CctCharacterController.obj
 0001:0001dcb0       ??YPxVec3@physx@@QEAAAEAV01@AEBV01@@Z 000000018001ecb0 f i CctCharacterController.obj
 0001:0001dd30       ??ZPxVec3@physx@@QEAAAEAV01@AEBV01@@Z 000000018001ed30 f i CctCharacterController.obj
 0001:0001ddb0       ??_0PxVec3@physx@@QEAAAEAV01@M@Z 000000018001edb0 f i CctCharacterController.obj
 0001:0001de40       ??_5?$PxFlags@W4Enum@PxControllerCollisionFlag@physx@@E@physx@@QEAAAEAV01@W4Enum@PxControllerCollisionFlag@1@@Z 000000018001ee40 f i CctCharacterController.obj
 0001:0001de70       ??_5?$PxFlags@W4Enum@PxHitFlag@physx@@G@physx@@QEAAAEAV01@W4Enum@PxHitFlag@1@@Z 000000018001ee70 f i CctCharacterController.obj
 0001:0001deb0       ??_5?$PxFlags@W4Enum@PxQueryFlag@physx@@G@physx@@QEAAAEAV01@W4Enum@PxQueryFlag@1@@Z 000000018001eeb0 f i CctCharacterController.obj
 0001:0001def0       ??_G?$PxHitBuffer@UPxRaycastHit@physx@@@physx@@UEAAPEAXI@Z 000000018001eef0 f i CctCharacterController.obj
 0001:0001def0       ??_E?$PxHitBuffer@UPxRaycastHit@physx@@@physx@@UEAAPEAXI@Z 000000018001eef0 f i CctCharacterController.obj
 0001:0001df40       ??_E?$PxHitCallback@UPxRaycastHit@physx@@@physx@@UEAAPEAXI@Z 000000018001ef40 f i CctCharacterController.obj
 0001:0001df40       ??_G?$PxHitCallback@UPxRaycastHit@physx@@@physx@@UEAAPEAXI@Z 000000018001ef40 f i CctCharacterController.obj
 0001:0001df90       ??_EControllerFilter@@UEAAPEAXI@Z 000000018001ef90 f i CctCharacterController.obj
 0001:0001df90       ??_GControllerFilter@@UEAAPEAXI@Z 000000018001ef90 f i CctCharacterController.obj
 0001:0001dfe0       ??_GPxExtendedBox@physx@@QEAAPEAXI@Z 000000018001efe0 f i CctCharacterController.obj
 0001:0001e030       ??_EPxQueryFilterCallback@physx@@UEAAPEAXI@Z 000000018001f030 f i CctCharacterController.obj
 0001:0001e030       ??_GPxQueryFilterCallback@physx@@UEAAPEAXI@Z 000000018001f030 f i CctCharacterController.obj
 0001:0001e080       ??_GPxTriangle@physx@@QEAAPEAXI@Z 000000018001f080 f i CctCharacterController.obj
 0001:0001e0d0       ?PxAbs@physx@@YAMM@Z       000000018001f0d0 f i CctCharacterController.obj
 0001:0001e0f0       ?PxIsFinite@physx@@YA_NM@Z 000000018001f0f0 f i CctCharacterController.obj
 0001:0001e110       ?PxRecipSqrt@physx@@YAMM@Z 000000018001f110 f i CctCharacterController.obj
 0001:0001e130       ?PxSqrt@physx@@YAMM@Z      000000018001f130 f i CctCharacterController.obj
 0001:0001e150       ?abs@intrinsics@physx@@YAMM@Z 000000018001f150 f i CctCharacterController.obj
 0001:0001e170       ?add@physx@@YAXAEAUPxExtendedBounds3@1@AEBU21@@Z 000000018001f170 f i CctCharacterController.obj
 0001:0001e1c0       ?allocate@?$Array@IVNamedAllocator@shdfnd@physx@@@shdfnd@physx@@IEAAPEAII@Z 000000018001f1c0 f i CctCharacterController.obj
 0001:0001e270       ?allocate@?$Array@PEBXVNamedAllocator@shdfnd@physx@@@shdfnd@physx@@IEAAPEAPEBXI@Z 000000018001f270 f i CctCharacterController.obj
 0001:0001e320       ?allocate@?$Array@UPxExtendedCapsule@physx@@VNamedAllocator@shdfnd@2@@shdfnd@physx@@IEAAPEAUPxExtendedCapsule@3@I@Z 000000018001f320 f i CctCharacterController.obj
 0001:0001e3d0       ?allocate@?$Array@VPxExtendedBox@physx@@VNamedAllocator@shdfnd@2@@shdfnd@physx@@IEAAPEAVPxExtendedBox@3@I@Z 000000018001f3d0 f i CctCharacterController.obj
 0001:0001e480       ?any@PxGeometryHolder@physx@@QEBAAEBVPxGeometry@2@XZ 000000018001f480 f i CctCharacterController.obj
 0001:0001e4b0       ?begin@?$Array@IVNamedAllocator@shdfnd@physx@@@shdfnd@physx@@QEAAPEAIXZ 000000018001f4b0 f i CctCharacterController.obj
 0001:0001e4d0       ?begin@?$Array@IVNamedAllocator@shdfnd@physx@@@shdfnd@physx@@QEBAPEBIXZ 000000018001f4d0 f i CctCharacterController.obj
 0001:0001e4f0       ?begin@?$Array@PEBXVNamedAllocator@shdfnd@physx@@@shdfnd@physx@@QEAAPEAPEBXXZ 000000018001f4f0 f i CctCharacterController.obj
 0001:0001e510       ?begin@?$Array@UPxExtendedCapsule@physx@@VNamedAllocator@shdfnd@2@@shdfnd@physx@@QEAAPEAUPxExtendedCapsule@3@XZ 000000018001f510 f i CctCharacterController.obj
 0001:0001e530       ?begin@?$Array@VPxExtendedBox@physx@@VNamedAllocator@shdfnd@2@@shdfnd@physx@@QEAAPEAVPxExtendedBox@3@XZ 000000018001f530 f i CctCharacterController.obj
 0001:0001e550       ?capacity@?$Array@IVNamedAllocator@shdfnd@physx@@@shdfnd@physx@@QEBAIXZ 000000018001f550 f i CctCharacterController.obj
 0001:0001e570       ?capacity@?$Array@PEBXVNamedAllocator@shdfnd@physx@@@shdfnd@physx@@QEBAIXZ 000000018001f570 f i CctCharacterController.obj
 0001:0001e590       ?capacity@?$Array@UPxExtendedCapsule@physx@@VNamedAllocator@shdfnd@2@@shdfnd@physx@@QEBAIXZ 000000018001f590 f i CctCharacterController.obj
 0001:0001e5b0       ?capacity@?$Array@VPxExtendedBox@physx@@VNamedAllocator@shdfnd@2@@shdfnd@physx@@QEBAIXZ 000000018001f5b0 f i CctCharacterController.obj
 0001:0001e5d0       ?capacity@?$Array@VPxTriangle@physx@@VNamedAllocator@shdfnd@2@@shdfnd@physx@@QEBAIXZ 000000018001f5d0 f i CctCharacterController.obj
 0001:0001e5f0       ?capacityIncrement@?$Array@PEBXVNamedAllocator@shdfnd@physx@@@shdfnd@physx@@IEBAIXZ 000000018001f5f0 f i CctCharacterController.obj
 0001:0001e640       ?capacityIncrement@?$Array@UPxExtendedCapsule@physx@@VNamedAllocator@shdfnd@2@@shdfnd@physx@@IEBAIXZ 000000018001f640 f i CctCharacterController.obj
 0001:0001e690       ?capacityIncrement@?$Array@VPxExtendedBox@physx@@VNamedAllocator@shdfnd@2@@shdfnd@physx@@IEBAIXZ 000000018001f690 f i CctCharacterController.obj
 0001:0001e6e0       ?clear@?$Array@IVNamedAllocator@shdfnd@physx@@@shdfnd@physx@@QEAAXXZ 000000018001f6e0 f i CctCharacterController.obj
 0001:0001e730       ?clear@?$Array@VPxTriangle@physx@@VNamedAllocator@shdfnd@2@@shdfnd@physx@@QEAAXXZ 000000018001f730 f i CctCharacterController.obj
 0001:0001e780       ?clear@TriArray@Cct@physx@@QEAAXXZ 000000018001f780 f i CctCharacterController.obj
 0001:0001e7a0       ?computeTimeCoeff@Controller@Cct@physx@@IEAAMXZ 000000018001f7a0 f i CctCharacterController.obj
 0001:0001e810       ?contains@?$HashSetBase@PEAVPxShape@physx@@U?$Hash@PEAVPxShape@physx@@@shdfnd@2@VNonTrackingAllocator@42@$0A@@internal@shdfnd@physx@@QEBA_NAEBQEAVPxShape@4@@Z 000000018001f810 f i CctCharacterController.obj
 0001:0001e870       ?copy@?$Array@IVNamedAllocator@shdfnd@physx@@@shdfnd@physx@@KAXPEAI0PEBI@Z 000000018001f870 f i CctCharacterController.obj
 0001:0001e910       ?copy@?$Array@PEBXVNamedAllocator@shdfnd@physx@@@shdfnd@physx@@KAXPEAPEBX0PEBQEBX@Z 000000018001f910 f i CctCharacterController.obj
 0001:0001e9b0       ?copy@?$Array@UPxExtendedCapsule@physx@@VNamedAllocator@shdfnd@2@@shdfnd@physx@@KAXPEAUPxExtendedCapsule@3@0PEBU43@@Z 000000018001f9b0 f i CctCharacterController.obj
 0001:0001ea50       ?copy@?$Array@VPxExtendedBox@physx@@VNamedAllocator@shdfnd@2@@shdfnd@physx@@KAXPEAVPxExtendedBox@3@0PEBV43@@Z 000000018001fa50 f i CctCharacterController.obj
 0001:0001eaf0       ?cross@PxVec3@physx@@QEBA?AV12@AEBV12@@Z 000000018001faf0 f i CctCharacterController.obj
 0001:0001ebe0       ?deallocate@?$Array@IVNamedAllocator@shdfnd@physx@@@shdfnd@physx@@IEAAXPEAX@Z 000000018001fbe0 f i CctCharacterController.obj
 0001:0001ec10       ?deallocate@?$Array@PEBXVNamedAllocator@shdfnd@physx@@@shdfnd@physx@@IEAAXPEAX@Z 000000018001fc10 f i CctCharacterController.obj
 0001:0001ec40       ?deallocate@?$Array@UPxExtendedCapsule@physx@@VNamedAllocator@shdfnd@2@@shdfnd@physx@@IEAAXPEAX@Z 000000018001fc40 f i CctCharacterController.obj
 0001:0001ec70       ?deallocate@?$Array@VPxExtendedBox@physx@@VNamedAllocator@shdfnd@2@@shdfnd@physx@@IEAAXPEAX@Z 000000018001fc70 f i CctCharacterController.obj
 0001:0001eca0       ?deallocate@?$Array@VPxTriangle@physx@@VNamedAllocator@shdfnd@2@@shdfnd@physx@@IEAAXPEAX@Z 000000018001fca0 f i CctCharacterController.obj
 0001:0001ecd0       ?decomposeVector@shdfnd@physx@@YAXAEAVPxVec3@2@0AEBV32@1@Z 000000018001fcd0 f i CctCharacterController.obj
 0001:0001ed60       ?destroy@?$Array@IVNamedAllocator@shdfnd@physx@@@shdfnd@physx@@KAXPEAI0@Z 000000018001fd60 f i CctCharacterController.obj
 0001:0001eda0       ?destroy@?$Array@PEBXVNamedAllocator@shdfnd@physx@@@shdfnd@physx@@KAXPEAPEBX0@Z 000000018001fda0 f i CctCharacterController.obj
 0001:0001ede0       ?destroy@?$Array@UPxExtendedCapsule@physx@@VNamedAllocator@shdfnd@2@@shdfnd@physx@@KAXPEAUPxExtendedCapsule@3@0@Z 000000018001fde0 f i CctCharacterController.obj
 0001:0001ee20       ?destroy@?$Array@VPxExtendedBox@physx@@VNamedAllocator@shdfnd@2@@shdfnd@physx@@KAXPEAVPxExtendedBox@3@0@Z 000000018001fe20 f i CctCharacterController.obj
 0001:0001ee70       ?destroy@?$Array@VPxTriangle@physx@@VNamedAllocator@shdfnd@2@@shdfnd@physx@@KAXPEAVPxTriangle@3@0@Z 000000018001fe70 f i CctCharacterController.obj
 0001:0001eec0       ?dot@PxExtendedVec3@physx@@QEBANAEBVPxVec3@2@@Z 000000018001fec0 f i CctCharacterController.obj
 0001:0001ef40       ?dot@PxVec3@physx@@QEBAMAEBV12@@Z 000000018001ff40 f i CctCharacterController.obj
 0001:0001efa0       ?encodeUserObject@Cct@physx@@YAIIW4UserObjectType@12@@Z 000000018001ffa0 f i CctCharacterController.obj
 0001:0001f090       ?end@?$Array@IVNamedAllocator@shdfnd@physx@@@shdfnd@physx@@QEAAPEAIXZ 0000000180020090 f i CctCharacterController.obj
 0001:0001f0b0       ?end@?$Array@IVNamedAllocator@shdfnd@physx@@@shdfnd@physx@@QEBAPEBIXZ 00000001800200b0 f i CctCharacterController.obj
 0001:0001f0d0       ?equal@?$Hash@PEAVPxShape@physx@@@shdfnd@physx@@QEBA_NAEBQEAVPxShape@3@0@Z 00000001800200d0 f i CctCharacterController.obj
 0001:0001f120       ?finalizeQuery@?$PxHitCallback@UPxRaycastHit@physx@@@physx@@UEAAXXZ 0000000180020120 f i CctCharacterController.obj
 0001:0001f130       ?find@?$HashBase@PEAVPxShape@physx@@PEAV12@U?$Hash@PEAVPxShape@physx@@@shdfnd@2@UGetKey@?$HashSetBase@PEAVPxShape@physx@@U?$Hash@PEAVPxShape@physx@@@shdfnd@2@VNonTrackingAllocator@42@$0A@@internal@42@VNonTrackingAllocator@42@$0A@@internal@shdfnd@physx@@QEBAPEBQEAVPxShape@4@AEBQEAV54@@Z 0000000180020130 f i CctCharacterController.obj
 0001:0001f230       ?forceSize_Unsafe@?$Array@IVNamedAllocator@shdfnd@physx@@@shdfnd@physx@@QEAAXI@Z 0000000180020230 f i CctCharacterController.obj
 0001:0001f2c0       ?forceSize_Unsafe@?$Array@VPxTriangle@physx@@VNamedAllocator@shdfnd@2@@shdfnd@physx@@QEAAXI@Z 00000001800202c0 f i CctCharacterController.obj
 0001:0001f350       ?forceSize_Unsafe@TriArray@Cct@physx@@QEAAXI@Z 0000000180020350 f i CctCharacterController.obj
 0001:0001f380       ?get@?$TouchedObject@VPxRigidActor@physx@@@Cct@physx@@QEBAPEBVPxRigidActor@3@XZ 0000000180020380 f i CctCharacterController.obj
 0001:0001f3a0       ?get@?$TouchedObject@VPxShape@physx@@@Cct@physx@@QEBAPEBVPxShape@3@XZ 00000001800203a0 f i CctCharacterController.obj
 0001:0001f3c0       ?getAnyHit@?$PxHitBuffer@UPxRaycastHit@physx@@@physx@@QEBAAEBUPxRaycastHit@2@I@Z 00000001800203c0 f i CctCharacterController.obj
 0001:0001f4b0       ?getBasisVector0@PxQuat@physx@@QEBA?AVPxVec3@2@XZ 00000001800204b0 f i CctCharacterController.obj
 0001:0001f5d0       ?getCenter@PxBounds3@physx@@QEBA?AVPxVec3@2@XZ 00000001800205d0 f i CctCharacterController.obj
 0001:0001f6a0       ?getConcreteType@PxBase@physx@@QEBAGXZ 00000001800206a0 f i CctCharacterController.obj
 0001:0001f6c0       ?getContextId@Controller@Cct@physx@@QEBA_KXZ 00000001800206c0 f i CctCharacterController.obj
 0001:0001f6e0       ?getDimensions@PxBounds3@physx@@QEBA?AVPxVec3@2@XZ 00000001800206e0 f i CctCharacterController.obj
 0001:0001f790       ?getExtents@PxBounds3@physx@@QEBA?AVPxVec3@2@XZ 0000000180020790 f i CctCharacterController.obj
 0001:0001f850       ?getGlobalPose@PxShapeExt@physx@@SA?AVPxTransform@2@AEBVPxShape@2@AEBVPxRigidActor@2@@Z 0000000180020850 f i CctCharacterController.obj
 0001:0001f900       ?getNbTouches@?$PxHitBuffer@UPxRaycastHit@physx@@@physx@@QEBAIXZ 0000000180020900 f i CctCharacterController.obj
 0001:0001f920       ?getNormalized@PxVec3@physx@@QEBA?AV12@XZ 0000000180020920 f i CctCharacterController.obj
 0001:0001f9d0       ?getShapeGlobalPose@physx@@YA?AVPxTransform@1@AEBVPxShape@1@AEBVPxRigidActor@1@@Z 00000001800209d0 f i CctCharacterController.obj
 0001:0001fa10       ?getTouches@?$PxHitBuffer@UPxRaycastHit@physx@@@physx@@QEBAPEBUPxRaycastHit@2@XZ 0000000180020a10 f i CctCharacterController.obj
 0001:0001fa30       ?getTriangle@TriArray@Cct@physx@@QEBAAEBVPxTriangle@3@I@Z 0000000180020a30 f i CctCharacterController.obj
 0001:0001fa60       ?getType@SweptVolume@Cct@physx@@QEBA?AW4Enum@SweptVolumeType@23@XZ 0000000180020a60 f i CctCharacterController.obj
 0001:0001fa80       ?grow@?$Array@IVNamedAllocator@shdfnd@physx@@@shdfnd@physx@@IEAAXI@Z 0000000180020a80 f i CctCharacterController.obj
 0001:0001fb20       ?growAndPushBack@?$Array@PEBXVNamedAllocator@shdfnd@physx@@@shdfnd@physx@@IEAAAEAPEBXAEBQEBX@Z 0000000180020b20 f i CctCharacterController.obj
 0001:0001fd00       ?growAndPushBack@?$Array@UPxExtendedCapsule@physx@@VNamedAllocator@shdfnd@2@@shdfnd@physx@@IEAAAEAUPxExtendedCapsule@3@AEBU43@@Z 0000000180020d00 f i CctCharacterController.obj
 0001:0001ff40       ?growAndPushBack@?$Array@VPxExtendedBox@physx@@VNamedAllocator@shdfnd@2@@shdfnd@physx@@IEAAAEAVPxExtendedBox@3@AEBV43@@Z 0000000180020f40 f i CctCharacterController.obj
 0001:00020130       ?hash@?$HashBase@PEAVPxShape@physx@@PEAV12@U?$Hash@PEAVPxShape@physx@@@shdfnd@2@UGetKey@?$HashSetBase@PEAVPxShape@physx@@U?$Hash@PEAVPxShape@physx@@@shdfnd@2@VNonTrackingAllocator@42@$0A@@internal@42@VNonTrackingAllocator@42@$0A@@internal@shdfnd@physx@@AEBAIAEBQEAVPxShape@4@@Z 0000000180021130 f i CctCharacterController.obj
 0001:00020170       ?hash@?$HashBase@PEAVPxShape@physx@@PEAV12@U?$Hash@PEAVPxShape@physx@@@shdfnd@2@UGetKey@?$HashSetBase@PEAVPxShape@physx@@U?$Hash@PEAVPxShape@physx@@@shdfnd@2@VNonTrackingAllocator@42@$0A@@internal@42@VNonTrackingAllocator@42@$0A@@internal@shdfnd@physx@@AEBAIAEBQEAVPxShape@4@I@Z 0000000180021170 f i CctCharacterController.obj
 0001:000201b0       ?hash@shdfnd@physx@@YAIPEBX@Z 00000001800211b0 f i CctCharacterController.obj
 0001:000201d0       ?hash@shdfnd@physx@@YAI_K@Z 00000001800211d0 f i CctCharacterController.obj
 0001:000202e0       ?intersectOBBAABB@Gu@physx@@YA_NAEBVBox@12@AEBVPxBounds3@2@@Z 00000001800212e0 f i CctCharacterController.obj
 0001:000203a0       ?isAlmostZero@shdfnd@physx@@YA_NAEBVPxVec3@2@@Z 00000001800213a0 f i CctCharacterController.obj
 0001:00020420       ?isFinite@PxBounds3@physx@@QEBA_NXZ 0000000180021420 f i CctCharacterController.obj
 0001:00020490       ?isFinite@PxQuat@physx@@QEBA_NXZ 0000000180021490 f i CctCharacterController.obj
 0001:00020530       ?isFinite@PxTransform@physx@@QEBA_NXZ 0000000180021530 f i CctCharacterController.obj
 0001:000205a0       ?isFinite@PxVec3@physx@@QEBA_NXZ 00000001800215a0 f i CctCharacterController.obj
 0001:00020620       ?isFinite@intrinsics@physx@@YA_NM@Z 0000000180021620 f i CctCharacterController.obj
 0001:00020670       ?isInUserMemory@?$Array@IVNamedAllocator@shdfnd@physx@@@shdfnd@physx@@QEBAIXZ 0000000180021670 f i CctCharacterController.obj
 0001:00020690       ?isInUserMemory@?$Array@PEBXVNamedAllocator@shdfnd@physx@@@shdfnd@physx@@QEBAIXZ 0000000180021690 f i CctCharacterController.obj
 0001:000206b0       ?isInUserMemory@?$Array@UPxExtendedCapsule@physx@@VNamedAllocator@shdfnd@2@@shdfnd@physx@@QEBAIXZ 00000001800216b0 f i CctCharacterController.obj
 0001:000206d0       ?isInUserMemory@?$Array@VPxExtendedBox@physx@@VNamedAllocator@shdfnd@2@@shdfnd@physx@@QEBAIXZ 00000001800216d0 f i CctCharacterController.obj
 0001:000206f0       ?isInUserMemory@?$Array@VPxTriangle@physx@@VNamedAllocator@shdfnd@2@@shdfnd@physx@@QEBAIXZ 00000001800216f0 f i CctCharacterController.obj
 0001:00020710       ?isInside@PxExtendedBounds3@physx@@QEBA_NAEBU12@@Z 0000000180021710 f i CctCharacterController.obj
 0001:000207f0       ?isSane@PxQuat@physx@@QEBA_NXZ 00000001800217f0 f i CctCharacterController.obj
 0001:00020870       ?isSane@PxTransform@physx@@QEBA_NXZ 0000000180021870 f i CctCharacterController.obj
 0001:000208d0       ?isValid@PxBounds3@physx@@QEBA_NXZ 00000001800218d0 f i CctCharacterController.obj
 0001:00020a00       ?isZero@PxVec3@physx@@QEBA_NXZ 0000000180021a00 f i CctCharacterController.obj
 0001:00020a60       ?magnitude@PxQuat@physx@@QEBAMXZ 0000000180021a60 f i CctCharacterController.obj
 0001:00020a90       ?magnitude@PxVec3@physx@@QEBAMXZ 0000000180021a90 f i CctCharacterController.obj
 0001:00020ac0       ?magnitudeSquared@PxQuat@physx@@QEBAMXZ 0000000180021ac0 f i CctCharacterController.obj
 0001:00020b40       ?magnitudeSquared@PxVec3@physx@@QEBAMXZ 0000000180021b40 f i CctCharacterController.obj
 0001:00020ba0       ?maximum@PxExtendedVec3@physx@@QEAAXAEBU12@@Z 0000000180021ba0 f i CctCharacterController.obj
 0001:00020c50       ?minimum@PxExtendedVec3@physx@@QEAAXAEBU12@@Z 0000000180021c50 f i CctCharacterController.obj
 0001:00020d00       ?normal@PxTriangle@physx@@QEBAXAEAVPxVec3@2@@Z 0000000180021d00 f i CctCharacterController.obj
 0001:00020df0       ?normalize@PxVec3@physx@@QEAAMXZ 0000000180021df0 f i CctCharacterController.obj
 0001:00020e50       ?postFilter@ControllerFilter@@UEAA?AW4Enum@PxQueryHitType@physx@@AEBUPxFilterData@4@AEBUPxQueryHit@4@@Z 0000000180021e50 f i CctCharacterController.obj
 0001:00020f50       ?preFilter@ControllerFilter@@UEAA?AW4Enum@PxQueryHitType@physx@@AEBUPxFilterData@4@PEBVPxShape@4@PEBVPxRigidActor@4@AEAV?$PxFlags@W4Enum@PxHitFlag@physx@@G@4@@Z 0000000180021f50 f i CctCharacterController.obj
 0001:00021090       ?processTouches@?$PxHitBuffer@UPxRaycastHit@physx@@@physx@@MEAA_NPEBUPxRaycastHit@2@I@Z 0000000180022090 f i CctCharacterController.obj
 0001:000210d0       ?pushBack@?$Array@PEBXVNamedAllocator@shdfnd@physx@@@shdfnd@physx@@QEAAAEAPEBXAEBQEBX@Z 00000001800220d0 f i CctCharacterController.obj
 0001:000211a0       ?pushBack@?$Array@UPxExtendedCapsule@physx@@VNamedAllocator@shdfnd@2@@shdfnd@physx@@QEAAAEAUPxExtendedCapsule@3@AEBU43@@Z 00000001800221a0 f i CctCharacterController.obj
 0001:00021270       ?pushBack@?$Array@VPxExtendedBox@physx@@VNamedAllocator@shdfnd@2@@shdfnd@physx@@QEAAAEAVPxExtendedBox@3@AEBV43@@Z 0000000180022270 f i CctCharacterController.obj
 0001:00021340       ?recipSqrt@intrinsics@physx@@YAMM@Z 0000000180022340 f i CctCharacterController.obj
 0001:00021380       ?recreate@?$Array@IVNamedAllocator@shdfnd@physx@@@shdfnd@physx@@IEAAXI@Z 0000000180022380 f i CctCharacterController.obj
 0001:000214d0       ?reserve@?$Array@IVNamedAllocator@shdfnd@physx@@@shdfnd@physx@@QEAAXI@Z 00000001800224d0 f i CctCharacterController.obj
 0001:00021510       ?resetStats@SweepTest@Cct@physx@@QEAAXXZ 0000000180022510 f i CctCharacterController.obj
 0001:00021560       ?rotate@PxQuat@physx@@QEBA?BVPxVec3@2@AEBV32@@Z 0000000180022560 f i CctCharacterController.obj
 0001:000217b0       ?rotateInv@PxQuat@physx@@QEBA?BVPxVec3@2@AEBV32@@Z 00000001800227b0 f i CctCharacterController.obj
 0001:00021a00       ?selectMax@intrinsics@physx@@YAMMM@Z 0000000180022a00 f i CctCharacterController.obj
 0001:00021a50       ?selectMin@intrinsics@physx@@YAMMM@Z 0000000180022a50 f i CctCharacterController.obj
 0001:00021aa0       ?set@PxExtendedBounds3@physx@@QEAAXNNNNNN@Z 0000000180022aa0 f i CctCharacterController.obj
 0001:00021b20       ?set@PxExtendedVec3@physx@@QEAAXNNN@Z 0000000180022b20 f i CctCharacterController.obj
 0001:00021b80       ?setEmpty@PxExtendedBounds3@physx@@QEAAXXZ 0000000180022b80 f i CctCharacterController.obj
 0001:00021bf0       ?setWorldPos@SweptContact@Cct@physx@@QEAAXAEBVPxVec3@3@AEBUPxExtendedVec3@3@@Z 0000000180022bf0 f i CctCharacterController.obj
 0001:00021c70       ?size@?$Array@IVNamedAllocator@shdfnd@physx@@@shdfnd@physx@@QEBAIXZ 0000000180022c70 f i CctCharacterController.obj
 0001:00021c90       ?size@?$Array@PEBXVNamedAllocator@shdfnd@physx@@@shdfnd@physx@@QEBAIXZ 0000000180022c90 f i CctCharacterController.obj
 0001:00021cb0       ?size@?$Array@UInternalBoxObstacle@ObstacleContext@Cct@physx@@VNamedAllocator@shdfnd@4@@shdfnd@physx@@QEBAIXZ 0000000180022cb0 f i CctCharacterController.obj
 0001:00021cd0       ?size@?$Array@UInternalCapsuleObstacle@ObstacleContext@Cct@physx@@VNamedAllocator@shdfnd@4@@shdfnd@physx@@QEBAIXZ 0000000180022cd0 f i CctCharacterController.obj
 0001:00021cf0       ?size@?$Array@UPxExtendedCapsule@physx@@VNamedAllocator@shdfnd@2@@shdfnd@physx@@QEBAIXZ 0000000180022cf0 f i CctCharacterController.obj
 0001:00021d10       ?size@?$Array@VPxExtendedBox@physx@@VNamedAllocator@shdfnd@2@@shdfnd@physx@@QEBAIXZ 0000000180022d10 f i CctCharacterController.obj
 0001:00021d30       ?size@?$Array@VPxTriangle@physx@@VNamedAllocator@shdfnd@2@@shdfnd@physx@@QEBAIXZ 0000000180022d30 f i CctCharacterController.obj
 0001:00021d50       ?size@TriArray@Cct@physx@@QEBAIXZ 0000000180022d50 f i CctCharacterController.obj
 0001:00021d70       ?sqrt@intrinsics@physx@@YAMM@Z 0000000180022d70 f i CctCharacterController.obj
 0001:00021d90       ?testSlope@physx@@YA_NAEBVPxVec3@1@0M@Z 0000000180022d90 f i CctCharacterController.obj
 0001:00021e10       ?toVec3@physx@@YA?AVPxVec3@1@AEBUPxExtendedVec3@1@@Z 0000000180022e10 f i CctCharacterController.obj
 0001:00021e80       ?transform@PxTransform@physx@@QEBA?AV12@AEBV12@@Z 0000000180022e80 f i CctCharacterController.obj
 0001:00022050       ?transform@PxTransform@physx@@QEBA?AVPxVec3@2@AEBV32@@Z 0000000180023050 f i CctCharacterController.obj
 0001:00022130       ?transformInv@PxTransform@physx@@QEBA?AVPxVec3@2@AEBV32@@Z 0000000180023130 f i CctCharacterController.obj
 0001:00022200       fabsf                      0000000180023200 f i CctCharacterController.obj
 0001:000222b0       ?getSceneTimestamp@Cct@physx@@YAIPEBUInternalCBData_FindTouchedGeom@12@@Z 00000001800232b0 f   CctCharacterControllerCallbacks.obj
 0001:00022340       ?findTouchedGeometry@Cct@physx@@YAXPEBUInternalCBData_FindTouchedGeom@12@AEBUPxExtendedBounds3@2@AEAVTriArray@12@AEAV?$Array@IVNamedAllocator@shdfnd@physx@@@shdfnd@2@3AEBVCCTFilter@12@AEBUCCTParams@12@AEAG@Z 0000000180023340 f   CctCharacterControllerCallbacks.obj
 0001:00022b30       ?shapeHitCallback@Cct@physx@@YAIPEBUInternalCBData_OnHit@12@AEBUSweptContact@12@AEBVPxVec3@2@M@Z 0000000180023b30 f   CctCharacterControllerCallbacks.obj
 0001:00022c60       ?userHitCallback@Cct@physx@@YAIPEBUInternalCBData_OnHit@12@AEBUSweptContact@12@AEBVPxVec3@2@M@Z 0000000180023c60 f   CctCharacterControllerCallbacks.obj
 0001:000283f0       ??$PX_UNUSED@PEBUPxOverlapHit@physx@@@@YAXAEBQEBUPxOverlapHit@physx@@@Z 00000001800293f0 f i CctCharacterControllerCallbacks.obj
 0001:00028400       ??0?$PxFlags@W4Enum@PxConvexMeshGeometryFlag@physx@@E@physx@@QEAA@XZ 0000000180029400 f i CctCharacterControllerCallbacks.obj
 0001:00028420       ??0?$PxFlags@W4Enum@PxMeshGeometryFlag@physx@@E@physx@@QEAA@E@Z 0000000180029420 f i CctCharacterControllerCallbacks.obj
 0001:00028450       ??0?$PxFlags@W4Enum@PxMeshGeometryFlag@physx@@E@physx@@QEAA@XZ 0000000180029450 f i CctCharacterControllerCallbacks.obj
 0001:00028470       ??0?$PxHitBuffer@UPxOverlapHit@physx@@@physx@@QEAA@PEAUPxOverlapHit@1@I@Z 0000000180029470 f i CctCharacterControllerCallbacks.obj
 0001:000284c0       ??0?$PxHitCallback@UPxOverlapHit@physx@@@physx@@QEAA@PEAUPxOverlapHit@1@I@Z 00000001800294c0 f i CctCharacterControllerCallbacks.obj
 0001:00028550       ??0?$PxPadding@$02@physx@@QEAA@XZ 0000000180029550 f i CctCharacterControllerCallbacks.obj
 0001:000285a0       ??0PxControllerHit@physx@@QEAA@XZ 00000001800295a0 f i CctCharacterControllerCallbacks.obj
 0001:00028600       ??0PxControllerObstacleHit@physx@@QEAA@XZ 0000000180029600 f i CctCharacterControllerCallbacks.obj
 0001:00028630       ??0PxControllerShapeHit@physx@@QEAA@XZ 0000000180029630 f i CctCharacterControllerCallbacks.obj
 0001:00028660       ??0PxControllersHit@physx@@QEAA@XZ 0000000180029660 f i CctCharacterControllerCallbacks.obj
 0001:00028690       ??0PxConvexMeshGeometry@physx@@QEAA@XZ 0000000180029690 f i CctCharacterControllerCallbacks.obj
 0001:00028730       ??0PxExtendedSphere@physx@@QEAA@XZ 0000000180029730 f i CctCharacterControllerCallbacks.obj
 0001:00028760       ??0PxHeightFieldGeometry@physx@@QEAA@XZ 0000000180029760 f i CctCharacterControllerCallbacks.obj
 0001:00028810       ??0PxMat33@physx@@QEAA@AEBVPxVec3@1@00@Z 0000000180029810 f i CctCharacterControllerCallbacks.obj
 0001:00028890       ??0PxMeshScale@physx@@QEAA@M@Z 0000000180029890 f i CctCharacterControllerCallbacks.obj
 0001:000288e0       ??0PxMeshScale@physx@@QEAA@XZ 00000001800298e0 f i CctCharacterControllerCallbacks.obj
 0001:00028930       ??0PxOverlapHit@physx@@QEAA@XZ 0000000180029930 f i CctCharacterControllerCallbacks.obj
 0001:00028960       ??0PxPlane@physx@@QEAA@AEBVPxVec3@1@M@Z 0000000180029960 f i CctCharacterControllerCallbacks.obj
 0001:000289b0       ??0PxPlane@physx@@QEAA@MMMM@Z 00000001800299b0 f i CctCharacterControllerCallbacks.obj
 0001:00028a20       ??0PxQueryFilterData@physx@@QEAA@$$QEAU01@@Z 0000000180029a20 f i CctCharacterControllerCallbacks.obj
 0001:00028a90       ??0PxQueryFilterData@physx@@QEAA@V?$PxFlags@W4Enum@PxQueryFlag@physx@@G@1@@Z 0000000180029a90 f i CctCharacterControllerCallbacks.obj
 0001:00028af0       ??0PxTransform@physx@@QEAA@AEBVPxVec3@1@@Z 0000000180029af0 f i CctCharacterControllerCallbacks.obj
 0001:00028b40       ??0PxTriangle@physx@@QEAA@AEBV01@@Z 0000000180029b40 f i CctCharacterControllerCallbacks.obj
 0001:00028c40       ??0PxTriangle@physx@@QEAA@AEBVPxVec3@1@00@Z 0000000180029c40 f i CctCharacterControllerCallbacks.obj
 0001:00028d10       ??0PxTriangle@physx@@QEAA@XZ 0000000180029d10 f i CctCharacterControllerCallbacks.obj
 0001:00028d50       ??0PxTriangleMeshGeometry@physx@@QEAA@XZ 0000000180029d50 f i CctCharacterControllerCallbacks.obj
 0001:00028dd0       ??0PxVec4@physx@@QEAA@MMMM@Z 0000000180029dd0 f i CctCharacterControllerCallbacks.obj
 0001:00028e50       ??0TessParams@@QEAA@XZ     0000000180029e50 f i CctCharacterControllerCallbacks.obj
 0001:00028ea0       ??0TrianglePadded@Gu@physx@@QEAA@XZ 0000000180029ea0 f i CctCharacterControllerCallbacks.obj
 0001:00028ed0       ??0Vec3p@Gu@physx@@QEAA@AEBVPxVec3@2@@Z 0000000180029ed0 f i CctCharacterControllerCallbacks.obj
 0001:00028f00       ??1?$PxHitBuffer@UPxOverlapHit@physx@@@physx@@UEAA@XZ 0000000180029f00 f i CctCharacterControllerCallbacks.obj
 0001:00028f30       ??1?$PxHitCallback@UPxOverlapHit@physx@@@physx@@UEAA@XZ 0000000180029f30 f i CctCharacterControllerCallbacks.obj
 0001:00028f50       ??1PxExtendedSphere@physx@@QEAA@XZ 0000000180029f50 f i CctCharacterControllerCallbacks.obj
 0001:00028f60       ??1TrianglePadded@Gu@physx@@QEAA@XZ 0000000180029f60 f i CctCharacterControllerCallbacks.obj
 0001:00028f80       ??1Vec3p@Gu@physx@@QEAA@XZ 0000000180029f80 f i CctCharacterControllerCallbacks.obj
 0001:00028f90       ??APxVec3@physx@@QEBAAEBMI@Z 0000000180029f90 f i CctCharacterControllerCallbacks.obj
 0001:00029020       ??DPxMat33@physx@@QEBA?BV01@AEBV01@@Z 000000018002a020 f i CctCharacterControllerCallbacks.obj
 0001:000290e0       ??DPxVec4@physx@@QEBA?AV01@M@Z 000000018002a0e0 f i CctCharacterControllerCallbacks.obj
 0001:00029180       ??HPxVec4@physx@@QEBA?AV01@AEBV01@@Z 000000018002a180 f i CctCharacterControllerCallbacks.obj
 0001:00029230       ??_G?$PxHitBuffer@UPxOverlapHit@physx@@@physx@@UEAAPEAXI@Z 000000018002a230 f i CctCharacterControllerCallbacks.obj
 0001:00029230       ??_E?$PxHitBuffer@UPxOverlapHit@physx@@@physx@@UEAAPEAXI@Z 000000018002a230 f i CctCharacterControllerCallbacks.obj
 0001:00029280       ??_E?$PxHitCallback@UPxOverlapHit@physx@@@physx@@UEAAPEAXI@Z 000000018002a280 f i CctCharacterControllerCallbacks.obj
 0001:00029280       ??_G?$PxHitCallback@UPxOverlapHit@physx@@@physx@@UEAAPEAXI@Z 000000018002a280 f i CctCharacterControllerCallbacks.obj
 0001:000292d0       ?FLoad@aos@shdfnd@physx@@YA?AT__m128@@M@Z 000000018002a2d0 f i CctCharacterControllerCallbacks.obj
 0001:00029300       ?PxPlaneEquationFromTransform@physx@@YA?AVPxPlane@1@AEBVPxTransform@1@@Z 000000018002a300 f i CctCharacterControllerCallbacks.obj
 0001:00029360       ?V3Load@aos@shdfnd@physx@@YA?AT__m128@@M@Z 000000018002a360 f i CctCharacterControllerCallbacks.obj
 0001:000293b0       ?V4Load@aos@shdfnd@physx@@YA?AT__m128@@M@Z 000000018002a3b0 f i CctCharacterControllerCallbacks.obj
 0001:000293e0       ?allocate@?$Array@VPxTriangle@physx@@VNamedAllocator@shdfnd@2@@shdfnd@physx@@IEAAPEAVPxTriangle@3@I@Z 000000018002a3e0 f i CctCharacterControllerCallbacks.obj
 0001:00029490       ?capacityIncrement@?$Array@IVNamedAllocator@shdfnd@physx@@@shdfnd@physx@@IEBAIXZ 000000018002a490 f i CctCharacterControllerCallbacks.obj
 0001:000294e0       ?centerExtents@PxBounds3@physx@@SA?AV12@AEBVPxVec3@2@0@Z 000000018002a4e0 f i CctCharacterControllerCallbacks.obj
 0001:00029560       ?computeBasis@shdfnd@physx@@YAXAEBVPxVec3@2@AEAV32@1@Z 000000018002a560 f i CctCharacterControllerCallbacks.obj
 0001:00029730       ?copy@?$Array@VPxTriangle@physx@@VNamedAllocator@shdfnd@2@@shdfnd@physx@@KAXPEAVPxTriangle@3@0PEBV43@@Z 000000018002a730 f i CctCharacterControllerCallbacks.obj
 0001:000297d0       ?decodeIndex@Cct@physx@@YAII@Z 000000018002a7d0 f i CctCharacterControllerCallbacks.obj
 0001:000297e0       ?decodeType@Cct@physx@@YA?AW4UserObjectType@12@I@Z 000000018002a7e0 f i CctCharacterControllerCallbacks.obj
 0001:00029800       ?distance@PxPlane@physx@@QEBAMAEBVPxVec3@2@@Z 000000018002a800 f i CctCharacterControllerCallbacks.obj
 0001:00029840       ?end@?$Array@VPxTriangle@physx@@VNamedAllocator@shdfnd@2@@shdfnd@physx@@QEAAPEAVPxTriangle@3@XZ 000000018002a840 f i CctCharacterControllerCallbacks.obj
 0001:00029860       ?finalizeQuery@?$PxHitCallback@UPxOverlapHit@physx@@@physx@@UEAAXXZ 000000018002a860 f i CctCharacterControllerCallbacks.obj
 0001:00029870       ?getAnyHit@?$PxHitBuffer@UPxOverlapHit@physx@@@physx@@QEBAAEBUPxOverlapHit@2@I@Z 000000018002a870 f i CctCharacterControllerCallbacks.obj
 0001:00029960       ?getCctManager@Controller@Cct@physx@@QEAAPEAVCharacterControllerManager@23@XZ 000000018002a960 f i CctCharacterControllerCallbacks.obj
 0001:00029980       ?getNbAnyHits@?$PxHitBuffer@UPxOverlapHit@physx@@@physx@@QEBAIXZ 000000018002a980 f i CctCharacterControllerCallbacks.obj
 0001:000299b0       ?getNbTouches@?$PxHitBuffer@UPxOverlapHit@physx@@@physx@@QEBAIXZ 000000018002a9b0 f i CctCharacterControllerCallbacks.obj
 0001:000299d0       ?getPosition@PxMat44@physx@@QEBA?BVPxVec3@2@XZ 000000018002a9d0 f i CctCharacterControllerCallbacks.obj
 0001:00029a10       ?getResults@PxMeshOverlapUtil@physx@@QEBAPEBIXZ 000000018002aa10 f i CctCharacterControllerCallbacks.obj
 0001:00029a30       ?getTouches@?$PxHitBuffer@UPxOverlapHit@physx@@@physx@@QEBAPEBUPxOverlapHit@2@XZ 000000018002aa30 f i CctCharacterControllerCallbacks.obj
 0001:00029a50       ?getTranspose@PxMat33@physx@@QEBA?BV12@XZ 000000018002aa50 f i CctCharacterControllerCallbacks.obj
 0001:00029b30       ?getXYZ@PxVec4@physx@@QEBA?AVPxVec3@2@XZ 000000018002ab30 f i CctCharacterControllerCallbacks.obj
 0001:00029b80       ?grow@?$Array@VPxTriangle@physx@@VNamedAllocator@shdfnd@2@@shdfnd@physx@@IEAAXI@Z 000000018002ab80 f i CctCharacterControllerCallbacks.obj
 0001:00029c20       ?growAndPushBack@?$Array@IVNamedAllocator@shdfnd@physx@@@shdfnd@physx@@IEAAAEAIAEBI@Z 000000018002ac20 f i CctCharacterControllerCallbacks.obj
 0001:00029e00       ?processTouches@?$PxHitBuffer@UPxOverlapHit@physx@@@physx@@MEAA_NPEBUPxOverlapHit@2@I@Z 000000018002ae00 f i CctCharacterControllerCallbacks.obj
 0001:00029e40       ?project@PxPlane@physx@@QEBA?AVPxVec3@2@AEBV32@@Z 000000018002ae40 f i CctCharacterControllerCallbacks.obj
 0001:00029eb0       ?pushBack@?$Array@IVNamedAllocator@shdfnd@physx@@@shdfnd@physx@@QEAAAEAIAEBI@Z 000000018002aeb0 f i CctCharacterControllerCallbacks.obj
 0001:00029f80       ?pushBack@TriArray@Cct@physx@@QEAAXAEBVPxTriangle@3@@Z 000000018002af80 f i CctCharacterControllerCallbacks.obj
 0001:0002a070       ?recreate@?$Array@VPxTriangle@physx@@VNamedAllocator@shdfnd@2@@shdfnd@physx@@IEAAXI@Z 000000018002b070 f i CctCharacterControllerCallbacks.obj
 0001:0002a1d0       ?reserve@?$Array@VPxTriangle@physx@@VNamedAllocator@shdfnd@2@@shdfnd@physx@@QEAAXI@Z 000000018002b1d0 f i CctCharacterControllerCallbacks.obj
 0001:0002a210       ?reserve@TriArray@Cct@physx@@QEAAPEAVPxTriangle@3@I@Z 000000018002b210 f i CctCharacterControllerCallbacks.obj
 0001:0002a2b0       ?rotate@PxMat44@physx@@QEBA?BVPxVec3@2@AEBV32@@Z 000000018002b2b0 f i CctCharacterControllerCallbacks.obj
 0001:0002a320       ?rotate@PxMat44@physx@@QEBA?BVPxVec4@2@AEBV32@@Z 000000018002b320 f i CctCharacterControllerCallbacks.obj
 0001:0002a410       ?rotate@PxTransform@physx@@QEBA?AVPxVec3@2@AEBV32@@Z 000000018002b410 f i CctCharacterControllerCallbacks.obj
 0001:0002a4c0       ?toMat33@PxMeshScale@physx@@QEBA?AVPxMat33@2@XZ 000000018002b4c0 f i CctCharacterControllerCallbacks.obj
 0001:0002a5b0       ?transform@PxMat33@physx@@QEBA?BVPxVec3@2@AEBV32@@Z 000000018002b5b0 f i CctCharacterControllerCallbacks.obj
 0001:0002a690       ?transform@PxTransform@physx@@QEBA?AVPxPlane@2@AEBV32@@Z 000000018002b690 f i CctCharacterControllerCallbacks.obj
 0001:0002a7a0       PxCreateControllerManager  000000018002b7a0 f   CctCharacterControllerManager.obj
 0001:0002a830       ??0CharacterControllerManager@Cct@physx@@QEAA@AEAVPxScene@2@_N@Z 000000018002b830 f   CctCharacterControllerManager.obj
 0001:0002aac0       ??1CharacterControllerManager@Cct@physx@@UEAA@XZ 000000018002bac0 f   CctCharacterControllerManager.obj
 0001:0002ac10       ?release@CharacterControllerManager@Cct@physx@@UEAAXXZ 000000018002bc10 f   CctCharacterControllerManager.obj
 0001:0002ad40       ?getScene@CharacterControllerManager@Cct@physx@@UEBAAEAVPxScene@3@XZ 000000018002bd40 f   CctCharacterControllerManager.obj
 0001:0002ad60       ?getNbControllers@CharacterControllerManager@Cct@physx@@UEBAIXZ 000000018002bd60 f   CctCharacterControllerManager.obj
 0001:0002ad90       ?getController@CharacterControllerManager@Cct@physx@@UEAAPEAVPxController@3@I@Z 000000018002bd90 f   CctCharacterControllerManager.obj
 0001:0002ae80       ?createController@CharacterControllerManager@Cct@physx@@UEAAPEAVPxController@3@AEBVPxControllerDesc@3@@Z 000000018002be80 f   CctCharacterControllerManager.obj
 0001:0002b210       ?purgeControllers@CharacterControllerManager@Cct@physx@@UEAAXXZ 000000018002c210 f   CctCharacterControllerManager.obj
 0001:0002b280       ?getRenderBuffer@CharacterControllerManager@Cct@physx@@UEAAAEAVPxRenderBuffer@3@XZ 000000018002c280 f   CctCharacterControllerManager.obj
 0001:0002b310       ?setDebugRenderingFlags@CharacterControllerManager@Cct@physx@@UEAAXV?$PxFlags@W4Enum@PxControllerDebugRenderFlag@physx@@I@3@@Z 000000018002c310 f   CctCharacterControllerManager.obj
 0001:0002b3b0       ?getNbObstacleContexts@CharacterControllerManager@Cct@physx@@UEBAIXZ 000000018002c3b0 f   CctCharacterControllerManager.obj
 0001:0002b3e0       ?getObstacleContext@CharacterControllerManager@Cct@physx@@UEAAPEAVPxObstacleContext@3@I@Z 000000018002c3e0 f   CctCharacterControllerManager.obj
 0001:0002b4c0       ?createObstacleContext@CharacterControllerManager@Cct@physx@@UEAAPEAVPxObstacleContext@3@XZ 000000018002c4c0 f   CctCharacterControllerManager.obj
 0001:0002b560       ?computeInteractions@CharacterControllerManager@Cct@physx@@UEAAXMPEAVPxControllerFilterCallback@3@@Z 000000018002c560 f   CctCharacterControllerManager.obj
 0001:0002b8f0       ?setTessellation@CharacterControllerManager@Cct@physx@@UEAAX_NM@Z 000000018002c8f0 f   CctCharacterControllerManager.obj
 0001:0002b930       ?setOverlapRecoveryModule@CharacterControllerManager@Cct@physx@@UEAAX_N@Z 000000018002c930 f   CctCharacterControllerManager.obj
 0001:0002b950       ?setPreciseSweeps@CharacterControllerManager@Cct@physx@@UEAAX_N@Z 000000018002c950 f   CctCharacterControllerManager.obj
 0001:0002b970       ?setPreventVerticalSlidingAgainstCeiling@CharacterControllerManager@Cct@physx@@UEAAX_N@Z 000000018002c970 f   CctCharacterControllerManager.obj
 0001:0002b990       ?shiftOrigin@CharacterControllerManager@Cct@physx@@UEAAXAEBVPxVec3@3@@Z 000000018002c990 f   CctCharacterControllerManager.obj
 0001:0002bb30       ?onRelease@CharacterControllerManager@Cct@physx@@UEAAXPEBVPxBase@3@PEAXW4Enum@PxDeletionEventFlag@3@@Z 000000018002cb30 f   CctCharacterControllerManager.obj
 0001:0002bd00       ?registerObservedObject@CharacterControllerManager@Cct@physx@@QEAAXPEBVPxBase@3@@Z 000000018002cd00 f   CctCharacterControllerManager.obj
 0001:0002bd90       ?unregisterObservedObject@CharacterControllerManager@Cct@physx@@QEAAXPEBVPxBase@3@@Z 000000018002cd90 f   CctCharacterControllerManager.obj
 0001:0002be90       ?onObstacleRemoved@CharacterControllerManager@Cct@physx@@QEBAXI@Z 000000018002ce90 f   CctCharacterControllerManager.obj
 0001:0002bf00       ?onObstacleUpdated@CharacterControllerManager@Cct@physx@@QEBAXIPEBVPxObstacleContext@3@@Z 000000018002cf00 f   CctCharacterControllerManager.obj
 0001:0002c040       ?onObstacleAdded@CharacterControllerManager@Cct@physx@@QEBAXIPEBVPxObstacleContext@3@@Z 000000018002d040 f   CctCharacterControllerManager.obj
 0001:0002c180       ?releaseController@CharacterControllerManager@Cct@physx@@QEAAXAEAVPxController@3@@Z 000000018002d180 f   CctCharacterControllerManager.obj
 0001:0002c420       ?getControllers@CharacterControllerManager@Cct@physx@@QEAAPEAPEAVController@23@XZ 000000018002d420 f   CctCharacterControllerManager.obj
 0001:0002c450       ?releaseObstacleContext@CharacterControllerManager@Cct@physx@@QEAAXAEAVObstacleContext@23@@Z 000000018002d450 f   CctCharacterControllerManager.obj
 0001:0002c570       ?resetObstaclesBuffers@CharacterControllerManager@Cct@physx@@QEAAXXZ 000000018002d570 f   CctCharacterControllerManager.obj
 0001:0002e410       ??$?2V?$ReflectionAllocator@VBoxController@Cct@physx@@@shdfnd@physx@@@UserAllocated@shdfnd@physx@@SAPEAX_KV?$ReflectionAllocator@VBoxController@Cct@physx@@@12@PEBDH@Z 000000018002f410 f i CctCharacterControllerManager.obj
 0001:0002e460       ??$?2V?$ReflectionAllocator@VCapsuleController@Cct@physx@@@shdfnd@physx@@@UserAllocated@shdfnd@physx@@SAPEAX_KV?$ReflectionAllocator@VCapsuleController@Cct@physx@@@12@PEBDH@Z 000000018002f460 f i CctCharacterControllerManager.obj
 0001:0002e4b0       ??$?2V?$ReflectionAllocator@VCharacterControllerManager@Cct@physx@@@shdfnd@physx@@@UserAllocated@shdfnd@physx@@SAPEAX_KV?$ReflectionAllocator@VCharacterControllerManager@Cct@physx@@@12@PEBDH@Z 000000018002f4b0 f i CctCharacterControllerManager.obj
 0001:0002e500       ??$?2V?$ReflectionAllocator@VObstacleContext@Cct@physx@@@shdfnd@physx@@@UserAllocated@shdfnd@physx@@SAPEAX_KV?$ReflectionAllocator@VObstacleContext@Cct@physx@@@12@PEBDH@Z 000000018002f500 f i CctCharacterControllerManager.obj
 0001:0002e550       ??$?2V?$ReflectionAllocator@VRenderBuffer@Cm@physx@@@shdfnd@physx@@@UserAllocated@shdfnd@physx@@SAPEAX_KV?$ReflectionAllocator@VRenderBuffer@Cm@physx@@@12@PEBDH@Z 000000018002f550 f i CctCharacterControllerManager.obj
 0001:0002e5a0       ??$PX_UNUSED@W4Enum@PxDeletionEventFlag@physx@@@@YAXAEBW4Enum@PxDeletionEventFlag@physx@@@Z 000000018002f5a0 f i CctCharacterControllerManager.obj
 0001:0002e5b0       ??$append@UPxDebugLine@physx@@@RenderBuffer@Cm@physx@@AEAAXAEAV?$Array@UPxDebugLine@physx@@VNamedAllocator@shdfnd@2@@shdfnd@2@PEBUPxDebugLine@2@I@Z 000000018002f5b0 f i CctCharacterControllerManager.obj
 0001:0002e650       ??$append@UPxDebugPoint@physx@@@RenderBuffer@Cm@physx@@AEAAXAEAV?$Array@UPxDebugPoint@physx@@VNamedAllocator@shdfnd@2@@shdfnd@2@PEBUPxDebugPoint@2@I@Z 000000018002f650 f i CctCharacterControllerManager.obj
 0001:0002e6f0       ??$append@UPxDebugText@physx@@@RenderBuffer@Cm@physx@@AEAAXAEAV?$Array@UPxDebugText@physx@@VNamedAllocator@shdfnd@2@@shdfnd@2@PEBUPxDebugText@2@I@Z 000000018002f6f0 f i CctCharacterControllerManager.obj
 0001:0002e790       ??$append@UPxDebugTriangle@physx@@@RenderBuffer@Cm@physx@@AEAAXAEAV?$Array@UPxDebugTriangle@physx@@VNamedAllocator@shdfnd@2@@shdfnd@2@PEBUPxDebugTriangle@2@I@Z 000000018002f790 f i CctCharacterControllerManager.obj
 0001:0002e830       ??$resetOrClear@V?$Array@PEBXVNamedAllocator@shdfnd@physx@@@shdfnd@physx@@@@YAXAEAV?$Array@PEBXVNamedAllocator@shdfnd@physx@@@shdfnd@physx@@@Z 000000018002f830 f i CctCharacterControllerManager.obj
 0001:0002e8b0       ??$resetOrClear@V?$Array@UPxExtendedCapsule@physx@@VNamedAllocator@shdfnd@2@@shdfnd@physx@@@@YAXAEAV?$Array@UPxExtendedCapsule@physx@@VNamedAllocator@shdfnd@2@@shdfnd@physx@@@Z 000000018002f8b0 f i CctCharacterControllerManager.obj
 0001:0002e930       ??$resetOrClear@V?$Array@VPxExtendedBox@physx@@VNamedAllocator@shdfnd@2@@shdfnd@physx@@@@YAXAEAV?$Array@VPxExtendedBox@physx@@VNamedAllocator@shdfnd@2@@shdfnd@physx@@@Z 000000018002f930 f i CctCharacterControllerManager.obj
 0001:0002e9b0       ??$swap@PEAVController@Cct@physx@@@shdfnd@physx@@YAXAEAPEAVController@Cct@1@0@Z 000000018002f9b0 f i CctCharacterControllerManager.obj
 0001:0002ea00       ??0?$Array@DVNamedAllocator@shdfnd@physx@@@shdfnd@physx@@QEAA@AEBVNamedAllocator@12@@Z 000000018002fa00 f i CctCharacterControllerManager.obj
 0001:0002ea60       ??0?$Array@PEAVController@Cct@physx@@VNamedAllocator@shdfnd@3@@shdfnd@physx@@QEAA@AEBVNamedAllocator@12@@Z 000000018002fa60 f i CctCharacterControllerManager.obj
 0001:0002eac0       ??0?$Array@PEAVObstacleContext@Cct@physx@@VNamedAllocator@shdfnd@3@@shdfnd@physx@@QEAA@AEBVNamedAllocator@12@@Z 000000018002fac0 f i CctCharacterControllerManager.obj
 0001:0002eb20       ??0?$Array@PEBXVNamedAllocator@shdfnd@physx@@@shdfnd@physx@@QEAA@AEBVNamedAllocator@12@@Z 000000018002fb20 f i CctCharacterControllerManager.obj
 0001:0002eb80       ??0?$Array@UPxDebugLine@physx@@VNamedAllocator@shdfnd@2@@shdfnd@physx@@QEAA@AEBVNamedAllocator@12@@Z 000000018002fb80 f i CctCharacterControllerManager.obj
 0001:0002ebe0       ??0?$Array@UPxDebugPoint@physx@@VNamedAllocator@shdfnd@2@@shdfnd@physx@@QEAA@AEBVNamedAllocator@12@@Z 000000018002fbe0 f i CctCharacterControllerManager.obj
 0001:0002ec40       ??0?$Array@UPxDebugText@physx@@VNamedAllocator@shdfnd@2@@shdfnd@physx@@QEAA@AEBVNamedAllocator@12@@Z 000000018002fc40 f i CctCharacterControllerManager.obj
[...]
 0003:000020b0       _wenviron_table            00000001801320b0     libucrtd:environment_initialization.obj
 0003:000020c0       __dcrt_initial_wide_environment 00000001801320c0     libucrtd:environment_initialization.obj
 0003:000020d0       __dcrt_initial_narrow_environment 00000001801320d0     libucrtd:environment_initialization.obj
 0003:000020e0       __acrt_atexit_table        00000001801320e0     libucrtd:onexit.obj
 0003:00002100       __acrt_at_quick_exit_table 0000000180132100     libucrtd:onexit.obj
 0003:00002130       _pfnReportHook             0000000180132130     libucrtd:dbgrptt.obj
 0003:00002138       _pReportHookList           0000000180132138     libucrtd:dbgrptt.obj
 0003:00002140       _pReportHookListW          0000000180132140     libucrtd:dbgrptt.obj
 0003:00002400       __acrt_locale_changed_data 0000000180132400     libucrtd:wsetlocale.obj
 0003:00002408       __acrt_current_locale_data 0000000180132408     libucrtd:nlsdata.obj
 0003:00002418       __acrt_heap                0000000180132418     libucrtd:heap_handle.obj
 0003:00002638       __mbcodepage               0000000180132638     libucrtd:mbctype.obj
 0003:0000263c       __ismbcodepage             000000018013263c     libucrtd:mbctype.obj
 0003:00002640       __mbulinfo                 0000000180132640     libucrtd:mbctype.obj
 0003:00002658       __mblocalename             0000000180132658     libucrtd:mbctype.obj
 0003:00002664       __argc                     0000000180132664     libucrtd:argv_data.obj
 0003:00002668       __argv                     0000000180132668     libucrtd:argv_data.obj
 0003:00002678       __wargv                    0000000180132678     libucrtd:argv_data.obj
 0003:00002688       _acmdln                    0000000180132688     libucrtd:argv_data.obj
 0003:00002698       _wcmdln                    0000000180132698     libucrtd:argv_data.obj
 0003:000026a8       _pgmptr                    00000001801326a8     libucrtd:argv_data.obj
 0003:000026b8       _wpgmptr                   00000001801326b8     libucrtd:argv_data.obj
 0003:000026d0       __pioinfo                  00000001801326d0     libucrtd:ioinit.obj
 0003:00002b9c       _nhandle                   0000000180132b9c     libucrtd:ioinit.obj
 0003:00002bb0       __acrt_stdout_buffer       0000000180132bb0     libucrtd:_sftbuf.obj
 0003:00002bc0       __acrt_stderr_buffer       0000000180132bc0     libucrtd:_sftbuf.obj
 0003:00002bd0       _nstream                   0000000180132bd0     libucrtd:_file.obj
 0003:00002bd8       __piob                     0000000180132bd8     libucrtd:_file.obj
 0003:00002be4       _cflush                    0000000180132be4     libucrtd:_file.obj
 0003:00003363       __acrt_lconv_static_null   0000000180133363     libucrtd:localeconv.obj
 0003:00003364       __acrt_lconv_static_W_null 0000000180133364     libucrtd:localeconv.obj
 0003:0000336c       __fma3_is_available        000000018013336c     libucrtd:fma3_available.obj
 0003:00003370       __use_fma3_lib             0000000180133370     libucrtd:fma3_available.obj
 0003:00003378       ?__WinRTOutOfMemoryExceptionCallback@@3P6APEAXXZEA 0000000180133378     libvcruntimed:ehhelpers.obj
 0003:00003384       __scrt_ucrt_dll_is_in_use  0000000180133384     <common>
 0003:00003390       __dyn_tls_init_callback    0000000180133390     <common>
 0005:00000000       __imp_GetProcAddress       000000018013f000     kernel32:KERNEL32.dll
 0005:00000008       __imp_EncodePointer        000000018013f008     kernel32:KERNEL32.dll
 0005:00000010       __imp_CreateFileW          000000018013f010     kernel32:KERNEL32.dll
 0005:00000018       __imp_SetFilePointerEx     000000018013f018     kernel32:KERNEL32.dll
 0005:00000020       __imp_GetConsoleMode       000000018013f020     kernel32:KERNEL32.dll
 0005:00000028       __imp_GetConsoleCP         000000018013f028     kernel32:KERNEL32.dll
 0005:00000030       __imp_FlushFileBuffers     000000018013f030     kernel32:KERNEL32.dll
 0005:00000038       __imp_SetStdHandle         000000018013f038     kernel32:KERNEL32.dll
 0005:00000040       __imp_GetStringTypeW       000000018013f040     kernel32:KERNEL32.dll
 0005:00000048       __imp_SetEnvironmentVariableW 000000018013f048     kernel32:KERNEL32.dll
 0005:00000050       __imp_SetEnvironmentVariableA 000000018013f050     kernel32:KERNEL32.dll
 0005:00000058       __imp_FreeEnvironmentStringsW 000000018013f058     kernel32:KERNEL32.dll
 0005:00000060       __imp_GetEnvironmentStringsW 000000018013f060     kernel32:KERNEL32.dll
 0005:00000068       __imp_GetCommandLineW      000000018013f068     kernel32:KERNEL32.dll
 0005:00000070       __imp_GetCommandLineA      000000018013f070     kernel32:KERNEL32.dll
 0005:00000078       __imp_GetCPInfo            000000018013f078     kernel32:KERNEL32.dll
 0005:00000080       __imp_GetOEMCP             000000018013f080     kernel32:KERNEL32.dll
 0005:00000088       __imp_IsValidCodePage      000000018013f088     kernel32:KERNEL32.dll
 0005:00000090       __imp_FindNextFileW        000000018013f090     kernel32:KERNEL32.dll
 0005:00000098       __imp_FindNextFileA        000000018013f098     kernel32:KERNEL32.dll
 0005:000000a0       __imp_FindFirstFileExW     000000018013f0a0     kernel32:KERNEL32.dll
 0005:000000a8       __imp_FindFirstFileExA     000000018013f0a8     kernel32:KERNEL32.dll
 0005:000000b0       __imp_FindClose            000000018013f0b0     kernel32:KERNEL32.dll
 0005:000000b8       __imp_EnumSystemLocalesW   000000018013f0b8     kernel32:KERNEL32.dll
 0005:000000c0       __imp_GetUserDefaultLCID   000000018013f0c0     kernel32:KERNEL32.dll
 0005:000000c8       __imp_IsValidLocale        000000018013f0c8     kernel32:KERNEL32.dll
 0005:000000d0       __imp_GetLocaleInfoW       000000018013f0d0     kernel32:KERNEL32.dll
 0005:000000d8       __imp_LCMapStringW         000000018013f0d8     kernel32:KERNEL32.dll
 0005:000000e0       __imp_CompareStringW       000000018013f0e0     kernel32:KERNEL32.dll
 0005:000000e8       __imp_GetTimeFormatW       000000018013f0e8     kernel32:KERNEL32.dll
 0005:000000f0       __imp_GetDateFormatW       000000018013f0f0     kernel32:KERNEL32.dll
 0005:000000f8       __imp_GetACP               000000018013f0f8     kernel32:KERNEL32.dll
 0005:00000100       __imp_HeapQueryInformation 000000018013f100     kernel32:KERNEL32.dll
 0005:00000108       __imp_GetCurrentThread     000000018013f108     kernel32:KERNEL32.dll
 0005:00000110       __imp_HeapReAlloc          000000018013f110     kernel32:KERNEL32.dll
 0005:00000118       __imp_SetConsoleCtrlHandler 000000018013f118     kernel32:KERNEL32.dll
 0005:00000120       __imp_CreateThread         000000018013f120     kernel32:KERNEL32.dll
 0005:00000128       __imp_WaitForSingleObjectEx 000000018013f128     kernel32:KERNEL32.dll
 0005:00000130       __imp_CloseHandle          000000018013f130     kernel32:KERNEL32.dll
 0005:00000138       __imp_WriteConsoleW        000000018013f138     kernel32:KERNEL32.dll
 0005:00000140       __imp_OutputDebugStringW   000000018013f140     kernel32:KERNEL32.dll
 0005:00000148       __imp_OutputDebugStringA   000000018013f148     kernel32:KERNEL32.dll
 0005:00000150       __imp_WriteFile            000000018013f150     kernel32:KERNEL32.dll
 0005:00000158       __imp_GetFileType          000000018013f158     kernel32:KERNEL32.dll
 0005:00000160       __imp_GetStdHandle         000000018013f160     kernel32:KERNEL32.dll
 0005:00000168       __imp_InitializeSListHead  000000018013f168     kernel32:KERNEL32.dll
 0005:00000170       __imp_QueryPerformanceCounter 000000018013f170     kernel32:KERNEL32.dll
 0005:00000178       __imp_GetCurrentProcessId  000000018013f178     kernel32:KERNEL32.dll
 0005:00000180       __imp_GetCurrentThreadId   000000018013f180     kernel32:KERNEL32.dll
 0005:00000188       __imp_GetSystemTimeAsFileTime 000000018013f188     kernel32:KERNEL32.dll
 0005:00000190       __imp_RtlCaptureContext    000000018013f190     kernel32:KERNEL32.dll
 0005:00000198       __imp_RtlLookupFunctionEntry 000000018013f198     kernel32:KERNEL32.dll
 0005:000001a0       __imp_RtlVirtualUnwind     000000018013f1a0     kernel32:KERNEL32.dll
 0005:000001a8       __imp_IsDebuggerPresent    000000018013f1a8     kernel32:KERNEL32.dll
 0005:000001b0       __imp_UnhandledExceptionFilter 000000018013f1b0     kernel32:KERNEL32.dll
 0005:000001b8       __imp_SetUnhandledExceptionFilter 000000018013f1b8     kernel32:KERNEL32.dll
 0005:000001c0       __imp_GetStartupInfoW      000000018013f1c0     kernel32:KERNEL32.dll
 0005:000001c8       __imp_IsProcessorFeaturePresent 000000018013f1c8     kernel32:KERNEL32.dll
 0005:000001d0       __imp_GetModuleHandleW     000000018013f1d0     kernel32:KERNEL32.dll
 0005:000001d8       __imp_RaiseException       000000018013f1d8     kernel32:KERNEL32.dll
 0005:000001e0       __imp_MultiByteToWideChar  000000018013f1e0     kernel32:KERNEL32.dll
 0005:000001e8       __imp_WideCharToMultiByte  000000018013f1e8     kernel32:KERNEL32.dll
 0005:000001f0       __imp_GetLastError         000000018013f1f0     kernel32:KERNEL32.dll
 0005:000001f8       __imp_HeapAlloc            000000018013f1f8     kernel32:KERNEL32.dll
 0005:00000200       __imp_HeapFree             000000018013f200     kernel32:KERNEL32.dll
 0005:00000208       __imp_GetProcessHeap       000000018013f208     kernel32:KERNEL32.dll
 0005:00000210       __imp_VirtualQuery         000000018013f210     kernel32:KERNEL32.dll
 0005:00000218       __imp_FreeLibrary          000000018013f218     kernel32:KERNEL32.dll
 0005:00000220       __imp_RtlPcToFileHeader    000000018013f220     kernel32:KERNEL32.dll
 0005:00000228       __imp_GetCurrentProcess    000000018013f228     kernel32:KERNEL32.dll
 0005:00000230       __imp_TerminateProcess     000000018013f230     kernel32:KERNEL32.dll
 0005:00000238       __imp_InterlockedPushEntrySList 000000018013f238     kernel32:KERNEL32.dll
 0005:00000240       __imp_InterlockedFlushSList 000000018013f240     kernel32:KERNEL32.dll
 0005:00000248       __imp_RtlUnwindEx          000000018013f248     kernel32:KERNEL32.dll
 0005:00000250       __imp_GetModuleFileNameW   000000018013f250     kernel32:KERNEL32.dll
 0005:00000258       __imp_LoadLibraryExW       000000018013f258     kernel32:KERNEL32.dll
 0005:00000260       __imp_SetLastError         000000018013f260     kernel32:KERNEL32.dll
 0005:00000268       __imp_EnterCriticalSection 000000018013f268     kernel32:KERNEL32.dll
 0005:00000270       __imp_LeaveCriticalSection 000000018013f270     kernel32:KERNEL32.dll
 0005:00000278       __imp_DeleteCriticalSection 000000018013f278     kernel32:KERNEL32.dll
 0005:00000280       __imp_InitializeCriticalSectionAndSpinCount 000000018013f280     kernel32:KERNEL32.dll
 0005:00000288       __imp_TlsAlloc             000000018013f288     kernel32:KERNEL32.dll
 0005:00000290       __imp_TlsGetValue          000000018013f290     kernel32:KERNEL32.dll
 0005:00000298       __imp_TlsSetValue          000000018013f298     kernel32:KERNEL32.dll
 0005:000002a0       __imp_TlsFree              000000018013f2a0     kernel32:KERNEL32.dll
 0005:000002a8       __imp_GetModuleFileNameA   000000018013f2a8     kernel32:KERNEL32.dll
 0005:000002b0       __imp_GetModuleHandleExW   000000018013f2b0     kernel32:KERNEL32.dll
 0005:000002b8       __imp_HeapSize             000000018013f2b8     kernel32:KERNEL32.dll
 0005:000002c0       __imp_HeapValidate         000000018013f2c0     kernel32:KERNEL32.dll
 0005:000002c8       __imp_GetSystemInfo        000000018013f2c8     kernel32:KERNEL32.dll
 0005:000002d0       __imp_ExitProcess          000000018013f2d0     kernel32:KERNEL32.dll
 0005:000002d8       \177KERNEL32_NULL_THUNK_DATA 000000018013f2d8     kernel32:KERNEL32.dll
 0005:000003c0       __imp_?findOverlapHeightField@PxMeshQuery@physx@@SAIAEBVPxGeometry@2@AEBVPxTransform@2@AEBVPxHeightFieldGeometry@2@1PEAIIIAEA_N@Z 000000018013f3c0     PhysX3CommonDEBUG_x64:PhysX3CommonDEBUG_x64.dll
 0005:000003c8       __imp_?findOverlapTriangleMesh@PxMeshQuery@physx@@SAIAEBVPxGeometry@2@AEBVPxTransform@2@AEBVPxTriangleMeshGeometry@2@1PEAIIIAEA_N@Z 000000018013f3c8     PhysX3CommonDEBUG_x64:PhysX3CommonDEBUG_x64.dll
 0005:000003d0       __imp_?getRaycastFuncTable@Gu@physx@@YAAEAY06Q6AIAEBVPxGeometry@2@AEBVPxTransform@2@AEBVPxVec3@2@2MV?$PxFlags@W4Enum@PxHitFlag@physx@@G@2@IPEIAUPxRaycastHit@2@@ZXZ 000000018013f3d0     PhysX3CommonDEBUG_x64:PhysX3CommonDEBUG_x64.dll
 0005:000003d8       __imp_?distanceSegmentSegmentSquared@Gu@physx@@YAMAEBVPxVec3@2@000PEAM1@Z 000000018013f3d8     PhysX3CommonDEBUG_x64:PhysX3CommonDEBUG_x64.dll
 0005:000003e0       __imp_?CompleteBoxPruning@Cm@physx@@YA_NPEBVPxBounds3@2@IAEAV?$Array@IVNamedAllocator@shdfnd@physx@@@shdfnd@2@AEBVAxes@Gu@2@@Z 000000018013f3e0     PhysX3CommonDEBUG_x64:PhysX3CommonDEBUG_x64.dll
 0005:000003e8       __imp_?intersectTriangleBox_Unsafe@Gu@physx@@YAHAEBVPxVec3@2@0000@Z 000000018013f3e8     PhysX3CommonDEBUG_x64:PhysX3CommonDEBUG_x64.dll
 0005:000003f0       __imp_??6RenderOutput@Cm@physx@@QEAAAEAV012@VPxVec3@2@@Z 000000018013f3f0     PhysX3CommonDEBUG_x64:PhysX3CommonDEBUG_x64.dll
 0005:000003f8       __imp_??6RenderOutput@Cm@physx@@QEAAAEAV012@W4Primitive@012@@Z 000000018013f3f8     PhysX3CommonDEBUG_x64:PhysX3CommonDEBUG_x64.dll
 0005:00000400       __imp_?getTriangle@PxMeshQuery@physx@@SAXAEBVPxHeightFieldGeometry@2@AEBVPxTransform@2@IAEAVPxTriangle@2@PEAI3@Z 000000018013f400     PhysX3CommonDEBUG_x64:PhysX3CommonDEBUG_x64.dll
 0005:00000408       __imp_?getTriangle@PxMeshQuery@physx@@SAXAEBVPxTriangleMeshGeometry@2@AEBVPxTransform@2@IAEAVPxTriangle@2@PEAI3@Z 000000018013f408     PhysX3CommonDEBUG_x64:PhysX3CommonDEBUG_x64.dll
 0005:00000410       __imp_?distanceSegmentBoxSquared@Gu@physx@@YAMAEBVPxVec3@2@000AEBVPxMat33@2@PEAMPEAV32@@Z 000000018013f410     PhysX3CommonDEBUG_x64:PhysX3CommonDEBUG_x64.dll
 0005:00000418       __imp_?intersectOBBOBB@Gu@physx@@YA_NAEBVPxVec3@2@0AEBVPxMat33@2@001_N@Z 000000018013f418     PhysX3CommonDEBUG_x64:PhysX3CommonDEBUG_x64.dll
 0005:00000420       __imp_??1Box@Gu@physx@@QEAA@XZ 000000018013f420     PhysX3CommonDEBUG_x64:PhysX3CommonDEBUG_x64.dll
 0005:00000428       __imp_??0Box@Gu@physx@@QEAA@AEBVPxVec3@2@0AEBVPxMat33@2@@Z 000000018013f428     PhysX3CommonDEBUG_x64:PhysX3CommonDEBUG_x64.dll
 0005:00000430       __imp_?computePenetration@PxGeometryQuery@physx@@SA_NAEAVPxVec3@2@AEAMAEBVPxGeometry@2@AEBVPxTransform@2@23@Z 000000018013f430     PhysX3CommonDEBUG_x64:PhysX3CommonDEBUG_x64.dll
 0005:00000438       __imp_?sweep@PxGeometryQuery@physx@@SA_NAEBVPxVec3@2@MAEBVPxGeometry@2@AEBVPxTransform@2@12AEAUPxSweepHit@2@V?$PxFlags@W4Enum@PxHitFlag@physx@@G@2@M@Z 000000018013f438     PhysX3CommonDEBUG_x64:PhysX3CommonDEBUG_x64.dll
 0005:00000440       __imp_?PxTransformFromSegment@physx@@YA?AVPxTransform@1@AEBVPxVec3@1@0PEAM@Z 000000018013f440     PhysX3CommonDEBUG_x64:PhysX3CommonDEBUG_x64.dll
 0005:00000448       __imp_??6Cm@physx@@YAAEAVRenderOutput@01@AEAV201@AEBUDebugBox@01@@Z 000000018013f448     PhysX3CommonDEBUG_x64:PhysX3CommonDEBUG_x64.dll
 0005:00000450       __imp_?outputCapsule@RenderOutput@Cm@physx@@QEAAAEAV123@MMAEBVPxMat44@3@@Z 000000018013f450     PhysX3CommonDEBUG_x64:PhysX3CommonDEBUG_x64.dll
 0005:00000458       __imp_??6RenderOutput@Cm@physx@@QEAAAEAV012@AEBVPxTransform@2@@Z 000000018013f458     PhysX3CommonDEBUG_x64:PhysX3CommonDEBUG_x64.dll
 0005:00000460       __imp_??6RenderOutput@Cm@physx@@QEAAAEAV012@I@Z 000000018013f460     PhysX3CommonDEBUG_x64:PhysX3CommonDEBUG_x64.dll
 0005:00000468       __imp_??0RenderOutput@Cm@physx@@QEAA@AEAVRenderBuffer@12@@Z 000000018013f468     PhysX3CommonDEBUG_x64:PhysX3CommonDEBUG_x64.dll
 0005:00000470       __imp_?sweep@PxMeshQuery@physx@@SA_NAEBVPxVec3@2@MAEBVPxGeometry@2@AEBVPxTransform@2@IPEBVPxTriangle@2@AEAUPxSweepHit@2@V?$PxFlags@W4Enum@PxHitFlag@physx@@G@2@PEBIM_N@Z 000000018013f470     PhysX3CommonDEBUG_x64:PhysX3CommonDEBUG_x64.dll
 0005:00000478       \177PhysX3CommonDEBUG_x64_NULL_THUNK_DATA 000000018013f478     PhysX3CommonDEBUG_x64:PhysX3CommonDEBUG_x64.dll
 0005:000004f0       __imp_?PxDiagonalize@physx@@YA?AVPxVec3@1@AEBVPxMat33@1@AEAVPxQuat@1@@Z 000000018013f4f0     PxFoundationDEBUG_x64:PxFoundationDEBUG_x64.dll
 0005:000004f8       __imp_?PxShortestRotation@physx@@YA?AVPxQuat@1@AEBVPxVec3@1@0@Z 000000018013f4f8     PxFoundationDEBUG_x64:PxFoundationDEBUG_x64.dll
 0005:00000500       __imp_?error@Foundation@shdfnd@physx@@QEAAXW4Enum@PxErrorCode@3@PEBDH1ZZ 000000018013f500     PxFoundationDEBUG_x64:PxFoundationDEBUG_x64.dll
 0005:00000508       __imp_?decRefCount@Foundation@shdfnd@physx@@SAXXZ 000000018013f508     PxFoundationDEBUG_x64:PxFoundationDEBUG_x64.dll
 0005:00000510       __imp_?incRefCount@Foundation@shdfnd@physx@@SAXXZ 000000018013f510     PxFoundationDEBUG_x64:PxFoundationDEBUG_x64.dll
 0005:00000518       __imp_?getInstance@Foundation@shdfnd@physx@@SAAEAV123@XZ 000000018013f518     PxFoundationDEBUG_x64:PxFoundationDEBUG_x64.dll
 0005:00000520       __imp_?getSize@MutexImpl@shdfnd@physx@@SAIXZ 000000018013f520     PxFoundationDEBUG_x64:PxFoundationDEBUG_x64.dll
 0005:00000528       __imp_??1MutexImpl@shdfnd@physx@@QEAA@XZ 000000018013f528     PxFoundationDEBUG_x64:PxFoundationDEBUG_x64.dll
 0005:00000530       __imp_??0MutexImpl@shdfnd@physx@@QEAA@XZ 000000018013f530     PxFoundationDEBUG_x64:PxFoundationDEBUG_x64.dll
 0005:00000538       __imp_PxGetFoundation      000000018013f538     PxFoundationDEBUG_x64:PxFoundationDEBUG_x64.dll
 0005:00000540       __imp_?deallocate@NamedAllocator@shdfnd@physx@@QEAAXPEAX@Z 000000018013f540     PxFoundationDEBUG_x64:PxFoundationDEBUG_x64.dll
 0005:00000548       __imp_?allocate@NamedAllocator@shdfnd@physx@@QEAAPEAX_KPEBDH@Z 000000018013f548     PxFoundationDEBUG_x64:PxFoundationDEBUG_x64.dll
 0005:00000550       __imp_??1NamedAllocator@shdfnd@physx@@QEAA@XZ 000000018013f550     PxFoundationDEBUG_x64:PxFoundationDEBUG_x64.dll
 0005:00000558       __imp_??0NamedAllocator@shdfnd@physx@@QEAA@AEBV012@@Z 000000018013f558     PxFoundationDEBUG_x64:PxFoundationDEBUG_x64.dll
 0005:00000560       __imp_PxGetProfilerCallback 000000018013f560     PxFoundationDEBUG_x64:PxFoundationDEBUG_x64.dll
 0005:00000568       __imp_?unlock@MutexImpl@shdfnd@physx@@QEAAXXZ 000000018013f568     PxFoundationDEBUG_x64:PxFoundationDEBUG_x64.dll
 0005:00000570       __imp_?lock@MutexImpl@shdfnd@physx@@QEAAXXZ 000000018013f570     PxFoundationDEBUG_x64:PxFoundationDEBUG_x64.dll
 0005:00000578       __imp_??0NamedAllocator@shdfnd@physx@@QEAA@PEBD@Z 000000018013f578     PxFoundationDEBUG_x64:PxFoundationDEBUG_x64.dll
 0005:00000580       __imp_?getAllocator@shdfnd@physx@@YAAEAVPxAllocatorCallback@2@XZ 000000018013f580     PxFoundationDEBUG_x64:PxFoundationDEBUG_x64.dll
 0005:00000588       __imp_?PxGetAssertHandler@physx@@YAAEAVPxAssertHandler@1@XZ 000000018013f588     PxFoundationDEBUG_x64:PxFoundationDEBUG_x64.dll
 0005:00000590       \177PxFoundationDEBUG_x64_NULL_THUNK_DATA 000000018013f590     PxFoundationDEBUG_x64:PxFoundationDEBUG_x64.dll
 0005:00000608       __IMPORT_DESCRIPTOR_PxFoundationDEBUG_x64 000000018013f608     PxFoundationDEBUG_x64:PxFoundationDEBUG_x64.dll
 0005:0000061c       __IMPORT_DESCRIPTOR_PhysX3CommonDEBUG_x64 000000018013f61c     PhysX3CommonDEBUG_x64:PhysX3CommonDEBUG_x64.dll
 0005:00000630       __IMPORT_DESCRIPTOR_KERNEL32 000000018013f630     kernel32:KERNEL32.dll
 0005:00000644       __NULL_IMPORT_DESCRIPTOR   000000018013f644     PxFoundationDEBUG_x64:PxFoundationDEBUG_x64.dll
 0006:00000000       __guard_check_icall_fptr   0000000180142000     LIBCMTD:guard_support.obj
 0006:00000010       __guard_dispatch_icall_fptr 0000000180142010     LIBCMTD:guard_support.obj
 0006:00000020       __guard_ss_verify_failure_fptr 0000000180142020     LIBCMTD:guard_support.obj
 0006:00000030       __guard_ss_verify_sp_fptr  0000000180142030     LIBCMTD:guard_support.obj
